[2026-01-29T13:52:49.809+0000] {taskinstance.py:1957} INFO - Dependencies all met for dep_context=non-requeueable deps ti=<TaskInstance: youtube_summary_system.process_videos scheduled__2026-01-01T23:00:00+00:00 [queued]>
[2026-01-29T13:52:49.816+0000] {taskinstance.py:1957} INFO - Dependencies all met for dep_context=requeueable deps ti=<TaskInstance: youtube_summary_system.process_videos scheduled__2026-01-01T23:00:00+00:00 [queued]>
[2026-01-29T13:52:49.816+0000] {taskinstance.py:2171} INFO - Starting attempt 2 of 3
[2026-01-29T13:52:49.828+0000] {taskinstance.py:2192} INFO - Executing <Task(PythonOperator): process_videos> on 2026-01-01 23:00:00+00:00
[2026-01-29T13:52:49.834+0000] {standard_task_runner.py:60} INFO - Started process 562 to run task
[2026-01-29T13:52:49.837+0000] {standard_task_runner.py:87} INFO - Running: ['***', 'tasks', 'run', 'youtube_summary_system', 'process_videos', 'scheduled__2026-01-01T23:00:00+00:00', '--job-id', '5', '--raw', '--subdir', 'DAGS_FOLDER/youtube_summary_dag.py', '--cfg-path', '/tmp/tmp5vef5dxp']
[2026-01-29T13:52:49.840+0000] {standard_task_runner.py:88} INFO - Job 5: Subtask process_videos
[2026-01-29T13:52:49.855+0000] {logging_mixin.py:188} WARNING - /home/***/.local/lib/python3.10/site-packages/***/settings.py:195 DeprecationWarning: The sql_alchemy_conn option in [core] has been moved to the sql_alchemy_conn option in [database] - the old setting has been used, but please update your config.
[2026-01-29T13:52:49.888+0000] {task_command.py:423} INFO - Running <TaskInstance: youtube_summary_system.process_videos scheduled__2026-01-01T23:00:00+00:00 [running]> on host ddeccb43e8b1
[2026-01-29T13:52:49.949+0000] {taskinstance.py:2481} INFO - Exporting env vars: AIRFLOW_CTX_DAG_OWNER='***' AIRFLOW_CTX_DAG_ID='youtube_summary_system' AIRFLOW_CTX_TASK_ID='process_videos' AIRFLOW_CTX_EXECUTION_DATE='2026-01-01T23:00:00+00:00' AIRFLOW_CTX_TRY_NUMBER='2' AIRFLOW_CTX_DAG_RUN_ID='scheduled__2026-01-01T23:00:00+00:00'
[2026-01-29T13:52:50.446+0000] {logging_mixin.py:188} INFO - 
Processing: 【미국 증시 오늘의 요약】테슬라·메타 실적 호조, 마이크로소프트 AI 지출 우려… 엇갈린 빅테크   -  2026/01/28 (LzvLYG6l6h8)
[2026-01-29T13:52:50.446+0000] {taskinstance.py:2699} ERROR - Task failed with exception
Traceback (most recent call last):
  File "/home/airflow/.local/lib/python3.10/site-packages/airflow/models/taskinstance.py", line 428, in _execute_task
    result = execute_callable(context=context, **execute_callable_kwargs)
  File "/home/airflow/.local/lib/python3.10/site-packages/airflow/operators/python.py", line 199, in execute
    return_value = self.execute_callable()
  File "/home/airflow/.local/lib/python3.10/site-packages/airflow/operators/python.py", line 216, in execute_callable
    return self.python_callable(*self.op_args, **self.op_kwargs)
  File "/opt/airflow/dags/youtube_summary_dag.py", line 180, in process_videos
    video = VideoInfo(
TypeError: VideoInfo.__init__() missing 1 required positional argument: 'channel_id'
[2026-01-29T13:52:50.457+0000] {taskinstance.py:1138} INFO - Marking task as UP_FOR_RETRY. dag_id=youtube_summary_system, task_id=process_videos, execution_date=20260101T230000, start_date=20260129T135249, end_date=20260129T135250
[2026-01-29T13:52:50.466+0000] {standard_task_runner.py:107} ERROR - Failed to execute job 5 for task process_videos (VideoInfo.__init__() missing 1 required positional argument: 'channel_id'; 562)
[2026-01-29T13:52:50.491+0000] {local_task_job_runner.py:234} INFO - Task exited with return code 1
[2026-01-29T13:52:50.512+0000] {taskinstance.py:3281} INFO - 0 downstream tasks scheduled from follow-on schedule check
