2026-01-21 23:50:58,308 - channel_monitor - INFO - Resolving handle @kpunch to channel ID...
2026-01-21 23:50:58,324 - channel_monitor - ERROR - yt-dlp not found. Please install it: pip install yt-dlp
2026-01-21 23:50:58,324 - channel_monitor - ERROR - Could not get channel ID for: @kpunch
2026-01-21 23:50:58,324 - channel_monitor - INFO - Found 0 new videos total
2026-01-21 23:51:48,732 - channel_monitor - INFO - Resolving handle @kpunch to channel ID...
2026-01-21 23:51:59,895 - channel_monitor - INFO - Resolved @kpunch to UCOB62fKRT7b73X7tRxMuN2g
2026-01-21 23:52:00,452 - channel_monitor - INFO - Found 3 recent videos for Videos
2026-01-21 23:52:00,452 - channel_monitor - INFO - Found 3 new videos total
2026-01-21 23:52:47,436 - channel_monitor - INFO - Resolving handle @kpunch to channel ID...
2026-01-21 23:52:59,548 - channel_monitor - INFO - Resolved @kpunch to UCOB62fKRT7b73X7tRxMuN2g
2026-01-21 23:52:59,708 - channel_monitor - INFO - Found 3 recent videos for Videos
2026-01-21 23:52:59,708 - channel_monitor - INFO - Found 3 new videos total
2026-01-21 23:53:49,856 - channel_monitor - INFO - Resolving handle @kpunch to channel ID...
2026-01-21 23:54:01,601 - channel_monitor - INFO - Resolved @kpunch to UCOB62fKRT7b73X7tRxMuN2g
2026-01-21 23:54:01,763 - channel_monitor - INFO - Found 3 recent videos for Videos
2026-01-21 23:54:01,763 - channel_monitor - INFO - Found 3 new videos total
2026-01-21 23:55:39,731 - channel_monitor - INFO - Resolving handle @kpunch to channel ID...
2026-01-21 23:55:51,645 - channel_monitor - INFO - Resolved @kpunch to UCOB62fKRT7b73X7tRxMuN2g
2026-01-21 23:55:51,826 - channel_monitor - INFO - Found 3 recent videos for Videos
2026-01-21 23:55:51,826 - channel_monitor - INFO - Found 3 new videos total
2026-01-22 00:05:23,081 - channel_monitor - INFO - Resolving handle @kpunch to channel ID...
2026-01-22 00:05:33,995 - channel_monitor - INFO - Resolved @kpunch to UCOB62fKRT7b73X7tRxMuN2g
2026-01-22 00:05:34,522 - channel_monitor - INFO - Found 3 recent videos for Videos
2026-01-22 00:05:34,522 - channel_monitor - INFO - Found 0 new videos total
2026-01-22 00:09:19,302 - channel_monitor - INFO - Resolving handle @kpunch to channel ID...
2026-01-22 00:09:31,721 - channel_monitor - INFO - Resolved @kpunch to UCOB62fKRT7b73X7tRxMuN2g
2026-01-22 00:09:32,392 - channel_monitor - INFO - Found 3 recent videos for Videos
2026-01-22 00:09:32,392 - channel_monitor - INFO - Found 0 new videos total
2026-01-24 08:19:09,666 - channel_monitor - INFO - Resolving handle @kpunch to channel ID...
2026-01-24 08:19:12,570 - channel_monitor - INFO - Resolved @kpunch to UCOB62fKRT7b73X7tRxMuN2g
2026-01-24 08:19:13,276 - channel_monitor - INFO - Found 3 recent videos for Videos
2026-01-24 08:19:13,276 - channel_monitor - INFO - Found 0 new videos total
2026-01-24 08:38:57,515 - channel_monitor - INFO - Resolving handle @kpunch to channel ID...
2026-01-24 08:39:00,280 - channel_monitor - INFO - Resolved @kpunch to UCOB62fKRT7b73X7tRxMuN2g
2026-01-24 08:39:28,431 - channel_monitor - INFO - Resolving handle @kpunch to channel ID...
2026-01-24 08:39:31,460 - channel_monitor - INFO - Resolved @kpunch to UCOB62fKRT7b73X7tRxMuN2g
2026-01-24 08:39:45,635 - channel_monitor - INFO - Resolving handle @kpunch to channel ID...
2026-01-24 08:39:48,478 - channel_monitor - INFO - Resolved @kpunch to UCOB62fKRT7b73X7tRxMuN2g
2026-01-24 08:41:43,522 - channel_monitor - INFO - Resolving handle @kpunch to channel ID...
2026-01-24 08:41:46,373 - channel_monitor - INFO - Resolved @kpunch to UCOB62fKRT7b73X7tRxMuN2g
2026-01-24 08:51:16,724 - channel_monitor - INFO - Resolving handle @wsaj to channel ID...
2026-01-24 08:51:26,846 - channel_monitor - INFO - Resolved @wsaj to UCpqD9_OJNtF6suPpi6mOQCQ
2026-01-24 08:51:58,308 - channel_monitor - INFO - Resolving handle @wsaj to channel ID...
2026-01-24 08:52:07,138 - channel_monitor - INFO - Resolved @wsaj to UCpqD9_OJNtF6suPpi6mOQCQ
2026-01-24 08:52:16,107 - channel_monitor - INFO - Resolving handle @wsaj to channel ID...
2026-01-24 08:52:25,060 - channel_monitor - INFO - Resolved @wsaj to UCpqD9_OJNtF6suPpi6mOQCQ
2026-01-24 08:54:52,570 - channel_monitor - INFO - Resolving handle @wsaj to channel ID...
2026-01-24 08:55:02,508 - channel_monitor - INFO - Resolved @wsaj to UCpqD9_OJNtF6suPpi6mOQCQ
2026-01-24 08:55:12,519 - channel_monitor - INFO - Resolving handle @wsaj to channel ID...
2026-01-24 08:55:21,248 - channel_monitor - INFO - Resolved @wsaj to UCpqD9_OJNtF6suPpi6mOQCQ
2026-01-24 09:13:11,150 - channel_monitor - INFO - Resolving handle @wsaj to channel ID...
2026-01-24 09:13:20,023 - channel_monitor - INFO - Resolved @wsaj to UCpqD9_OJNtF6suPpi6mOQCQ
2026-01-25 22:31:20,604 - channel_monitor - INFO - Resolving handle @kpunch to channel ID...
2026-01-25 22:31:31,647 - channel_monitor - INFO - Resolved @kpunch to UCOB62fKRT7b73X7tRxMuN2g
2026-01-25 22:31:32,195 - channel_monitor - INFO - Found 3 recent videos for Videos
2026-01-25 22:31:32,195 - channel_monitor - INFO - Resolving handle @wsaj to channel ID...
2026-01-25 22:31:42,492 - channel_monitor - INFO - Resolved @wsaj to UCpqD9_OJNtF6suPpi6mOQCQ
2026-01-25 22:31:43,083 - channel_monitor - INFO - Found 3 recent videos for Videos
2026-01-25 22:31:43,083 - channel_monitor - INFO - Resolving handle @futuresnow to channel ID...
2026-01-25 22:31:46,535 - channel_monitor - INFO - Resolved @futuresnow to UC_JJ_NhRqPKcIOj5Ko3W_3w
2026-01-25 22:31:46,690 - channel_monitor - INFO - Found 4 recent videos for Videos
2026-01-25 22:31:46,690 - channel_monitor - INFO - Resolving handle @sosumonkey to channel ID...
2026-01-25 22:31:50,463 - channel_monitor - INFO - Resolved @sosumonkey to UCC3yfxS5qC6PCwDzetUuEWg
2026-01-25 22:31:51,256 - channel_monitor - INFO - Found 3 recent videos for Videos
2026-01-25 22:31:51,257 - channel_monitor - INFO - Resolving handle @mer_official to channel ID...
2026-01-25 22:31:54,462 - channel_monitor - INFO - Resolved @mer_official to UC_l2qrs1qRv_8Rs8utay-PQ
2026-01-25 22:31:55,003 - channel_monitor - INFO - Found 0 recent videos for Videos
2026-01-25 22:31:55,003 - channel_monitor - INFO - Resolving handle @TV-wr8ex to channel ID...
2026-01-25 22:31:58,262 - channel_monitor - INFO - Resolved @TV-wr8ex to UCge4_EUhf1O-EupOgRAMgPA
2026-01-25 22:31:59,063 - channel_monitor - INFO - Found 0 recent videos for Videos
2026-01-25 22:31:59,063 - channel_monitor - INFO - Resolving handle @supe-tv to channel ID...
2026-01-25 22:32:08,804 - channel_monitor - INFO - Resolved @supe-tv to UCfnqgWlC5IvJEAPTmyjaixA
2026-01-25 22:32:09,566 - channel_monitor - INFO - Found 2 recent videos for Videos
2026-01-25 22:32:09,566 - channel_monitor - INFO - Found 11 new videos total
2026-01-26 22:42:18,314 - channel_monitor - INFO - Resolving handle @kpunch to channel ID...
2026-01-26 22:42:30,987 - channel_monitor - INFO - Resolved @kpunch to UCOB62fKRT7b73X7tRxMuN2g
2026-01-26 22:42:31,570 - channel_monitor - INFO - Found 3 recent videos for Videos
2026-01-26 22:42:31,570 - channel_monitor - INFO - Resolving handle @wsaj to channel ID...
2026-01-26 22:42:41,215 - channel_monitor - INFO - Resolved @wsaj to UCpqD9_OJNtF6suPpi6mOQCQ
2026-01-26 22:42:41,832 - channel_monitor - INFO - Found 4 recent videos for Videos
2026-01-26 22:42:41,832 - channel_monitor - INFO - Resolving handle @futuresnow to channel ID...
2026-01-26 22:42:45,500 - channel_monitor - INFO - Resolved @futuresnow to UC_JJ_NhRqPKcIOj5Ko3W_3w
2026-01-26 22:42:46,131 - channel_monitor - INFO - Found 4 recent videos for Videos
2026-01-26 22:42:46,132 - channel_monitor - INFO - Resolving handle @sosumonkey to channel ID...
2026-01-26 22:42:58,489 - channel_monitor - INFO - Resolved @sosumonkey to UCC3yfxS5qC6PCwDzetUuEWg
2026-01-26 22:42:59,366 - channel_monitor - INFO - Found 3 recent videos for Videos
2026-01-26 22:42:59,367 - channel_monitor - INFO - Resolving handle @mer_official to channel ID...
2026-01-26 22:43:03,047 - channel_monitor - INFO - Resolved @mer_official to UC_l2qrs1qRv_8Rs8utay-PQ
2026-01-26 22:43:03,743 - channel_monitor - INFO - Found 0 recent videos for Videos
2026-01-26 22:43:03,743 - channel_monitor - INFO - Resolving handle @TV-wr8ex to channel ID...
2026-01-26 22:43:06,718 - channel_monitor - INFO - Resolved @TV-wr8ex to UCge4_EUhf1O-EupOgRAMgPA
2026-01-26 22:43:07,340 - channel_monitor - INFO - Found 0 recent videos for Videos
2026-01-26 22:43:07,341 - channel_monitor - INFO - Resolving handle @supe-tv to channel ID...
2026-01-26 22:43:10,578 - channel_monitor - INFO - Resolved @supe-tv to UCfnqgWlC5IvJEAPTmyjaixA
2026-01-26 22:43:11,357 - channel_monitor - INFO - Found 2 recent videos for Videos
2026-01-26 22:43:11,357 - channel_monitor - INFO - Found 3 new videos total
2026-01-27 23:00:02,524 - channel_monitor - INFO - Resolving handle @kpunch to channel ID...
2026-01-27 23:00:14,318 - channel_monitor - INFO - Resolved @kpunch to UCOB62fKRT7b73X7tRxMuN2g
2026-01-27 23:00:14,466 - channel_monitor - INFO - Found 2 recent videos for Videos
2026-01-27 23:00:14,466 - channel_monitor - INFO - Resolving handle @wsaj to channel ID...
2026-01-27 23:00:24,673 - channel_monitor - INFO - Resolved @wsaj to UCpqD9_OJNtF6suPpi6mOQCQ
2026-01-27 23:00:25,257 - channel_monitor - INFO - Found 4 recent videos for Videos
2026-01-27 23:00:25,257 - channel_monitor - INFO - Resolving handle @futuresnow to channel ID...
2026-01-27 23:00:35,679 - channel_monitor - INFO - Resolved @futuresnow to UC_JJ_NhRqPKcIOj5Ko3W_3w
2026-01-27 23:00:36,323 - channel_monitor - INFO - Found 5 recent videos for Videos
2026-01-27 23:00:36,324 - channel_monitor - INFO - Resolving handle @sosumonkey to channel ID...
2026-01-27 23:00:48,458 - channel_monitor - INFO - Resolved @sosumonkey to UCC3yfxS5qC6PCwDzetUuEWg
2026-01-27 23:00:49,148 - channel_monitor - INFO - Found 3 recent videos for Videos
2026-01-27 23:00:49,149 - channel_monitor - INFO - Resolving handle @mer_official to channel ID...
2026-01-27 23:00:52,615 - channel_monitor - INFO - Resolved @mer_official to UC_l2qrs1qRv_8Rs8utay-PQ
2026-01-27 23:00:53,189 - channel_monitor - INFO - Found 0 recent videos for Videos
2026-01-27 23:00:53,190 - channel_monitor - INFO - Resolving handle @TV-wr8ex to channel ID...
2026-01-27 23:00:56,620 - channel_monitor - INFO - Resolved @TV-wr8ex to UCge4_EUhf1O-EupOgRAMgPA
2026-01-27 23:00:57,259 - channel_monitor - INFO - Found 0 recent videos for Videos
2026-01-27 23:00:57,260 - channel_monitor - INFO - Resolving handle @supe-tv to channel ID...
2026-01-27 23:01:07,767 - channel_monitor - INFO - Resolved @supe-tv to UCfnqgWlC5IvJEAPTmyjaixA
2026-01-27 23:01:08,348 - channel_monitor - INFO - Found 2 recent videos for Videos
2026-01-27 23:01:08,349 - channel_monitor - INFO - Found 4 new videos total
2026-01-28 23:00:02,640 - channel_monitor - INFO - Resolving handle @kpunch to channel ID...
2026-01-28 23:00:05,972 - channel_monitor - INFO - Resolved @kpunch to UCOB62fKRT7b73X7tRxMuN2g
2026-01-28 23:00:06,679 - channel_monitor - INFO - Found 2 recent videos for Videos
2026-01-28 23:00:06,679 - channel_monitor - INFO - Resolving handle @wsaj to channel ID...
2026-01-28 23:00:16,613 - channel_monitor - INFO - Resolved @wsaj to UCpqD9_OJNtF6suPpi6mOQCQ
2026-01-28 23:00:17,343 - channel_monitor - INFO - Found 5 recent videos for Videos
2026-01-28 23:00:17,343 - channel_monitor - INFO - Resolving handle @futuresnow to channel ID...
2026-01-28 23:00:27,584 - channel_monitor - INFO - Resolved @futuresnow to UC_JJ_NhRqPKcIOj5Ko3W_3w
2026-01-28 23:00:28,242 - channel_monitor - INFO - Found 5 recent videos for Videos
2026-01-28 23:00:28,242 - channel_monitor - INFO - Resolving handle @sosumonkey to channel ID...
2026-01-28 23:00:38,583 - channel_monitor - INFO - Resolved @sosumonkey to UCC3yfxS5qC6PCwDzetUuEWg
2026-01-28 23:00:39,235 - channel_monitor - INFO - Found 3 recent videos for Videos
2026-01-28 23:00:39,235 - channel_monitor - INFO - Resolving handle @mer_official to channel ID...
2026-01-28 23:00:42,608 - channel_monitor - INFO - Resolved @mer_official to UC_l2qrs1qRv_8Rs8utay-PQ
2026-01-28 23:00:43,149 - channel_monitor - INFO - Found 0 recent videos for Videos
2026-01-28 23:00:43,149 - channel_monitor - INFO - Resolving handle @TV-wr8ex to channel ID...
2026-01-28 23:00:46,541 - channel_monitor - INFO - Resolved @TV-wr8ex to UCge4_EUhf1O-EupOgRAMgPA
2026-01-28 23:00:47,343 - channel_monitor - INFO - Found 0 recent videos for Videos
2026-01-28 23:00:47,343 - channel_monitor - INFO - Resolving handle @supe-tv to channel ID...
2026-01-28 23:00:56,208 - channel_monitor - INFO - Resolved @supe-tv to UCfnqgWlC5IvJEAPTmyjaixA
2026-01-28 23:00:56,401 - channel_monitor - INFO - Resolving handle @kpunch to channel ID...
2026-01-28 23:00:56,826 - channel_monitor - INFO - Found 2 recent videos for Videos
2026-01-28 23:00:56,826 - channel_monitor - INFO - Found 3 new videos total
2026-01-28 23:00:59,739 - channel_monitor - INFO - Resolved @kpunch to UCOB62fKRT7b73X7tRxMuN2g
2026-01-28 23:00:59,897 - channel_monitor - INFO - Found 2 recent videos for Videos
2026-01-28 23:00:59,897 - channel_monitor - INFO - Resolving handle @wsaj to channel ID...
2026-01-28 23:01:09,137 - channel_monitor - INFO - Resolved @wsaj to UCpqD9_OJNtF6suPpi6mOQCQ
2026-01-28 23:01:09,289 - channel_monitor - INFO - Found 5 recent videos for Videos
2026-01-28 23:01:09,289 - channel_monitor - INFO - Resolving handle @futuresnow to channel ID...
2026-01-28 23:01:18,931 - channel_monitor - INFO - Resolved @futuresnow to UC_JJ_NhRqPKcIOj5Ko3W_3w
2026-01-28 23:01:19,085 - channel_monitor - INFO - Found 5 recent videos for Videos
2026-01-28 23:01:19,085 - channel_monitor - INFO - Resolving handle @sosumonkey to channel ID...
2026-01-28 23:01:28,249 - channel_monitor - INFO - Resolved @sosumonkey to UCC3yfxS5qC6PCwDzetUuEWg
2026-01-28 23:01:28,402 - channel_monitor - INFO - Found 3 recent videos for Videos
2026-01-28 23:01:28,402 - channel_monitor - INFO - Resolving handle @mer_official to channel ID...
2026-01-28 23:01:32,338 - channel_monitor - INFO - Resolved @mer_official to UC_l2qrs1qRv_8Rs8utay-PQ
2026-01-28 23:01:32,474 - channel_monitor - INFO - Found 0 recent videos for Videos
2026-01-28 23:01:32,475 - channel_monitor - INFO - Resolving handle @TV-wr8ex to channel ID...
2026-01-28 23:01:35,735 - channel_monitor - INFO - Resolved @TV-wr8ex to UCge4_EUhf1O-EupOgRAMgPA
2026-01-28 23:01:35,891 - channel_monitor - INFO - Found 0 recent videos for Videos
2026-01-28 23:01:35,891 - channel_monitor - INFO - Resolving handle @supe-tv to channel ID...
2026-01-28 23:01:45,843 - channel_monitor - INFO - Resolved @supe-tv to UCfnqgWlC5IvJEAPTmyjaixA
2026-01-28 23:01:45,984 - channel_monitor - INFO - Found 2 recent videos for Videos
2026-01-28 23:01:45,984 - channel_monitor - INFO - Found 3 new videos total
2026-01-29 13:46:46,175 - channel_monitor - INFO - Resolving handle @kpunch to channel ID...
2026-01-29 13:46:49,752 - channel_monitor - INFO - Resolved @kpunch to UCOB62fKRT7b73X7tRxMuN2g
2026-01-29 13:46:50,361 - channel_monitor - INFO - Found 2 recent videos for Videos
2026-01-29 13:46:50,363 - channel_monitor - INFO - Resolving handle @wsaj to channel ID...
2026-01-29 13:47:01,472 - channel_monitor - INFO - Resolved @wsaj to UCpqD9_OJNtF6suPpi6mOQCQ
2026-01-29 13:47:02,144 - channel_monitor - INFO - Found 4 recent videos for Videos
2026-01-29 13:47:02,146 - channel_monitor - INFO - Resolving handle @futuresnow to channel ID...
2026-01-29 13:47:13,484 - channel_monitor - INFO - Resolved @futuresnow to UC_JJ_NhRqPKcIOj5Ko3W_3w
2026-01-29 13:47:14,095 - channel_monitor - INFO - Found 5 recent videos for Videos
2026-01-29 13:47:14,097 - channel_monitor - INFO - Resolving handle @sosumonkey to channel ID...
2026-01-29 13:47:25,428 - channel_monitor - INFO - Resolved @sosumonkey to UCC3yfxS5qC6PCwDzetUuEWg
2026-01-29 13:47:26,254 - channel_monitor - INFO - Found 3 recent videos for Videos
2026-01-29 13:47:26,256 - channel_monitor - INFO - Resolving handle @mer_official to channel ID...
2026-01-29 13:47:37,784 - channel_monitor - INFO - Resolved @mer_official to UC_l2qrs1qRv_8Rs8utay-PQ
2026-01-29 13:47:38,512 - channel_monitor - INFO - Found 0 recent videos for Videos
2026-01-29 13:47:38,514 - channel_monitor - INFO - Resolving handle @TV-wr8ex to channel ID...
2026-01-29 13:47:42,000 - channel_monitor - INFO - Resolved @TV-wr8ex to UCge4_EUhf1O-EupOgRAMgPA
2026-01-29 13:47:42,630 - channel_monitor - INFO - Found 0 recent videos for Videos
2026-01-29 13:47:42,631 - channel_monitor - INFO - Resolving handle @supe-tv to channel ID...
2026-01-29 13:47:47,185 - channel_monitor - INFO - Resolved @supe-tv to UCfnqgWlC5IvJEAPTmyjaixA
2026-01-29 13:47:47,756 - channel_monitor - INFO - Found 2 recent videos for Videos
2026-01-29 13:47:47,758 - channel_monitor - INFO - Found 1 new videos total
2026-01-29 23:00:02,311 - channel_monitor - INFO - Resolving handle @kpunch to channel ID...
2026-01-29 23:00:06,503 - channel_monitor - INFO - Resolved @kpunch to UCOB62fKRT7b73X7tRxMuN2g
2026-01-29 23:00:06,673 - channel_monitor - INFO - Found 2 recent videos for Videos
2026-01-29 23:00:06,673 - channel_monitor - INFO - Resolving handle @wsaj to channel ID...
2026-01-29 23:00:16,413 - channel_monitor - INFO - Resolved @wsaj to UCpqD9_OJNtF6suPpi6mOQCQ
2026-01-29 23:00:16,572 - channel_monitor - INFO - Found 4 recent videos for Videos
2026-01-29 23:00:16,573 - channel_monitor - INFO - Resolving handle @futuresnow to channel ID...
2026-01-29 23:00:26,028 - channel_monitor - INFO - Resolved @futuresnow to UC_JJ_NhRqPKcIOj5Ko3W_3w
2026-01-29 23:00:26,183 - channel_monitor - INFO - Found 5 recent videos for Videos
2026-01-29 23:00:26,183 - channel_monitor - INFO - Resolving handle @sosumonkey to channel ID...
2026-01-29 23:00:36,880 - channel_monitor - INFO - Resolved @sosumonkey to UCC3yfxS5qC6PCwDzetUuEWg
2026-01-29 23:00:37,059 - channel_monitor - INFO - Found 3 recent videos for Videos
2026-01-29 23:00:37,060 - channel_monitor - INFO - Resolving handle @mer_official to channel ID...
2026-01-29 23:00:41,418 - channel_monitor - INFO - Resolved @mer_official to UC_l2qrs1qRv_8Rs8utay-PQ
2026-01-29 23:00:42,081 - channel_monitor - INFO - Found 0 recent videos for Videos
2026-01-29 23:00:42,081 - channel_monitor - INFO - Resolving handle @TV-wr8ex to channel ID...
2026-01-29 23:00:46,436 - channel_monitor - INFO - Resolved @TV-wr8ex to UCge4_EUhf1O-EupOgRAMgPA
2026-01-29 23:00:47,064 - channel_monitor - INFO - Found 0 recent videos for Videos
2026-01-29 23:00:47,064 - channel_monitor - INFO - Resolving handle @supe-tv to channel ID...
2026-01-29 23:00:50,528 - channel_monitor - INFO - Resolved @supe-tv to UCfnqgWlC5IvJEAPTmyjaixA
2026-01-29 23:00:51,290 - channel_monitor - INFO - Found 2 recent videos for Videos
2026-01-29 23:00:51,290 - channel_monitor - INFO - Found 1 new videos total
2026-01-31 23:50:33,721 - channel_monitor - INFO - Resolving handle @kpunch to channel ID...
2026-01-31 23:50:45,135 - channel_monitor - INFO - Resolved @kpunch to UCOB62fKRT7b73X7tRxMuN2g
2026-01-31 23:50:45,733 - channel_monitor - INFO - Found 2 recent videos for Videos
2026-01-31 23:50:45,734 - channel_monitor - INFO - Resolving handle @wsaj to channel ID...
2026-01-31 23:50:55,967 - channel_monitor - INFO - Resolved @wsaj to UCpqD9_OJNtF6suPpi6mOQCQ
2026-01-31 23:50:56,561 - channel_monitor - INFO - Found 4 recent videos for Videos
2026-01-31 23:50:56,561 - channel_monitor - INFO - Resolving handle @futuresnow to channel ID...
2026-01-31 23:51:56,585 - channel_monitor - ERROR - Timeout resolving handle @futuresnow
2026-01-31 23:51:56,586 - channel_monitor - ERROR - Could not get channel ID for: @futuresnow
2026-01-31 23:51:56,586 - channel_monitor - INFO - Resolving handle @sosumonkey to channel ID...
2026-01-31 23:52:56,614 - channel_monitor - ERROR - Timeout resolving handle @sosumonkey
2026-01-31 23:52:56,614 - channel_monitor - ERROR - Could not get channel ID for: @sosumonkey
2026-01-31 23:52:56,614 - channel_monitor - INFO - Resolving handle @mer_official to channel ID...
2026-01-31 23:52:59,712 - channel_monitor - INFO - Resolved @mer_official to UC_l2qrs1qRv_8Rs8utay-PQ
2026-01-31 23:53:00,258 - channel_monitor - INFO - Found 0 recent videos for Videos
2026-01-31 23:53:00,258 - channel_monitor - INFO - Resolving handle @TV-wr8ex to channel ID...
2026-01-31 23:53:03,613 - channel_monitor - INFO - Resolved @TV-wr8ex to UCge4_EUhf1O-EupOgRAMgPA
2026-01-31 23:53:04,271 - channel_monitor - INFO - Found 0 recent videos for Videos
2026-01-31 23:53:04,271 - channel_monitor - INFO - Resolving handle @supe-tv to channel ID...
2026-01-31 23:53:14,918 - channel_monitor - INFO - Resolved @supe-tv to UCfnqgWlC5IvJEAPTmyjaixA
2026-01-31 23:53:15,483 - channel_monitor - INFO - Found 2 recent videos for Videos
2026-01-31 23:53:15,483 - channel_monitor - INFO - Found 3 new videos total
2026-02-01 21:54:18,778 - channel_monitor - INFO - Resolving handle @kpunch to channel ID...
2026-02-01 21:54:30,039 - channel_monitor - INFO - Resolved @kpunch to UCOB62fKRT7b73X7tRxMuN2g
2026-02-01 21:54:30,613 - channel_monitor - INFO - Found 2 recent videos for Videos
2026-02-01 21:54:30,614 - channel_monitor - INFO - Resolving handle @wsaj to channel ID...
2026-02-01 21:54:34,094 - channel_monitor - INFO - Resolved @wsaj to UCpqD9_OJNtF6suPpi6mOQCQ
2026-02-01 21:54:34,691 - channel_monitor - INFO - Found 4 recent videos for Videos
2026-02-01 21:54:34,691 - channel_monitor - INFO - Resolving handle @futuresnow to channel ID...
2026-02-01 21:54:37,891 - channel_monitor - INFO - Resolved @futuresnow to UC_JJ_NhRqPKcIOj5Ko3W_3w
2026-02-01 21:54:38,480 - channel_monitor - INFO - Found 5 recent videos for Videos
2026-02-01 21:54:38,480 - channel_monitor - INFO - Resolving handle @sosumonkey to channel ID...
2026-02-01 21:54:41,991 - channel_monitor - INFO - Resolved @sosumonkey to UCC3yfxS5qC6PCwDzetUuEWg
2026-02-01 21:54:42,898 - channel_monitor - INFO - Found 4 recent videos for Videos
2026-02-01 21:54:42,898 - channel_monitor - INFO - Resolving handle @mer_official to channel ID...
2026-02-01 21:54:46,593 - channel_monitor - INFO - Resolved @mer_official to UC_l2qrs1qRv_8Rs8utay-PQ
2026-02-01 21:54:47,341 - channel_monitor - INFO - Found 0 recent videos for Videos
2026-02-01 21:54:47,341 - channel_monitor - INFO - Resolving handle @TV-wr8ex to channel ID...
2026-02-01 21:54:53,028 - channel_monitor - INFO - Resolved @TV-wr8ex to UCge4_EUhf1O-EupOgRAMgPA
2026-02-01 21:54:53,644 - channel_monitor - INFO - Found 1 recent videos for Videos
2026-02-01 21:54:53,645 - channel_monitor - INFO - Resolving handle @supe-tv to channel ID...
2026-02-01 21:55:03,871 - channel_monitor - INFO - Resolved @supe-tv to UCfnqgWlC5IvJEAPTmyjaixA
2026-02-01 21:55:04,465 - channel_monitor - INFO - Found 2 recent videos for Videos
2026-02-01 21:55:04,465 - channel_monitor - INFO - Found 4 new videos total
2026-02-04 22:44:16,049 - channel_monitor - INFO - Resolving handle @kpunch to channel ID...
2026-02-04 22:44:19,849 - channel_monitor - INFO - Resolved @kpunch to UCOB62fKRT7b73X7tRxMuN2g
2026-02-04 22:44:20,456 - channel_monitor - INFO - Found 1 recent videos for Videos
2026-02-04 22:44:20,456 - channel_monitor - INFO - Resolving handle @wsaj to channel ID...
2026-02-04 22:44:30,304 - channel_monitor - INFO - Resolved @wsaj to UCpqD9_OJNtF6suPpi6mOQCQ
2026-02-04 22:44:31,085 - channel_monitor - INFO - Found 3 recent videos for Videos
2026-02-04 22:44:31,085 - channel_monitor - INFO - Resolving handle @futuresnow to channel ID...
2026-02-04 22:44:43,473 - channel_monitor - INFO - Resolved @futuresnow to UC_JJ_NhRqPKcIOj5Ko3W_3w
2026-02-04 22:44:44,082 - channel_monitor - INFO - Found 5 recent videos for Videos
2026-02-04 22:44:44,083 - channel_monitor - INFO - Resolving handle @sosumonkey to channel ID...
2026-02-04 22:44:56,681 - channel_monitor - INFO - Resolved @sosumonkey to UCC3yfxS5qC6PCwDzetUuEWg
2026-02-04 22:44:57,493 - channel_monitor - INFO - Found 4 recent videos for Videos
2026-02-04 22:44:57,494 - channel_monitor - INFO - Resolving handle @mer_official to channel ID...
2026-02-04 22:45:01,377 - channel_monitor - INFO - Resolved @mer_official to UC_l2qrs1qRv_8Rs8utay-PQ
2026-02-04 22:45:02,094 - channel_monitor - INFO - Found 0 recent videos for Videos
2026-02-04 22:45:02,094 - channel_monitor - INFO - Resolving handle @TV-wr8ex to channel ID...
2026-02-04 22:45:05,671 - channel_monitor - INFO - Resolved @TV-wr8ex to UCge4_EUhf1O-EupOgRAMgPA
2026-02-04 22:45:06,311 - channel_monitor - INFO - Found 1 recent videos for Videos
2026-02-04 22:45:06,311 - channel_monitor - INFO - Resolving handle @supe-tv to channel ID...
2026-02-04 22:45:15,402 - channel_monitor - INFO - Resolved @supe-tv to UCfnqgWlC5IvJEAPTmyjaixA
2026-02-04 22:45:16,057 - channel_monitor - INFO - Found 2 recent videos for Videos
2026-02-04 22:45:16,057 - channel_monitor - INFO - Found 8 new videos total
2026-02-05 22:03:35,043 - channel_monitor - INFO - Resolving handle @kpunch to channel ID...
2026-02-05 22:03:38,491 - channel_monitor - INFO - Resolved @kpunch to UCOB62fKRT7b73X7tRxMuN2g
2026-02-05 22:03:39,097 - channel_monitor - INFO - Found 1 recent videos for Videos
2026-02-05 22:03:39,097 - channel_monitor - INFO - Resolving handle @wsaj to channel ID...
2026-02-05 22:03:49,029 - channel_monitor - INFO - Resolved @wsaj to UCpqD9_OJNtF6suPpi6mOQCQ
2026-02-05 22:03:49,693 - channel_monitor - INFO - Found 3 recent videos for Videos
2026-02-05 22:03:49,693 - channel_monitor - INFO - Resolving handle @futuresnow to channel ID...
2026-02-05 22:04:00,602 - channel_monitor - INFO - Resolved @futuresnow to UC_JJ_NhRqPKcIOj5Ko3W_3w
2026-02-05 22:04:01,191 - channel_monitor - INFO - Found 5 recent videos for Videos
2026-02-05 22:04:01,191 - channel_monitor - INFO - Resolving handle @sosumonkey to channel ID...
2026-02-05 22:04:12,560 - channel_monitor - INFO - Resolved @sosumonkey to UCC3yfxS5qC6PCwDzetUuEWg
2026-02-05 22:04:13,516 - channel_monitor - INFO - Found 4 recent videos for Videos
2026-02-05 22:04:13,516 - channel_monitor - INFO - Resolving handle @mer_official to channel ID...
2026-02-05 22:04:17,268 - channel_monitor - INFO - Resolved @mer_official to UC_l2qrs1qRv_8Rs8utay-PQ
2026-02-05 22:04:17,883 - channel_monitor - INFO - Found 0 recent videos for Videos
2026-02-05 22:04:17,883 - channel_monitor - INFO - Resolving handle @TV-wr8ex to channel ID...
2026-02-05 22:04:21,162 - channel_monitor - INFO - Resolved @TV-wr8ex to UCge4_EUhf1O-EupOgRAMgPA
2026-02-05 22:04:21,811 - channel_monitor - INFO - Found 1 recent videos for Videos
2026-02-05 22:04:21,811 - channel_monitor - INFO - Resolving handle @supe-tv to channel ID...
2026-02-05 22:04:25,181 - channel_monitor - INFO - Resolved @supe-tv to UCfnqgWlC5IvJEAPTmyjaixA
2026-02-05 22:04:25,993 - channel_monitor - INFO - Found 2 recent videos for Videos
2026-02-05 22:04:25,993 - channel_monitor - INFO - Found 1 new videos total
2026-02-06 22:25:51,726 - channel_monitor - INFO - Resolving handle @kpunch to channel ID...
2026-02-06 22:26:03,192 - channel_monitor - INFO - Resolved @kpunch to UCOB62fKRT7b73X7tRxMuN2g
2026-02-06 22:26:03,755 - channel_monitor - INFO - Found 2 recent videos for Videos
2026-02-06 22:26:03,755 - channel_monitor - INFO - Resolving handle @wsaj to channel ID...
2026-02-06 22:26:14,717 - channel_monitor - INFO - Resolved @wsaj to UCpqD9_OJNtF6suPpi6mOQCQ
2026-02-06 22:26:15,516 - channel_monitor - INFO - Found 3 recent videos for Videos
2026-02-06 22:26:15,516 - channel_monitor - INFO - Resolving handle @futuresnow to channel ID...
2026-02-06 22:26:26,534 - channel_monitor - INFO - Resolved @futuresnow to UC_JJ_NhRqPKcIOj5Ko3W_3w
2026-02-06 22:26:27,317 - channel_monitor - INFO - Found 5 recent videos for Videos
2026-02-06 22:26:27,317 - channel_monitor - INFO - Resolving handle @sosumonkey to channel ID...
2026-02-06 22:26:31,722 - channel_monitor - INFO - Resolved @sosumonkey to UCC3yfxS5qC6PCwDzetUuEWg
2026-02-06 22:26:32,486 - channel_monitor - INFO - Found 3 recent videos for Videos
2026-02-06 22:26:32,486 - channel_monitor - INFO - Resolving handle @mer_official to channel ID...
2026-02-06 22:26:36,489 - channel_monitor - INFO - Resolved @mer_official to UC_l2qrs1qRv_8Rs8utay-PQ
2026-02-06 22:26:37,213 - channel_monitor - INFO - Found 0 recent videos for Videos
2026-02-06 22:26:37,213 - channel_monitor - INFO - Resolving handle @TV-wr8ex to channel ID...
2026-02-06 22:26:40,845 - channel_monitor - INFO - Resolved @TV-wr8ex to UCge4_EUhf1O-EupOgRAMgPA
2026-02-06 22:26:41,632 - channel_monitor - INFO - Found 1 recent videos for Videos
2026-02-06 22:26:41,632 - channel_monitor - INFO - Resolving handle @supe-tv to channel ID...
2026-02-06 22:26:45,427 - channel_monitor - INFO - Resolved @supe-tv to UCfnqgWlC5IvJEAPTmyjaixA
2026-02-06 22:26:46,117 - channel_monitor - INFO - Found 2 recent videos for Videos
2026-02-06 22:26:46,274 - channel_monitor - INFO - Found 5 recent videos for Videos
2026-02-06 22:26:46,275 - channel_monitor - INFO - Resolving handle @MK_Invest to channel ID...
2026-02-06 22:26:58,469 - channel_monitor - INFO - Resolved @MK_Invest to UCIipmgxpUxDmPP-ma3Ahvbw
2026-02-06 22:26:59,452 - channel_monitor - INFO - Found 12 recent videos for Videos
2026-02-06 22:26:59,452 - channel_monitor - INFO - Found 16 new videos total
2026-02-10 22:00:15,176 - channel_monitor - INFO - Resolving handle @kpunch to channel ID...
2026-02-10 22:00:19,019 - channel_monitor - INFO - Resolved @kpunch to UCOB62fKRT7b73X7tRxMuN2g
2026-02-10 22:00:19,599 - channel_monitor - INFO - Found 1 recent videos for Videos
2026-02-10 22:00:19,599 - channel_monitor - INFO - Resolving handle @wsaj to channel ID...
2026-02-10 22:00:29,298 - channel_monitor - INFO - Resolved @wsaj to UCpqD9_OJNtF6suPpi6mOQCQ
2026-02-10 22:00:30,098 - channel_monitor - INFO - Found 3 recent videos for Videos
2026-02-10 22:00:30,098 - channel_monitor - INFO - Resolving handle @futuresnow to channel ID...
2026-02-10 22:00:39,457 - channel_monitor - INFO - Resolved @futuresnow to UC_JJ_NhRqPKcIOj5Ko3W_3w
2026-02-10 22:00:40,049 - channel_monitor - INFO - Found 5 recent videos for Videos
2026-02-10 22:00:40,049 - channel_monitor - INFO - Resolving handle @sosumonkey to channel ID...
2026-02-10 22:00:50,972 - channel_monitor - INFO - Resolved @sosumonkey to UCC3yfxS5qC6PCwDzetUuEWg
2026-02-10 22:00:51,954 - channel_monitor - INFO - Found 3 recent videos for Videos
2026-02-10 22:00:51,955 - channel_monitor - INFO - Resolving handle @mer_official to channel ID...
2026-02-10 22:00:56,653 - channel_monitor - INFO - Resolved @mer_official to UC_l2qrs1qRv_8Rs8utay-PQ
2026-02-10 22:00:57,541 - channel_monitor - INFO - Found 0 recent videos for Videos
2026-02-10 22:00:57,541 - channel_monitor - INFO - Resolving handle @TV-wr8ex to channel ID...
2026-02-10 22:01:01,582 - channel_monitor - INFO - Resolved @TV-wr8ex to UCge4_EUhf1O-EupOgRAMgPA
2026-02-10 22:01:02,473 - channel_monitor - INFO - Found 1 recent videos for Videos
2026-02-10 22:01:02,473 - channel_monitor - INFO - Resolving handle @supe-tv to channel ID...
2026-02-10 22:01:12,745 - channel_monitor - INFO - Resolved @supe-tv to UCfnqgWlC5IvJEAPTmyjaixA
2026-02-10 22:01:13,658 - channel_monitor - INFO - Found 2 recent videos for Videos
2026-02-10 22:01:13,816 - channel_monitor - INFO - Found 5 recent videos for Videos
2026-02-10 22:01:13,816 - channel_monitor - INFO - Resolving handle @MK_Invest to channel ID...
2026-02-10 22:01:27,821 - channel_monitor - INFO - Resolved @MK_Invest to UCIipmgxpUxDmPP-ma3Ahvbw
2026-02-10 22:01:28,801 - channel_monitor - INFO - Found 10 recent videos for Videos
2026-02-10 22:01:28,801 - channel_monitor - INFO - Found 15 new videos total
2026-02-15 09:22:42,973 - channel_monitor - INFO - Resolving handle @kpunch to channel ID...
2026-02-15 09:22:46,177 - channel_monitor - INFO - Resolved @kpunch to UCOB62fKRT7b73X7tRxMuN2g
2026-02-15 09:22:46,752 - channel_monitor - INFO - Found 0 recent videos for Videos
2026-02-15 09:22:46,752 - channel_monitor - INFO - Resolving handle @wsaj to channel ID...
2026-02-15 09:22:56,758 - channel_monitor - INFO - Resolved @wsaj to UCpqD9_OJNtF6suPpi6mOQCQ
2026-02-15 09:22:57,303 - channel_monitor - INFO - Found 3 recent videos for Videos
2026-02-15 09:22:57,304 - channel_monitor - INFO - Resolving handle @futuresnow to channel ID...
2026-02-15 09:23:05,938 - channel_monitor - INFO - Resolved @futuresnow to UC_JJ_NhRqPKcIOj5Ko3W_3w
2026-02-15 09:23:06,546 - channel_monitor - INFO - Found 5 recent videos for Videos
2026-02-15 09:23:06,546 - channel_monitor - INFO - Resolving handle @sosumonkey to channel ID...
2026-02-15 09:23:09,632 - channel_monitor - INFO - Resolved @sosumonkey to UCC3yfxS5qC6PCwDzetUuEWg
2026-02-15 09:23:10,242 - channel_monitor - INFO - Found 2 recent videos for Videos
2026-02-15 09:23:10,243 - channel_monitor - INFO - Resolving handle @mer_official to channel ID...
2026-02-15 09:23:13,274 - channel_monitor - INFO - Resolved @mer_official to UC_l2qrs1qRv_8Rs8utay-PQ
2026-02-15 09:23:14,011 - channel_monitor - INFO - Found 0 recent videos for Videos
2026-02-15 09:23:14,012 - channel_monitor - INFO - Resolving handle @TV-wr8ex to channel ID...
2026-02-15 09:23:16,735 - channel_monitor - INFO - Resolved @TV-wr8ex to UCge4_EUhf1O-EupOgRAMgPA
2026-02-15 09:23:17,473 - channel_monitor - INFO - Found 2 recent videos for Videos
2026-02-15 09:23:17,473 - channel_monitor - INFO - Resolving handle @supe-tv to channel ID...
2026-02-15 09:24:17,488 - channel_monitor - ERROR - Timeout resolving handle @supe-tv
2026-02-15 09:24:17,488 - channel_monitor - ERROR - Could not get channel ID for: @supe-tv
2026-02-15 09:24:18,145 - channel_monitor - INFO - Found 5 recent videos for Videos
2026-02-15 09:24:18,145 - channel_monitor - INFO - Resolving handle @MK_Invest to channel ID...
2026-02-15 09:24:29,311 - channel_monitor - INFO - Resolved @MK_Invest to UCIipmgxpUxDmPP-ma3Ahvbw
2026-02-15 09:24:30,024 - channel_monitor - INFO - Found 11 recent videos for Videos
2026-02-15 09:24:30,024 - channel_monitor - INFO - Found 24 new videos total
2026-02-18 23:22:12,725 - channel_monitor - INFO - Resolving handle @kpunch to channel ID...
2026-02-18 23:22:24,609 - channel_monitor - INFO - Resolved @kpunch to UCOB62fKRT7b73X7tRxMuN2g
2026-02-18 23:22:25,178 - channel_monitor - INFO - Found 2 recent videos for Videos
2026-02-18 23:22:25,178 - channel_monitor - INFO - Resolving handle @wsaj to channel ID...
2026-02-18 23:22:34,298 - channel_monitor - INFO - Resolved @wsaj to UCpqD9_OJNtF6suPpi6mOQCQ
2026-02-18 23:22:34,997 - channel_monitor - INFO - Found 3 recent videos for Videos
2026-02-18 23:22:34,997 - channel_monitor - INFO - Resolving handle @futuresnow to channel ID...
2026-02-18 23:22:44,235 - channel_monitor - INFO - Resolved @futuresnow to UC_JJ_NhRqPKcIOj5Ko3W_3w
2026-02-18 23:22:44,895 - channel_monitor - INFO - Found 4 recent videos for Videos
2026-02-18 23:22:44,895 - channel_monitor - INFO - Resolving handle @sosumonkey to channel ID...
2026-02-18 23:22:56,070 - channel_monitor - INFO - Resolved @sosumonkey to UCC3yfxS5qC6PCwDzetUuEWg
2026-02-18 23:22:56,686 - channel_monitor - INFO - Found 2 recent videos for Videos
2026-02-18 23:22:56,686 - channel_monitor - INFO - Resolving handle @mer_official to channel ID...
2026-02-18 23:23:00,214 - channel_monitor - INFO - Resolved @mer_official to UC_l2qrs1qRv_8Rs8utay-PQ
2026-02-18 23:23:00,770 - channel_monitor - INFO - Found 0 recent videos for Videos
2026-02-18 23:23:00,770 - channel_monitor - INFO - Resolving handle @TV-wr8ex to channel ID...
2026-02-18 23:23:04,180 - channel_monitor - INFO - Resolved @TV-wr8ex to UCge4_EUhf1O-EupOgRAMgPA
2026-02-18 23:23:04,936 - channel_monitor - INFO - Found 2 recent videos for Videos
2026-02-18 23:23:04,936 - channel_monitor - INFO - Resolving handle @supe-tv to channel ID...
2026-02-18 23:23:53,111 - channel_monitor - INFO - Resolved @supe-tv to UCfnqgWlC5IvJEAPTmyjaixA
2026-02-18 23:23:53,740 - channel_monitor - INFO - Found 2 recent videos for Videos
2026-02-18 23:23:53,898 - channel_monitor - INFO - Found 4 recent videos for Videos
2026-02-18 23:23:53,899 - channel_monitor - INFO - Resolving handle @MK_Invest to channel ID...
2026-02-18 23:24:06,645 - channel_monitor - INFO - Resolved @MK_Invest to UCIipmgxpUxDmPP-ma3Ahvbw
2026-02-18 23:24:07,445 - channel_monitor - INFO - Found 13 recent videos for Videos
2026-02-18 23:24:07,446 - channel_monitor - INFO - Resolving handle @videomug0 to channel ID...
2026-02-18 23:24:18,500 - channel_monitor - INFO - Resolved @videomug0 to UCMEbRpvuwTbXxGiyDb1mT8w
2026-02-18 23:24:20,659 - channel_monitor - INFO - Found 7 recent videos for Videos
2026-02-18 23:24:20,660 - channel_monitor - INFO - Found 25 new videos total
2026-02-21 10:20:03,465 - channel_monitor - INFO - Resolving handle @kpunch to channel ID...
2026-02-21 10:21:03,484 - channel_monitor - ERROR - Timeout resolving handle @kpunch
2026-02-21 10:21:03,485 - channel_monitor - ERROR - Could not get channel ID for: @kpunch
2026-02-21 10:21:03,485 - channel_monitor - INFO - Resolving handle @wsaj to channel ID...
2026-02-21 10:21:12,265 - channel_monitor - INFO - Resolved @wsaj to UCpqD9_OJNtF6suPpi6mOQCQ
2026-02-21 10:21:12,853 - channel_monitor - INFO - Found 3 recent videos for Videos
2026-02-21 10:21:12,853 - channel_monitor - INFO - Resolving handle @futuresnow to channel ID...
2026-02-21 10:21:22,592 - channel_monitor - INFO - Resolved @futuresnow to UC_JJ_NhRqPKcIOj5Ko3W_3w
2026-02-21 10:21:23,200 - channel_monitor - INFO - Found 4 recent videos for Videos
2026-02-21 10:21:23,200 - channel_monitor - INFO - Resolving handle @sosumonkey to channel ID...
2026-02-21 10:21:26,162 - channel_monitor - INFO - Resolved @sosumonkey to UCC3yfxS5qC6PCwDzetUuEWg
2026-02-21 10:21:26,761 - channel_monitor - INFO - Found 2 recent videos for Videos
2026-02-21 10:21:26,761 - channel_monitor - INFO - Resolving handle @mer_official to channel ID...
2026-02-21 10:21:29,759 - channel_monitor - INFO - Resolved @mer_official to UC_l2qrs1qRv_8Rs8utay-PQ
2026-02-21 10:21:30,292 - channel_monitor - INFO - Found 0 recent videos for Videos
2026-02-21 10:21:30,293 - channel_monitor - INFO - Resolving handle @TV-wr8ex to channel ID...
2026-02-21 10:21:33,009 - channel_monitor - INFO - Resolved @TV-wr8ex to UCge4_EUhf1O-EupOgRAMgPA
2026-02-21 10:21:33,660 - channel_monitor - INFO - Found 1 recent videos for Videos
2026-02-21 10:21:33,661 - channel_monitor - INFO - Resolving handle @supe-tv to channel ID...
2026-02-21 10:21:36,429 - channel_monitor - INFO - Resolved @supe-tv to UCfnqgWlC5IvJEAPTmyjaixA
2026-02-21 10:21:37,032 - channel_monitor - INFO - Found 2 recent videos for Videos
2026-02-21 10:21:37,183 - channel_monitor - INFO - Found 4 recent videos for Videos
2026-02-21 10:21:37,184 - channel_monitor - INFO - Resolving handle @MK_Invest to channel ID...
2026-02-21 10:21:49,401 - channel_monitor - INFO - Resolved @MK_Invest to UCIipmgxpUxDmPP-ma3Ahvbw
2026-02-21 10:21:50,121 - channel_monitor - INFO - Found 15 recent videos for Videos
2026-02-21 10:21:50,121 - channel_monitor - INFO - Resolving handle @videomug0 to channel ID...
2026-02-21 10:22:00,501 - channel_monitor - INFO - Resolved @videomug0 to UCMEbRpvuwTbXxGiyDb1mT8w
2026-02-21 10:22:01,652 - channel_monitor - INFO - Found 5 recent videos for Videos
2026-02-21 10:22:01,652 - channel_monitor - INFO - Found 14 new videos total
2026-02-21 10:38:04,235 - channel_monitor - INFO - Resolving handle @kpunch to channel ID...
2026-02-21 10:39:04,258 - channel_monitor - ERROR - Timeout resolving handle @kpunch
2026-02-21 10:39:04,258 - channel_monitor - ERROR - Could not get channel ID for: @kpunch
2026-02-21 10:39:04,258 - channel_monitor - INFO - Resolving handle @wsaj to channel ID...
2026-02-21 10:39:13,246 - channel_monitor - INFO - Resolved @wsaj to UCpqD9_OJNtF6suPpi6mOQCQ
2026-02-21 10:39:13,873 - channel_monitor - INFO - Found 3 recent videos for Videos
2026-02-21 10:39:13,873 - channel_monitor - INFO - Resolving handle @futuresnow to channel ID...
2026-02-21 10:39:23,154 - channel_monitor - INFO - Resolved @futuresnow to UC_JJ_NhRqPKcIOj5Ko3W_3w
2026-02-21 10:39:23,949 - channel_monitor - INFO - Found 4 recent videos for Videos
2026-02-21 10:39:23,949 - channel_monitor - INFO - Resolving handle @sosumonkey to channel ID...
2026-02-21 10:39:27,120 - channel_monitor - INFO - Resolved @sosumonkey to UCC3yfxS5qC6PCwDzetUuEWg
2026-02-21 10:39:27,740 - channel_monitor - INFO - Found 2 recent videos for Videos
2026-02-21 10:39:27,740 - channel_monitor - INFO - Resolving handle @mer_official to channel ID...
2026-02-21 10:39:30,943 - channel_monitor - INFO - Resolved @mer_official to UC_l2qrs1qRv_8Rs8utay-PQ
2026-02-21 10:39:31,492 - channel_monitor - INFO - Found 0 recent videos for Videos
2026-02-21 10:39:31,492 - channel_monitor - INFO - Resolving handle @TV-wr8ex to channel ID...
2026-02-21 10:39:34,416 - channel_monitor - INFO - Resolved @TV-wr8ex to UCge4_EUhf1O-EupOgRAMgPA
2026-02-21 10:39:35,242 - channel_monitor - INFO - Found 1 recent videos for Videos
2026-02-21 10:39:35,242 - channel_monitor - INFO - Resolving handle @supe-tv to channel ID...
2026-02-21 10:39:38,062 - channel_monitor - INFO - Resolved @supe-tv to UCfnqgWlC5IvJEAPTmyjaixA
2026-02-21 10:39:38,718 - channel_monitor - INFO - Found 2 recent videos for Videos
2026-02-21 10:39:38,873 - channel_monitor - INFO - Found 4 recent videos for Videos
2026-02-21 10:39:38,873 - channel_monitor - INFO - Resolving handle @MK_Invest to channel ID...
2026-02-21 10:39:49,655 - channel_monitor - INFO - Resolved @MK_Invest to UCIipmgxpUxDmPP-ma3Ahvbw
2026-02-21 10:39:50,426 - channel_monitor - INFO - Found 15 recent videos for Videos
2026-02-21 10:39:50,426 - channel_monitor - INFO - Resolving handle @videomug0 to channel ID...
2026-02-21 10:40:00,842 - channel_monitor - INFO - Resolved @videomug0 to UCMEbRpvuwTbXxGiyDb1mT8w
2026-02-21 10:40:01,956 - channel_monitor - INFO - Found 5 recent videos for Videos
2026-02-21 10:40:01,956 - channel_monitor - INFO - Found 14 new videos total
2026-02-24 20:47:18,099 - channel_monitor - INFO - Resolving handle @kpunch to channel ID...
2026-02-24 20:47:30,672 - channel_monitor - INFO - Resolved @kpunch to UCOB62fKRT7b73X7tRxMuN2g
2026-02-24 20:47:31,256 - channel_monitor - INFO - Found 4 recent videos for Videos
2026-02-24 20:47:31,256 - channel_monitor - INFO - Resolving handle @wsaj to channel ID...
2026-02-24 20:47:41,357 - channel_monitor - INFO - Resolved @wsaj to UCpqD9_OJNtF6suPpi6mOQCQ
2026-02-24 20:47:42,086 - channel_monitor - INFO - Found 3 recent videos for Videos
2026-02-24 20:47:42,086 - channel_monitor - INFO - Resolving handle @futuresnow to channel ID...
2026-02-24 20:47:51,111 - channel_monitor - INFO - Resolved @futuresnow to UC_JJ_NhRqPKcIOj5Ko3W_3w
2026-02-24 20:47:51,786 - channel_monitor - INFO - Found 5 recent videos for Videos
2026-02-24 20:47:51,786 - channel_monitor - INFO - Resolving handle @sosumonkey to channel ID...
2026-02-24 20:48:02,919 - channel_monitor - INFO - Resolved @sosumonkey to UCC3yfxS5qC6PCwDzetUuEWg
2026-02-24 20:48:03,799 - channel_monitor - INFO - Found 1 recent videos for Videos
2026-02-24 20:48:03,799 - channel_monitor - INFO - Resolving handle @mer_official to channel ID...
2026-02-24 20:48:07,083 - channel_monitor - INFO - Resolved @mer_official to UC_l2qrs1qRv_8Rs8utay-PQ
2026-02-24 20:48:07,797 - channel_monitor - INFO - Found 0 recent videos for Videos
2026-02-24 20:48:07,798 - channel_monitor - INFO - Resolving handle @TV-wr8ex to channel ID...
2026-02-24 20:48:13,662 - channel_monitor - INFO - Resolved @TV-wr8ex to UCge4_EUhf1O-EupOgRAMgPA
2026-02-24 20:48:14,281 - channel_monitor - INFO - Found 1 recent videos for Videos
2026-02-24 20:48:14,281 - channel_monitor - INFO - Resolving handle @supe-tv to channel ID...
2026-02-24 20:48:23,468 - channel_monitor - INFO - Resolved @supe-tv to UCfnqgWlC5IvJEAPTmyjaixA
2026-02-24 20:48:24,142 - channel_monitor - INFO - Found 3 recent videos for Videos
2026-02-24 20:48:24,282 - channel_monitor - INFO - Found 5 recent videos for Videos
2026-02-24 20:48:24,283 - channel_monitor - INFO - Resolving handle @MK_Invest to channel ID...
2026-02-24 20:48:31,138 - channel_monitor - INFO - Resolved @MK_Invest to UCIipmgxpUxDmPP-ma3Ahvbw
2026-02-24 20:48:32,007 - channel_monitor - INFO - Found 13 recent videos for Videos
2026-02-24 20:48:32,007 - channel_monitor - INFO - Resolving handle @videomug0 to channel ID...
2026-02-24 20:48:44,813 - channel_monitor - INFO - Resolved @videomug0 to UCMEbRpvuwTbXxGiyDb1mT8w
2026-02-24 20:48:45,813 - channel_monitor - INFO - Found 4 recent videos for Videos
2026-02-24 20:48:45,813 - channel_monitor - INFO - Found 20 new videos total
2026-03-01 19:01:18,687 - channel_monitor - INFO - Resolving handle @kpunch to channel ID...
2026-03-01 19:01:32,563 - channel_monitor - INFO - Resolved @kpunch to UCOB62fKRT7b73X7tRxMuN2g
2026-03-01 19:01:33,148 - channel_monitor - INFO - Found 2 recent videos for Videos
2026-03-01 19:01:33,148 - channel_monitor - INFO - Resolving handle @wsaj to channel ID...
2026-03-01 19:01:39,816 - channel_monitor - INFO - Resolved @wsaj to UCpqD9_OJNtF6suPpi6mOQCQ
2026-03-01 19:01:40,474 - channel_monitor - INFO - Found 1 recent videos for Videos
2026-03-01 19:01:40,474 - channel_monitor - INFO - Resolving handle @futuresnow to channel ID...
2026-03-01 19:01:51,742 - channel_monitor - INFO - Resolved @futuresnow to UC_JJ_NhRqPKcIOj5Ko3W_3w
2026-03-01 19:01:52,386 - channel_monitor - INFO - Found 5 recent videos for Videos
2026-03-01 19:01:52,386 - channel_monitor - INFO - Resolving handle @sosumonkey to channel ID...
2026-03-01 19:01:56,829 - channel_monitor - INFO - Resolved @sosumonkey to UCC3yfxS5qC6PCwDzetUuEWg
2026-03-01 19:01:57,480 - channel_monitor - INFO - Found 2 recent videos for Videos
2026-03-01 19:01:57,480 - channel_monitor - INFO - Resolving handle @mer_official to channel ID...
2026-03-01 19:02:01,591 - channel_monitor - INFO - Resolved @mer_official to UC_l2qrs1qRv_8Rs8utay-PQ
2026-03-01 19:02:02,133 - channel_monitor - INFO - Found 0 recent videos for Videos
2026-03-01 19:02:02,133 - channel_monitor - INFO - Resolving handle @TV-wr8ex to channel ID...
2026-03-01 19:02:06,277 - channel_monitor - INFO - Resolved @TV-wr8ex to UCge4_EUhf1O-EupOgRAMgPA
2026-03-01 19:02:06,912 - channel_monitor - INFO - Found 0 recent videos for Videos
2026-03-01 19:02:06,913 - channel_monitor - INFO - Resolving handle @supe-tv to channel ID...
2026-03-01 19:02:17,905 - channel_monitor - INFO - Resolved @supe-tv to UCfnqgWlC5IvJEAPTmyjaixA
2026-03-01 19:02:18,552 - channel_monitor - INFO - Found 2 recent videos for Videos
2026-03-01 19:02:18,731 - channel_monitor - INFO - Found 5 recent videos for Videos
2026-03-01 19:02:18,731 - channel_monitor - INFO - Resolving handle @MK_Invest to channel ID...
2026-03-01 19:02:31,231 - channel_monitor - INFO - Resolved @MK_Invest to UCIipmgxpUxDmPP-ma3Ahvbw
2026-03-01 19:02:32,040 - channel_monitor - INFO - Found 13 recent videos for Videos
2026-03-01 19:02:32,040 - channel_monitor - INFO - Resolving handle @videomug0 to channel ID...
2026-03-01 19:02:36,547 - channel_monitor - INFO - Resolved @videomug0 to UCMEbRpvuwTbXxGiyDb1mT8w
2026-03-01 19:02:37,747 - channel_monitor - INFO - Found 3 recent videos for Videos
2026-03-01 19:02:37,747 - channel_monitor - INFO - Found 24 new videos total
2026-03-04 21:45:24,379 - channel_monitor - INFO - Resolving handle @kpunch to channel ID...
2026-03-04 21:45:36,278 - channel_monitor - INFO - Resolved @kpunch to UCOB62fKRT7b73X7tRxMuN2g
2026-03-04 21:45:36,821 - channel_monitor - INFO - Found 2 recent videos for Videos
2026-03-04 21:45:36,821 - channel_monitor - INFO - Resolving handle @wsaj to channel ID...
2026-03-04 21:45:40,685 - channel_monitor - INFO - Resolved @wsaj to UCpqD9_OJNtF6suPpi6mOQCQ
2026-03-04 21:45:41,310 - channel_monitor - INFO - Found 0 recent videos for Videos
2026-03-04 21:45:41,311 - channel_monitor - INFO - Resolving handle @futuresnow to channel ID...
2026-03-04 21:45:51,535 - channel_monitor - INFO - Resolved @futuresnow to UC_JJ_NhRqPKcIOj5Ko3W_3w
2026-03-04 21:45:52,138 - channel_monitor - INFO - Found 5 recent videos for Videos
2026-03-04 21:45:52,138 - channel_monitor - INFO - Resolving handle @sosumonkey to channel ID...
2026-03-04 21:46:52,165 - channel_monitor - ERROR - Timeout resolving handle @sosumonkey
2026-03-04 21:46:52,165 - channel_monitor - ERROR - Could not get channel ID for: @sosumonkey
2026-03-04 21:46:52,165 - channel_monitor - INFO - Resolving handle @mer_official to channel ID...
2026-03-04 21:46:55,582 - channel_monitor - INFO - Resolved @mer_official to UC_l2qrs1qRv_8Rs8utay-PQ
2026-03-04 21:46:56,102 - channel_monitor - INFO - Found 0 recent videos for Videos
2026-03-04 21:46:56,103 - channel_monitor - INFO - Resolving handle @TV-wr8ex to channel ID...
2026-03-04 21:46:59,556 - channel_monitor - INFO - Resolved @TV-wr8ex to UCge4_EUhf1O-EupOgRAMgPA
2026-03-04 21:47:00,321 - channel_monitor - INFO - Found 1 recent videos for Videos
2026-03-04 21:47:00,321 - channel_monitor - INFO - Resolving handle @supe-tv to channel ID...
2026-03-04 21:47:10,976 - channel_monitor - INFO - Resolved @supe-tv to UCfnqgWlC5IvJEAPTmyjaixA
2026-03-04 21:47:11,823 - channel_monitor - INFO - Found 2 recent videos for Videos
2026-03-04 21:47:11,966 - channel_monitor - INFO - Found 5 recent videos for Videos
2026-03-04 21:47:11,966 - channel_monitor - INFO - Resolving handle @MK_Invest to channel ID...
2026-03-04 21:47:25,393 - channel_monitor - INFO - Resolved @MK_Invest to UCIipmgxpUxDmPP-ma3Ahvbw
2026-03-04 21:47:26,258 - channel_monitor - INFO - Found 13 recent videos for Videos
2026-03-04 21:47:26,259 - channel_monitor - INFO - Resolving handle @videomug0 to channel ID...
2026-03-04 21:47:36,809 - channel_monitor - INFO - Resolved @videomug0 to UCMEbRpvuwTbXxGiyDb1mT8w
2026-03-04 21:47:38,464 - channel_monitor - INFO - Found 3 recent videos for Videos
2026-03-04 21:47:38,465 - channel_monitor - INFO - Found 20 new videos total
2026-03-05 22:54:08,621 - channel_monitor - INFO - Resolving handle @kpunch to channel ID...
2026-03-05 22:54:20,202 - channel_monitor - INFO - Resolved @kpunch to UCOB62fKRT7b73X7tRxMuN2g
2026-03-05 22:54:20,843 - channel_monitor - INFO - Found 2 recent videos for Videos
2026-03-05 22:54:20,843 - channel_monitor - INFO - Resolving handle @wsaj to channel ID...
2026-03-05 22:54:24,370 - channel_monitor - INFO - Resolved @wsaj to UCpqD9_OJNtF6suPpi6mOQCQ
2026-03-05 22:54:24,985 - channel_monitor - INFO - Found 0 recent videos for Videos
2026-03-05 22:54:24,986 - channel_monitor - INFO - Resolving handle @futuresnow to channel ID...
2026-03-05 22:54:34,376 - channel_monitor - INFO - Resolved @futuresnow to UC_JJ_NhRqPKcIOj5Ko3W_3w
2026-03-05 22:54:35,168 - channel_monitor - INFO - Found 5 recent videos for Videos
2026-03-05 22:54:35,169 - channel_monitor - INFO - Resolving handle @sosumonkey to channel ID...
2026-03-05 22:54:46,269 - channel_monitor - INFO - Resolved @sosumonkey to UCC3yfxS5qC6PCwDzetUuEWg
2026-03-05 22:54:47,174 - channel_monitor - INFO - Found 3 recent videos for Videos
2026-03-05 22:54:47,174 - channel_monitor - INFO - Resolving handle @mer_official to channel ID...
2026-03-05 22:54:50,773 - channel_monitor - INFO - Resolved @mer_official to UC_l2qrs1qRv_8Rs8utay-PQ
2026-03-05 22:54:51,330 - channel_monitor - INFO - Found 0 recent videos for Videos
2026-03-05 22:54:51,330 - channel_monitor - INFO - Resolving handle @TV-wr8ex to channel ID...
2026-03-05 22:54:54,662 - channel_monitor - INFO - Resolved @TV-wr8ex to UCge4_EUhf1O-EupOgRAMgPA
2026-03-05 22:54:55,494 - channel_monitor - INFO - Found 1 recent videos for Videos
2026-03-05 22:54:55,494 - channel_monitor - INFO - Resolving handle @supe-tv to channel ID...
2026-03-05 22:54:58,540 - channel_monitor - INFO - Resolved @supe-tv to UCfnqgWlC5IvJEAPTmyjaixA
2026-03-05 22:54:59,214 - channel_monitor - INFO - Found 2 recent videos for Videos
2026-03-05 22:54:59,364 - channel_monitor - INFO - Found 5 recent videos for Videos
2026-03-05 22:54:59,364 - channel_monitor - INFO - Resolving handle @MK_Invest to channel ID...
2026-03-05 22:55:10,813 - channel_monitor - INFO - Resolved @MK_Invest to UCIipmgxpUxDmPP-ma3Ahvbw
2026-03-05 22:55:11,737 - channel_monitor - INFO - Found 13 recent videos for Videos
2026-03-05 22:55:11,737 - channel_monitor - INFO - Resolving handle @videomug0 to channel ID...
2026-03-05 22:55:21,298 - channel_monitor - INFO - Resolved @videomug0 to UCMEbRpvuwTbXxGiyDb1mT8w
2026-03-05 22:55:21,807 - channel_monitor - INFO - Found 3 recent videos for Videos
2026-03-05 22:55:21,808 - channel_monitor - INFO - Found 11 new videos total
2026-03-09 21:36:09,478 - channel_monitor - INFO - Resolving handle @kpunch to channel ID...
2026-03-09 21:36:14,167 - channel_monitor - INFO - Resolved @kpunch to UCOB62fKRT7b73X7tRxMuN2g
2026-03-09 21:36:14,734 - channel_monitor - INFO - Found 2 recent videos for Videos
2026-03-09 21:36:14,734 - channel_monitor - INFO - Resolving handle @wsaj to channel ID...
2026-03-09 21:36:25,623 - channel_monitor - INFO - Resolved @wsaj to UCpqD9_OJNtF6suPpi6mOQCQ
2026-03-09 21:36:26,235 - channel_monitor - INFO - Found 1 recent videos for Videos
2026-03-09 21:36:26,236 - channel_monitor - INFO - Resolving handle @futuresnow to channel ID...
2026-03-09 21:36:30,357 - channel_monitor - INFO - Resolved @futuresnow to UC_JJ_NhRqPKcIOj5Ko3W_3w
2026-03-09 21:36:30,948 - channel_monitor - INFO - Found 5 recent videos for Videos
2026-03-09 21:36:30,949 - channel_monitor - INFO - Resolving handle @sosumonkey to channel ID...
2026-03-09 21:36:35,027 - channel_monitor - INFO - Resolved @sosumonkey to UCC3yfxS5qC6PCwDzetUuEWg
2026-03-09 21:36:35,778 - channel_monitor - INFO - Found 2 recent videos for Videos
2026-03-09 21:36:35,778 - channel_monitor - INFO - Resolving handle @mer_official to channel ID...
2026-03-09 21:36:39,853 - channel_monitor - INFO - Resolved @mer_official to UC_l2qrs1qRv_8Rs8utay-PQ
2026-03-09 21:36:40,435 - channel_monitor - INFO - Found 0 recent videos for Videos
2026-03-09 21:36:40,436 - channel_monitor - INFO - Resolving handle @TV-wr8ex to channel ID...
2026-03-09 21:36:47,290 - channel_monitor - INFO - Resolved @TV-wr8ex to UCge4_EUhf1O-EupOgRAMgPA
2026-03-09 21:36:47,979 - channel_monitor - INFO - Found 1 recent videos for Videos
2026-03-09 21:36:47,979 - channel_monitor - INFO - Resolving handle @supe-tv to channel ID...
2026-03-09 21:36:50,573 - channel_monitor - ERROR - Failed to resolve handle @supe-tv: ERROR: [youtube] QF95CE9jOzs: Join this channel to get access to members-only content like this video, and other exclusive perks.

2026-03-09 21:36:50,573 - channel_monitor - ERROR - Could not get channel ID for: @supe-tv
2026-03-09 21:36:50,573 - channel_monitor - INFO - Resolving handle @MK_Invest to channel ID...
2026-03-09 21:37:02,399 - channel_monitor - INFO - Resolved @MK_Invest to UCIipmgxpUxDmPP-ma3Ahvbw
2026-03-09 21:37:03,156 - channel_monitor - INFO - Found 13 recent videos for Videos
2026-03-09 21:37:03,157 - channel_monitor - INFO - Resolving handle @videomug0 to channel ID...
2026-03-09 21:37:14,755 - channel_monitor - INFO - Resolved @videomug0 to UCMEbRpvuwTbXxGiyDb1mT8w
2026-03-09 21:37:16,345 - channel_monitor - INFO - Found 6 recent videos for Videos
2026-03-09 21:37:16,345 - channel_monitor - INFO - Resolving handle @codefactory_official to channel ID...
2026-03-09 21:37:28,451 - channel_monitor - INFO - Resolved @codefactory_official to UCxZ2AlaT0hOmxzZVbF_j_Sw
2026-03-09 21:37:29,025 - channel_monitor - INFO - Found 3 recent videos for Videos
2026-03-09 21:37:29,025 - channel_monitor - INFO - Resolving handle @개발동생 to channel ID...
2026-03-09 21:37:32,895 - channel_monitor - INFO - Resolved @개발동생 to UC1_ZZYZsHh2_DzCXN4VGVcQ
2026-03-09 21:37:33,472 - channel_monitor - INFO - Found 1 recent videos for Videos
2026-03-09 21:37:33,472 - channel_monitor - INFO - Resolving handle @maker-evan to channel ID...
2026-03-09 21:38:33,503 - channel_monitor - ERROR - Timeout resolving handle @maker-evan
2026-03-09 21:38:33,503 - channel_monitor - ERROR - Could not get channel ID for: @maker-evan
2026-03-09 21:38:33,503 - channel_monitor - INFO - Found 22 new videos total
