2026-01-21 23:48:27,572 - email_notifier - WARNING - Email not configured. Missing: EMAIL_SENDER, EMAIL_RECIPIENT, EMAIL_APP_PASSWORD. Email notifications will be disabled.
2026-01-21 23:49:42,253 - email_notifier - WARNING - Email not configured. Missing: EMAIL_SENDER, EMAIL_RECIPIENT, EMAIL_APP_PASSWORD. Email notifications will be disabled.
2026-01-21 23:50:58,302 - email_notifier - WARNING - Email not configured. Missing: EMAIL_SENDER, EMAIL_RECIPIENT, EMAIL_APP_PASSWORD. Email notifications will be disabled.
2026-01-21 23:51:48,727 - email_notifier - WARNING - Email not configured. Missing: EMAIL_SENDER, EMAIL_RECIPIENT, EMAIL_APP_PASSWORD. Email notifications will be disabled.
2026-01-21 23:52:47,433 - email_notifier - WARNING - Email not configured. Missing: EMAIL_SENDER, EMAIL_RECIPIENT, EMAIL_APP_PASSWORD. Email notifications will be disabled.
2026-01-21 23:53:49,854 - email_notifier - WARNING - Email not configured. Missing: EMAIL_SENDER, EMAIL_RECIPIENT, EMAIL_APP_PASSWORD. Email notifications will be disabled.
2026-01-21 23:57:21,437 - email_notifier - INFO - Connecting to smtp.gmail.com:587
2026-01-21 23:57:24,068 - email_notifier - ERROR - SMTP authentication failed. Please check your email and app password in .env file.
2026-01-22 00:10:55,790 - email_notifier - INFO - Connecting to smtp.gmail.com:587
2026-01-22 00:10:59,163 - email_notifier - INFO - Email sent successfully to trillionnt12@gmail.com
2026-01-25 22:36:59,304 - email_notifier - INFO - Connecting to smtp.gmail.com:587
2026-01-25 22:37:02,771 - email_notifier - INFO - Email sent successfully to trillionnt12@gmail.com
2026-01-26 22:44:39,764 - email_notifier - INFO - Connecting to smtp.gmail.com:587
2026-01-26 22:44:43,334 - email_notifier - INFO - Email sent successfully to trillionnt12@gmail.com
2026-01-27 23:02:51,685 - email_notifier - INFO - Connecting to smtp.gmail.com:587
2026-01-27 23:02:54,993 - email_notifier - INFO - Email sent successfully to trillionnt12@gmail.com
2026-01-28 23:02:12,365 - email_notifier - INFO - Connecting to smtp.gmail.com:587
2026-01-28 23:02:16,145 - email_notifier - INFO - Email sent successfully to trillionnt12@gmail.com
2026-01-28 23:03:07,513 - email_notifier - INFO - Connecting to smtp.gmail.com:587
2026-01-28 23:03:11,714 - email_notifier - INFO - Email sent successfully to trillionnt12@gmail.com, mynecrow@naver.com, tlsgur21@cksolution.co.kr
2026-01-29 23:07:33,495 - email_notifier - INFO - Connecting to smtp.gmail.com:587
2026-01-29 23:07:37,591 - email_notifier - INFO - Email sent successfully to trillionnt12@gmail.com, mynecrow@naver.com, tlsgur21@cksolution.co.kr
2026-01-31 23:54:29,198 - email_notifier - INFO - Attaching file: 2026-01-31_1130_videos_미국-거물-펠로시는-이번에도-적중할까-ft-빅테크-분석.txt from D:\OneDrive\Information\summaries\2026-01-31_1130_videos_미국-거물-펠로시는-이번에도-적중할까-ft-빅테크-분석.txt
2026-01-31 23:54:29,198 - email_notifier - INFO - Successfully attached: 2026-01-31_1130_videos_미국-거물-펠로시는-이번에도-적중할까-ft-빅테크-분석.txt
2026-01-31 23:54:29,198 - email_notifier - INFO - Attaching file: 2026-01-31_0730_videos_금값-대폭락-1974년-금값-폭락과-평행이론-박종훈의-지식한방.txt from D:\OneDrive\Information\summaries\2026-01-31_0730_videos_금값-대폭락-1974년-금값-폭락과-평행이론-박종훈의-지식한방.txt
2026-01-31 23:54:29,198 - email_notifier - INFO - Successfully attached: 2026-01-31_0730_videos_금값-대폭락-1974년-금값-폭락과-평행이론-박종훈의-지식한방.txt
2026-01-31 23:54:29,198 - email_notifier - INFO - Attaching file: 2026-01-30_0935_videos_월가아재-달러-원-환율-상반기-1300원대-온다.txt from D:\OneDrive\Information\summaries\2026-01-30_0935_videos_월가아재-달러-원-환율-상반기-1300원대-온다.txt
2026-01-31 23:54:29,199 - email_notifier - INFO - Successfully attached: 2026-01-30_0935_videos_월가아재-달러-원-환율-상반기-1300원대-온다.txt
2026-01-31 23:54:29,199 - email_notifier - INFO - Connecting to smtp.gmail.com:587
2026-01-31 23:54:32,110 - email_notifier - INFO - Email sent successfully to trillionnt12@gmail.com, mynecrow@naver.com, tlsgur21@cksolution.co.kr
2026-02-01 21:56:33,058 - email_notifier - INFO - Attaching file: 2026-02-01_1210_videos_양적긴축-해서-금리-내리자-워시-월가의-돈을-서민에게로_-차트온260201-1.txt from D:\OneDrive\Information\summaries\2026-02-01_1210_videos_양적긴축-해서-금리-내리자-워시-월가의-돈을-서민에게로_-차트온260201-1.txt
2026-02-01 21:56:33,058 - email_notifier - INFO - Successfully attached: 2026-02-01_1210_videos_양적긴축-해서-금리-내리자-워시-월가의-돈을-서민에게로_-차트온260201-1.txt
2026-02-01 21:56:33,059 - email_notifier - INFO - Attaching file: 2026-01-30_2330_videos_미국-증시-오늘의-요약-은--28-금--9-증발-대체-무슨-일---20260129.txt from D:\OneDrive\Information\summaries\2026-01-30_2330_videos_미국-증시-오늘의-요약-은--28-금--9-증발-대체-무슨-일---20260129.txt
2026-02-01 21:56:33,059 - email_notifier - INFO - Successfully attached: 2026-01-30_2330_videos_미국-증시-오늘의-요약-은--28-금--9-증발-대체-무슨-일---20260129.txt
2026-02-01 21:56:33,059 - email_notifier - INFO - Attaching file: 2026-01-30_1039_videos_이번에-중국에-밀리면-끝난다-트럼프가-작심하고-돈-쏟아붓는-전력-수혜주들.txt from D:\OneDrive\Information\summaries\2026-01-30_1039_videos_이번에-중국에-밀리면-끝난다-트럼프가-작심하고-돈-쏟아붓는-전력-수혜주들.txt
2026-02-01 21:56:33,060 - email_notifier - INFO - Successfully attached: 2026-01-30_1039_videos_이번에-중국에-밀리면-끝난다-트럼프가-작심하고-돈-쏟아붓는-전력-수혜주들.txt
2026-02-01 21:56:33,060 - email_notifier - INFO - Attaching file: 2026-01-30_0000_videos_미국-증시-오늘의-요약-ai-수익성-검증의-시간-실적-못-내면-가차-없다---2026012.txt from D:\OneDrive\Information\summaries\2026-01-30_0000_videos_미국-증시-오늘의-요약-ai-수익성-검증의-시간-실적-못-내면-가차-없다---2026012.txt
2026-02-01 21:56:33,060 - email_notifier - INFO - Successfully attached: 2026-01-30_0000_videos_미국-증시-오늘의-요약-ai-수익성-검증의-시간-실적-못-내면-가차-없다---2026012.txt
2026-02-01 21:56:33,060 - email_notifier - INFO - Connecting to smtp.gmail.com:587
2026-02-01 21:56:37,377 - email_notifier - INFO - Email sent successfully to trillionnt12@gmail.com, mynecrow@naver.com, tlsgur21@cksolution.co.kr
2026-02-04 22:48:54,908 - email_notifier - INFO - Attaching file: 2026-02-04_1107_videos_ai-침투-공포에-폭락한-sw-주식들-vs-ai-덕에-대호황-맞은-주식들.txt from D:\OneDrive\Information\summaries\2026-02-04_1107_videos_ai-침투-공포에-폭락한-sw-주식들-vs-ai-덕에-대호황-맞은-주식들.txt
2026-02-04 22:48:54,909 - email_notifier - INFO - Successfully attached: 2026-02-04_1107_videos_ai-침투-공포에-폭락한-sw-주식들-vs-ai-덕에-대호황-맞은-주식들.txt
2026-02-04 22:48:54,909 - email_notifier - INFO - Attaching file: 2026-02-04_0930_videos_월가아재-독점인가-양강인가-중국-기술주-저평가론과-투자-전략.txt from D:\OneDrive\Information\summaries\2026-02-04_0930_videos_월가아재-독점인가-양강인가-중국-기술주-저평가론과-투자-전략.txt
2026-02-04 22:48:54,909 - email_notifier - INFO - Successfully attached: 2026-02-04_0930_videos_월가아재-독점인가-양강인가-중국-기술주-저평가론과-투자-전략.txt
2026-02-04 22:48:54,909 - email_notifier - INFO - Attaching file: 2026-02-03_2353_videos_미국-증시-오늘의-요약-이제-ai가-밥그릇-뺏는다-앤트로픽-충격에-소프트웨어-섹터-초토화.txt from D:\OneDrive\Information\summaries\2026-02-03_2353_videos_미국-증시-오늘의-요약-이제-ai가-밥그릇-뺏는다-앤트로픽-충격에-소프트웨어-섹터-초토화.txt
2026-02-04 22:48:54,910 - email_notifier - INFO - Successfully attached: 2026-02-03_2353_videos_미국-증시-오늘의-요약-이제-ai가-밥그릇-뺏는다-앤트로픽-충격에-소프트웨어-섹터-초토화.txt
2026-02-04 22:48:54,910 - email_notifier - INFO - Attaching file: 2026-02-03_1100_videos_반토막난-미국주식-줍줍-기회일까-ft-내부자-매집-12곳.txt from D:\OneDrive\Information\summaries\2026-02-03_1100_videos_반토막난-미국주식-줍줍-기회일까-ft-내부자-매집-12곳.txt
2026-02-04 22:48:54,910 - email_notifier - INFO - Successfully attached: 2026-02-03_1100_videos_반토막난-미국주식-줍줍-기회일까-ft-내부자-매집-12곳.txt
2026-02-04 22:48:54,910 - email_notifier - INFO - Attaching file: 2026-02-03_1025_videos_앞으로-미국-증시보다-이머징이-대세-줄줄이-태세전환하는-월가의-보고서들.txt from D:\OneDrive\Information\summaries\2026-02-03_1025_videos_앞으로-미국-증시보다-이머징이-대세-줄줄이-태세전환하는-월가의-보고서들.txt
2026-02-04 22:48:54,910 - email_notifier - INFO - Successfully attached: 2026-02-03_1025_videos_앞으로-미국-증시보다-이머징이-대세-줄줄이-태세전환하는-월가의-보고서들.txt
2026-02-04 22:48:54,910 - email_notifier - INFO - Attaching file: 2026-02-02_2342_videos_미국-증시-오늘의-요약-제조업-부활-미-증시-반등-구글-뚫고-반도체-날았다---202602.txt from D:\OneDrive\Information\summaries\2026-02-02_2342_videos_미국-증시-오늘의-요약-제조업-부활-미-증시-반등-구글-뚫고-반도체-날았다---202602.txt
2026-02-04 22:48:54,911 - email_notifier - INFO - Successfully attached: 2026-02-02_2342_videos_미국-증시-오늘의-요약-제조업-부활-미-증시-반등-구글-뚫고-반도체-날았다---202602.txt
2026-02-04 22:48:54,911 - email_notifier - INFO - Attaching file: 2026-02-02_1120_videos_연준의장-바뀔-때마다-큰-충격-증시-징크스-이번에도-반복될까.txt from D:\OneDrive\Information\summaries\2026-02-02_1120_videos_연준의장-바뀔-때마다-큰-충격-증시-징크스-이번에도-반복될까.txt
2026-02-04 22:48:54,911 - email_notifier - INFO - Successfully attached: 2026-02-02_1120_videos_연준의장-바뀔-때마다-큰-충격-증시-징크스-이번에도-반복될까.txt
2026-02-04 22:48:54,911 - email_notifier - INFO - Attaching file: 2026-02-02_0902_videos_2026년-미국이-선택한-유일한-희소-자산.txt from D:\OneDrive\Information\summaries\2026-02-02_0902_videos_2026년-미국이-선택한-유일한-희소-자산.txt
2026-02-04 22:48:54,911 - email_notifier - INFO - Successfully attached: 2026-02-02_0902_videos_2026년-미국이-선택한-유일한-희소-자산.txt
2026-02-04 22:48:54,911 - email_notifier - INFO - Connecting to smtp.gmail.com:587
2026-02-04 22:48:59,495 - email_notifier - INFO - Email sent successfully to trillionnt12@gmail.com, mynecrow@naver.com, tlsgur21@cksolution.co.kr
2026-02-05 22:05:00,970 - email_notifier - INFO - Attaching file: 2026-02-04_2345_videos_미국-증시-오늘의-요약-기술주-투매-vs-가치주-상승-뚜렷해진-손바뀜---20260204.txt from D:\OneDrive\Information\summaries\2026-02-04_2345_videos_미국-증시-오늘의-요약-기술주-투매-vs-가치주-상승-뚜렷해진-손바뀜---20260204.txt
2026-02-05 22:05:00,970 - email_notifier - INFO - Successfully attached: 2026-02-04_2345_videos_미국-증시-오늘의-요약-기술주-투매-vs-가치주-상승-뚜렷해진-손바뀜---20260204.txt
2026-02-05 22:05:00,970 - email_notifier - INFO - Connecting to smtp.gmail.com:587
2026-02-05 22:05:03,934 - email_notifier - INFO - Email sent successfully to trillionnt12@gmail.com, mynecrow@naver.com, tlsgur21@cksolution.co.kr
2026-02-06 22:31:50,766 - email_notifier - INFO - Attaching file: 2026-02-06_1015_videos_트럼프는-왜-이란을-공격하려-할까-박종훈의-지식한방.txt from D:\OneDrive\Information\summaries\2026-02-06_1015_videos_트럼프는-왜-이란을-공격하려-할까-박종훈의-지식한방.txt
2026-02-06 22:31:50,767 - email_notifier - INFO - Successfully attached: 2026-02-06_1015_videos_트럼프는-왜-이란을-공격하려-할까-박종훈의-지식한방.txt
2026-02-06 22:31:50,767 - email_notifier - INFO - Attaching file: 2026-02-06_0924_videos_월가아재-ai-발목-잡는-치명적인-문제가-있었습니다.txt from D:\OneDrive\Information\summaries\2026-02-06_0924_videos_월가아재-ai-발목-잡는-치명적인-문제가-있었습니다.txt
2026-02-06 22:31:50,767 - email_notifier - INFO - Successfully attached: 2026-02-06_0924_videos_월가아재-ai-발목-잡는-치명적인-문제가-있었습니다.txt
2026-02-06 22:31:50,767 - email_notifier - INFO - Attaching file: 2026-02-06_0300_videos_먹는-알약의-습격-스낵-제국-붕괴와-자본-대이동-매일뉴욕-스페셜-홍성용-특파원.txt from D:\OneDrive\Information\summaries\2026-02-06_0300_videos_먹는-알약의-습격-스낵-제국-붕괴와-자본-대이동-매일뉴욕-스페셜-홍성용-특파원.txt
2026-02-06 22:31:50,768 - email_notifier - INFO - Successfully attached: 2026-02-06_0300_videos_먹는-알약의-습격-스낵-제국-붕괴와-자본-대이동-매일뉴욕-스페셜-홍성용-특파원.txt
2026-02-06 22:31:50,768 - email_notifier - INFO - Attaching file: 2026-02-06_0001_videos_미국-증시-오늘의-요약-ai-매도세-폭풍-비트코인-반토막월가-3일-연속-폭락---20260.txt from D:\OneDrive\Information\summaries\2026-02-06_0001_videos_미국-증시-오늘의-요약-ai-매도세-폭풍-비트코인-반토막월가-3일-연속-폭락---20260.txt
2026-02-06 22:31:50,768 - email_notifier - INFO - Successfully attached: 2026-02-06_0001_videos_미국-증시-오늘의-요약-ai-매도세-폭풍-비트코인-반토막월가-3일-연속-폭락---20260.txt
2026-02-06 22:31:50,768 - email_notifier - INFO - Attaching file: 2026-02-06_0001_videos_미국-증시-오늘의-요약-ai-매도세-폭풍-비트코인-반토막월가-3일-연속-폭락---20260.txt from D:\OneDrive\Information\summaries\2026-02-06_0001_videos_미국-증시-오늘의-요약-ai-매도세-폭풍-비트코인-반토막월가-3일-연속-폭락---20260.txt
2026-02-06 22:31:50,768 - email_notifier - INFO - Successfully attached: 2026-02-06_0001_videos_미국-증시-오늘의-요약-ai-매도세-폭풍-비트코인-반토막월가-3일-연속-폭락---20260.txt
2026-02-06 22:31:50,768 - email_notifier - INFO - Attaching file: 2026-02-05_2325_videos_홍장원의-불앤베어-아마존-주가-시간외-10-폭락-메모리반도체-수급에-엔비디아-이렇게까지.txt from D:\OneDrive\Information\summaries\2026-02-05_2325_videos_홍장원의-불앤베어-아마존-주가-시간외-10-폭락-메모리반도체-수급에-엔비디아-이렇게까지.txt
2026-02-06 22:31:50,769 - email_notifier - INFO - Successfully attached: 2026-02-05_2325_videos_홍장원의-불앤베어-아마존-주가-시간외-10-폭락-메모리반도체-수급에-엔비디아-이렇게까지.txt
2026-02-06 22:31:50,769 - email_notifier - INFO - Attaching file: 2026-02-04_2315_videos_홍장원의-불앤베어-베센트-비트코인-구제금융-계획-없다-또-내린-암호화폐.txt from D:\OneDrive\Information\summaries\2026-02-04_2315_videos_홍장원의-불앤베어-베센트-비트코인-구제금융-계획-없다-또-내린-암호화폐.txt
2026-02-06 22:31:50,769 - email_notifier - INFO - Successfully attached: 2026-02-04_2315_videos_홍장원의-불앤베어-베센트-비트코인-구제금융-계획-없다-또-내린-암호화폐.txt
2026-02-06 22:31:50,769 - email_notifier - INFO - Attaching file: 2026-02-04_0300_videos_어바웃-뉴욕-요즘-누가-취하도록-마셔요-사모펀드도-베팅한-무알콜-맥주-길금희-특파원.txt from D:\OneDrive\Information\summaries\2026-02-04_0300_videos_어바웃-뉴욕-요즘-누가-취하도록-마셔요-사모펀드도-베팅한-무알콜-맥주-길금희-특파원.txt
2026-02-06 22:31:50,769 - email_notifier - INFO - Successfully attached: 2026-02-04_0300_videos_어바웃-뉴욕-요즘-누가-취하도록-마셔요-사모펀드도-베팅한-무알콜-맥주-길금희-특파원.txt
2026-02-06 22:31:50,769 - email_notifier - INFO - Attaching file: 2026-02-03_2336_videos_홍장원의-불앤베어-금값은-회복했지만-비트코인은-빠졌다-톰리-지금이-바로-크립토-바닥-소프트.txt from D:\OneDrive\Information\summaries\2026-02-03_2336_videos_홍장원의-불앤베어-금값은-회복했지만-비트코인은-빠졌다-톰리-지금이-바로-크립토-바닥-소프트.txt
2026-02-06 22:31:50,770 - email_notifier - INFO - Successfully attached: 2026-02-03_2336_videos_홍장원의-불앤베어-금값은-회복했지만-비트코인은-빠졌다-톰리-지금이-바로-크립토-바닥-소프트.txt
2026-02-06 22:31:50,770 - email_notifier - INFO - Attaching file: 2026-02-02_2318_videos_홍장원의-불앤베어-美증시-워시-효과-비껴갔다-트럼프-워시는-잘-할-것.txt from D:\OneDrive\Information\summaries\2026-02-02_2318_videos_홍장원의-불앤베어-美증시-워시-효과-비껴갔다-트럼프-워시는-잘-할-것.txt
2026-02-06 22:31:50,770 - email_notifier - INFO - Successfully attached: 2026-02-02_2318_videos_홍장원의-불앤베어-美증시-워시-효과-비껴갔다-트럼프-워시는-잘-할-것.txt
2026-02-06 22:31:50,770 - email_notifier - INFO - Attaching file: 2026-02-01_2124_videos_홍장원의-불앤베어-연준의-권력이-재무부와-월가로-넘어간다-돈풀기는-이제-여기서-한다.txt from D:\OneDrive\Information\summaries\2026-02-01_2124_videos_홍장원의-불앤베어-연준의-권력이-재무부와-월가로-넘어간다-돈풀기는-이제-여기서-한다.txt
2026-02-06 22:31:50,770 - email_notifier - INFO - Successfully attached: 2026-02-01_2124_videos_홍장원의-불앤베어-연준의-권력이-재무부와-월가로-넘어간다-돈풀기는-이제-여기서-한다.txt
2026-02-06 22:31:50,770 - email_notifier - INFO - Attaching file: 2026-01-31_2300_videos_전기세-못-버틴다-정치권까지-번진-실리콘밸리-데이터센터-논쟁-실리콘밸리뷰-원호섭-특파원.txt from D:\OneDrive\Information\summaries\2026-01-31_2300_videos_전기세-못-버틴다-정치권까지-번진-실리콘밸리-데이터센터-논쟁-실리콘밸리뷰-원호섭-특파원.txt
2026-02-06 22:31:50,771 - email_notifier - INFO - Successfully attached: 2026-01-31_2300_videos_전기세-못-버틴다-정치권까지-번진-실리콘밸리-데이터센터-논쟁-실리콘밸리뷰-원호섭-특파원.txt
2026-02-06 22:31:50,771 - email_notifier - INFO - Connecting to smtp.gmail.com:587
2026-02-06 22:31:54,227 - email_notifier - INFO - Email sent successfully to trillionnt12@gmail.com, mynecrow@naver.com, tlsgur21@cksolution.co.kr
2026-02-15 09:33:33,980 - email_notifier - INFO - Attaching file: 2026-02-14_2300_videos_화면-없는-ai의-꿈-왜-다시-꺼내들었나-실리콘밸리뷰-원호섭-특파원.txt from D:\OneDrive\Information\summaries\2026-02-14_2300_videos_화면-없는-ai의-꿈-왜-다시-꺼내들었나-실리콘밸리뷰-원호섭-특파원.txt
2026-02-15 09:33:33,981 - email_notifier - INFO - Successfully attached: 2026-02-14_2300_videos_화면-없는-ai의-꿈-왜-다시-꺼내들었나-실리콘밸리뷰-원호섭-특파원.txt
2026-02-15 09:33:33,981 - email_notifier - INFO - Attaching file: 2026-02-14_2217_videos_홍장원의-불앤베어-딥시크-2차-충격-임박-증시-폭격사태-재연되나.txt from D:\OneDrive\Information\summaries\2026-02-14_2217_videos_홍장원의-불앤베어-딥시크-2차-충격-임박-증시-폭격사태-재연되나.txt
2026-02-15 09:33:33,982 - email_notifier - INFO - Successfully attached: 2026-02-14_2217_videos_홍장원의-불앤베어-딥시크-2차-충격-임박-증시-폭격사태-재연되나.txt
2026-02-15 09:33:33,982 - email_notifier - INFO - Attaching file: 2026-02-14_0300_videos_설특집-예쁘기만-한-옷은-끝났다-나이키스킴스의-윈윈-전략-어바웃뉴욕-길금희-특파원.txt from D:\OneDrive\Information\summaries\2026-02-14_0300_videos_설특집-예쁘기만-한-옷은-끝났다-나이키스킴스의-윈윈-전략-어바웃뉴욕-길금희-특파원.txt
2026-02-15 09:33:33,982 - email_notifier - INFO - Successfully attached: 2026-02-14_0300_videos_설특집-예쁘기만-한-옷은-끝났다-나이키스킴스의-윈윈-전략-어바웃뉴욕-길금희-특파원.txt
2026-02-15 09:33:33,982 - email_notifier - INFO - Attaching file: 2026-02-13_2317_videos_미국-증시-오늘의-요약-물가-꺾였지만-시장은-불안-금리-인하-기대-vs-ai-충격-확산.txt from D:\OneDrive\Information\summaries\2026-02-13_2317_videos_미국-증시-오늘의-요약-물가-꺾였지만-시장은-불안-금리-인하-기대-vs-ai-충격-확산.txt
2026-02-15 09:33:33,983 - email_notifier - INFO - Successfully attached: 2026-02-13_2317_videos_미국-증시-오늘의-요약-물가-꺾였지만-시장은-불안-금리-인하-기대-vs-ai-충격-확산.txt
2026-02-15 09:33:33,983 - email_notifier - INFO - Attaching file: 2026-02-13_2317_videos_미국-증시-오늘의-요약-물가-꺾였지만-시장은-불안-금리-인하-기대-vs-ai-충격-확산.txt from D:\OneDrive\Information\summaries\2026-02-13_2317_videos_미국-증시-오늘의-요약-물가-꺾였지만-시장은-불안-금리-인하-기대-vs-ai-충격-확산.txt
2026-02-15 09:33:33,983 - email_notifier - INFO - Successfully attached: 2026-02-13_2317_videos_미국-증시-오늘의-요약-물가-꺾였지만-시장은-불안-금리-인하-기대-vs-ai-충격-확산.txt
2026-02-15 09:33:33,983 - email_notifier - INFO - Attaching file: 2026-02-13_2241_videos_홍장원의-불앤베어-금리인하-위한-거대한-판이-움직이기-시작했다.txt from D:\OneDrive\Information\summaries\2026-02-13_2241_videos_홍장원의-불앤베어-금리인하-위한-거대한-판이-움직이기-시작했다.txt
2026-02-15 09:33:33,984 - email_notifier - INFO - Successfully attached: 2026-02-13_2241_videos_홍장원의-불앤베어-금리인하-위한-거대한-판이-움직이기-시작했다.txt
2026-02-15 09:33:33,984 - email_notifier - INFO - Attaching file: 2026-02-13_0928_videos_월가아재-자나-깨나-트럼프-조심-ms-폭락의-진실.txt from D:\OneDrive\Information\summaries\2026-02-13_0928_videos_월가아재-자나-깨나-트럼프-조심-ms-폭락의-진실.txt
2026-02-15 09:33:33,984 - email_notifier - INFO - Successfully attached: 2026-02-13_0928_videos_월가아재-자나-깨나-트럼프-조심-ms-폭락의-진실.txt
2026-02-15 09:33:33,984 - email_notifier - INFO - Attaching file: 2026-02-13_0300_videos_점심값-3만원-외식비-40-폭등-트럼프가-보낸-청구서-매일뉴욕-스페셜-홍성용-특파원.txt from D:\OneDrive\Information\summaries\2026-02-13_0300_videos_점심값-3만원-외식비-40-폭등-트럼프가-보낸-청구서-매일뉴욕-스페셜-홍성용-특파원.txt
2026-02-15 09:33:33,985 - email_notifier - INFO - Successfully attached: 2026-02-13_0300_videos_점심값-3만원-외식비-40-폭등-트럼프가-보낸-청구서-매일뉴욕-스페셜-홍성용-특파원.txt
2026-02-15 09:33:33,985 - email_notifier - INFO - Attaching file: 2026-02-12_2331_videos_미국-증시-오늘의-요약-ai-공포-확산-시장은-위험-재평가-국면-진입---20260212.txt from D:\OneDrive\Information\summaries\2026-02-12_2331_videos_미국-증시-오늘의-요약-ai-공포-확산-시장은-위험-재평가-국면-진입---20260212.txt
2026-02-15 09:33:33,985 - email_notifier - INFO - Successfully attached: 2026-02-12_2331_videos_미국-증시-오늘의-요약-ai-공포-확산-시장은-위험-재평가-국면-진입---20260212.txt
2026-02-15 09:33:33,985 - email_notifier - INFO - Attaching file: 2026-02-12_2331_videos_미국-증시-오늘의-요약-ai-공포-확산-시장은-위험-재평가-국면-진입---20260212.txt from D:\OneDrive\Information\summaries\2026-02-12_2331_videos_미국-증시-오늘의-요약-ai-공포-확산-시장은-위험-재평가-국면-진입---20260212.txt
2026-02-15 09:33:33,985 - email_notifier - INFO - Successfully attached: 2026-02-12_2331_videos_미국-증시-오늘의-요약-ai-공포-확산-시장은-위험-재평가-국면-진입---20260212.txt
2026-02-15 09:33:33,986 - email_notifier - INFO - Attaching file: 2026-02-12_2318_videos_홍장원의-불앤베어-반도체-장비회사-시간-외-주가-12-폭발적-상승.txt from D:\OneDrive\Information\summaries\2026-02-12_2318_videos_홍장원의-불앤베어-반도체-장비회사-시간-외-주가-12-폭발적-상승.txt
2026-02-15 09:33:33,986 - email_notifier - INFO - Successfully attached: 2026-02-12_2318_videos_홍장원의-불앤베어-반도체-장비회사-시간-외-주가-12-폭발적-상승.txt
2026-02-15 09:33:33,986 - email_notifier - INFO - Attaching file: 2026-02-12_1245_videos_fomo와-감마-스퀴즈가-만났을-때안근모의-매크로키260212.txt from D:\OneDrive\Information\summaries\2026-02-12_1245_videos_fomo와-감마-스퀴즈가-만났을-때안근모의-매크로키260212.txt
2026-02-15 09:33:33,986 - email_notifier - INFO - Successfully attached: 2026-02-12_1245_videos_fomo와-감마-스퀴즈가-만났을-때안근모의-매크로키260212.txt
2026-02-15 09:33:33,986 - email_notifier - INFO - Attaching file: 2026-02-11_2330_videos_미국-증시-오늘의-요약-ai-공포-트레이드-확산-고용-서프라이즈도-못-살렸다---20260.txt from D:\OneDrive\Information\summaries\2026-02-11_2330_videos_미국-증시-오늘의-요약-ai-공포-트레이드-확산-고용-서프라이즈도-못-살렸다---20260.txt
2026-02-15 09:33:33,987 - email_notifier - INFO - Successfully attached: 2026-02-11_2330_videos_미국-증시-오늘의-요약-ai-공포-트레이드-확산-고용-서프라이즈도-못-살렸다---20260.txt
2026-02-15 09:33:33,987 - email_notifier - INFO - Attaching file: 2026-02-11_2330_videos_미국-증시-오늘의-요약-ai-공포-트레이드-확산-고용-서프라이즈도-못-살렸다---20260.txt from D:\OneDrive\Information\summaries\2026-02-11_2330_videos_미국-증시-오늘의-요약-ai-공포-트레이드-확산-고용-서프라이즈도-못-살렸다---20260.txt
2026-02-15 09:33:33,987 - email_notifier - INFO - Successfully attached: 2026-02-11_2330_videos_미국-증시-오늘의-요약-ai-공포-트레이드-확산-고용-서프라이즈도-못-살렸다---20260.txt
2026-02-15 09:33:33,987 - email_notifier - INFO - Attaching file: 2026-02-11_2321_videos_홍장원의-불앤베어-트럼프가-ai에-집착하는-진짜-이유.txt from D:\OneDrive\Information\summaries\2026-02-11_2321_videos_홍장원의-불앤베어-트럼프가-ai에-집착하는-진짜-이유.txt
2026-02-15 09:33:33,988 - email_notifier - INFO - Successfully attached: 2026-02-11_2321_videos_홍장원의-불앤베어-트럼프가-ai에-집착하는-진짜-이유.txt
2026-02-15 09:33:33,988 - email_notifier - INFO - Attaching file: 2026-02-11_0948_videos_월가아재-케빈-워시의-의장-지명-숨겨진-이유가-있었습니다.txt from D:\OneDrive\Information\summaries\2026-02-11_0948_videos_월가아재-케빈-워시의-의장-지명-숨겨진-이유가-있었습니다.txt
2026-02-15 09:33:33,988 - email_notifier - INFO - Successfully attached: 2026-02-11_0948_videos_월가아재-케빈-워시의-의장-지명-숨겨진-이유가-있었습니다.txt
2026-02-15 09:33:33,988 - email_notifier - INFO - Attaching file: 2026-02-11_0300_videos_어바웃-뉴욕-불황인데-향수가-웬-말-비필수-소비에-닫히는-지갑-길금희-특파원.txt from D:\OneDrive\Information\summaries\2026-02-11_0300_videos_어바웃-뉴욕-불황인데-향수가-웬-말-비필수-소비에-닫히는-지갑-길금희-특파원.txt
2026-02-15 09:33:33,989 - email_notifier - INFO - Successfully attached: 2026-02-11_0300_videos_어바웃-뉴욕-불황인데-향수가-웬-말-비필수-소비에-닫히는-지갑-길금희-특파원.txt
2026-02-15 09:33:33,989 - email_notifier - INFO - Attaching file: 2026-02-10_2342_videos_미국-증시-오늘의-요약-소매판매-예상-밖-부진-연준-그래도-금리-동결---20260210.txt from D:\OneDrive\Information\summaries\2026-02-10_2342_videos_미국-증시-오늘의-요약-소매판매-예상-밖-부진-연준-그래도-금리-동결---20260210.txt
2026-02-15 09:33:33,989 - email_notifier - INFO - Successfully attached: 2026-02-10_2342_videos_미국-증시-오늘의-요약-소매판매-예상-밖-부진-연준-그래도-금리-동결---20260210.txt
2026-02-15 09:33:33,989 - email_notifier - INFO - Attaching file: 2026-02-10_2342_videos_미국-증시-오늘의-요약-소매판매-예상-밖-부진-연준-그래도-금리-동결---20260210.txt from D:\OneDrive\Information\summaries\2026-02-10_2342_videos_미국-증시-오늘의-요약-소매판매-예상-밖-부진-연준-그래도-금리-동결---20260210.txt
2026-02-15 09:33:33,989 - email_notifier - INFO - Successfully attached: 2026-02-10_2342_videos_미국-증시-오늘의-요약-소매판매-예상-밖-부진-연준-그래도-금리-동결---20260210.txt
2026-02-15 09:33:33,990 - email_notifier - INFO - Attaching file: 2026-02-10_2320_videos_홍장원의-불앤베어-백악관-참모-연속-등판-고용지표-나빠도-놀라지-마라.txt from D:\OneDrive\Information\summaries\2026-02-10_2320_videos_홍장원의-불앤베어-백악관-참모-연속-등판-고용지표-나빠도-놀라지-마라.txt
2026-02-15 09:33:33,990 - email_notifier - INFO - Successfully attached: 2026-02-10_2320_videos_홍장원의-불앤베어-백악관-참모-연속-등판-고용지표-나빠도-놀라지-마라.txt
2026-02-15 09:33:33,990 - email_notifier - INFO - Attaching file: 2026-02-09_2310_videos_홍장원의-불앤베어-베센트-워시발-qt-당장-없다-위기의-미국-해법은-이것-뿐이다.txt from D:\OneDrive\Information\summaries\2026-02-09_2310_videos_홍장원의-불앤베어-베센트-워시발-qt-당장-없다-위기의-미국-해법은-이것-뿐이다.txt
2026-02-15 09:33:33,990 - email_notifier - INFO - Successfully attached: 2026-02-09_2310_videos_홍장원의-불앤베어-베센트-워시발-qt-당장-없다-위기의-미국-해법은-이것-뿐이다.txt
2026-02-15 09:33:33,990 - email_notifier - INFO - Attaching file: 2026-02-09_1215_videos_빅테크-무한-치킨게임-시작-현금-폭격에-대호황-맞은-수혜주들.txt from D:\OneDrive\Information\summaries\2026-02-09_1215_videos_빅테크-무한-치킨게임-시작-현금-폭격에-대호황-맞은-수혜주들.txt
2026-02-15 09:33:33,991 - email_notifier - INFO - Successfully attached: 2026-02-09_1215_videos_빅테크-무한-치킨게임-시작-현금-폭격에-대호황-맞은-수혜주들.txt
2026-02-15 09:33:33,991 - email_notifier - INFO - Attaching file: 2026-02-08_2048_videos_홍장원의-불앤베어-트럼프-대통령-다우-10만-보내겠다-경제학자-ai발-금리인하-쉽지-않다.txt from D:\OneDrive\Information\summaries\2026-02-08_2048_videos_홍장원의-불앤베어-트럼프-대통령-다우-10만-보내겠다-경제학자-ai발-금리인하-쉽지-않다.txt
2026-02-15 09:33:33,991 - email_notifier - INFO - Successfully attached: 2026-02-08_2048_videos_홍장원의-불앤베어-트럼프-대통령-다우-10만-보내겠다-경제학자-ai발-금리인하-쉽지-않다.txt
2026-02-15 09:33:33,991 - email_notifier - INFO - Attaching file: 2026-02-08_1248_videos_믿을-수-없이-강한-수요-그런데-고용은-차트온260208.txt from D:\OneDrive\Information\summaries\2026-02-08_1248_videos_믿을-수-없이-강한-수요-그런데-고용은-차트온260208.txt
2026-02-15 09:33:33,992 - email_notifier - INFO - Successfully attached: 2026-02-08_1248_videos_믿을-수-없이-강한-수요-그런데-고용은-차트온260208.txt
2026-02-15 09:33:33,992 - email_notifier - INFO - Connecting to smtp.gmail.com:587
2026-02-15 09:33:39,382 - email_notifier - INFO - Email sent successfully to trillionnt12@gmail.com, mynecrow@naver.com, tlsgur21@cksolution.co.kr
2026-02-18 23:34:45,564 - email_notifier - INFO - Attaching file: 2026-02-18_1201_videos_오그랲-모아보기-일론-머스크의-선택이-곧-미래-세계-1위-부자의-승부수-비디오머그.txt from D:\OneDrive\Information\summaries\2026-02-18_1201_videos_오그랲-모아보기-일론-머스크의-선택이-곧-미래-세계-1위-부자의-승부수-비디오머그.txt
2026-02-18 23:34:45,565 - email_notifier - INFO - Successfully attached: 2026-02-18_1201_videos_오그랲-모아보기-일론-머스크의-선택이-곧-미래-세계-1위-부자의-승부수-비디오머그.txt
2026-02-18 23:34:45,565 - email_notifier - INFO - Attaching file: 2026-02-18_0930_videos_변심한-투자-대가들의-계좌-공개-워런버핏-드러켄밀러-피터틸-빌애크먼.txt from D:\OneDrive\Information\summaries\2026-02-18_0930_videos_변심한-투자-대가들의-계좌-공개-워런버핏-드러켄밀러-피터틸-빌애크먼.txt
2026-02-18 23:34:45,566 - email_notifier - INFO - Successfully attached: 2026-02-18_0930_videos_변심한-투자-대가들의-계좌-공개-워런버핏-드러켄밀러-피터틸-빌애크먼.txt
2026-02-18 23:34:45,566 - email_notifier - INFO - Attaching file: 2026-02-18_0730_videos_나스닥은-미끼였다-베센트의-치밀한-선거전략-박종훈의-지식한방.txt from D:\OneDrive\Information\summaries\2026-02-18_0730_videos_나스닥은-미끼였다-베센트의-치밀한-선거전략-박종훈의-지식한방.txt
2026-02-18 23:34:45,566 - email_notifier - INFO - Successfully attached: 2026-02-18_0730_videos_나스닥은-미끼였다-베센트의-치밀한-선거전략-박종훈의-지식한방.txt
2026-02-18 23:34:45,566 - email_notifier - INFO - Attaching file: 2026-02-18_0300_videos_뿌리-2부-월가의-주인이-됐다-세탁소-아들은-어떻게-미국을-점령했나-홍성용-특파원.txt from D:\OneDrive\Information\summaries\2026-02-18_0300_videos_뿌리-2부-월가의-주인이-됐다-세탁소-아들은-어떻게-미국을-점령했나-홍성용-특파원.txt
2026-02-18 23:34:45,567 - email_notifier - INFO - Successfully attached: 2026-02-18_0300_videos_뿌리-2부-월가의-주인이-됐다-세탁소-아들은-어떻게-미국을-점령했나-홍성용-특파원.txt
2026-02-18 23:34:45,567 - email_notifier - INFO - Attaching file: 2026-02-18_0045_videos_홍장원의-불앤베어-베센트--워시의-구루-드러켄밀러의-승부수.txt from D:\OneDrive\Information\summaries\2026-02-18_0045_videos_홍장원의-불앤베어-베센트--워시의-구루-드러켄밀러의-승부수.txt
2026-02-18 23:34:45,568 - email_notifier - INFO - Successfully attached: 2026-02-18_0045_videos_홍장원의-불앤베어-베센트--워시의-구루-드러켄밀러의-승부수.txt
2026-02-18 23:34:45,568 - email_notifier - INFO - Attaching file: 2026-02-17_2340_videos_미국-증시-오늘의-요약-ai-우려에-롤러코스터-장세-sp-장중-1-급락-후-반등---202.txt from D:\OneDrive\Information\summaries\2026-02-17_2340_videos_미국-증시-오늘의-요약-ai-우려에-롤러코스터-장세-sp-장중-1-급락-후-반등---202.txt
2026-02-18 23:34:45,568 - email_notifier - INFO - Successfully attached: 2026-02-17_2340_videos_미국-증시-오늘의-요약-ai-우려에-롤러코스터-장세-sp-장중-1-급락-후-반등---202.txt
2026-02-18 23:34:45,568 - email_notifier - INFO - Attaching file: 2026-02-17_2340_videos_미국-증시-오늘의-요약-ai-우려에-롤러코스터-장세-sp-장중-1-급락-후-반등---202.txt from D:\OneDrive\Information\summaries\2026-02-17_2340_videos_미국-증시-오늘의-요약-ai-우려에-롤러코스터-장세-sp-장중-1-급락-후-반등---202.txt
2026-02-18 23:34:45,569 - email_notifier - INFO - Successfully attached: 2026-02-17_2340_videos_미국-증시-오늘의-요약-ai-우려에-롤러코스터-장세-sp-장중-1-급락-후-반등---202.txt
2026-02-18 23:34:45,569 - email_notifier - INFO - Attaching file: 2026-02-17_1109_videos_폭락한-빅테크-절호의-기회-돈냄새-귀신-빌-애크먼의-풀베팅-성공할까.txt from D:\OneDrive\Information\summaries\2026-02-17_1109_videos_폭락한-빅테크-절호의-기회-돈냄새-귀신-빌-애크먼의-풀베팅-성공할까.txt
2026-02-18 23:34:45,569 - email_notifier - INFO - Successfully attached: 2026-02-17_1109_videos_폭락한-빅테크-절호의-기회-돈냄새-귀신-빌-애크먼의-풀베팅-성공할까.txt
2026-02-18 23:34:45,569 - email_notifier - INFO - Attaching file: 2026-02-17_0444_videos_월가아재-월급은-비슷한데-노후-자산은-왜-36배나-차이-날까.txt from D:\OneDrive\Information\summaries\2026-02-17_0444_videos_월가아재-월급은-비슷한데-노후-자산은-왜-36배나-차이-날까.txt
2026-02-18 23:34:45,570 - email_notifier - INFO - Successfully attached: 2026-02-17_0444_videos_월가아재-월급은-비슷한데-노후-자산은-왜-36배나-차이-날까.txt
2026-02-18 23:34:45,570 - email_notifier - INFO - Attaching file: 2026-02-17_0300_videos_설특집-중고-명품은-꺼림칙하다-리얼리얼의-역발상-비즈니스-어바웃뉴욕-길금희-특파원.txt from D:\OneDrive\Information\summaries\2026-02-17_0300_videos_설특집-중고-명품은-꺼림칙하다-리얼리얼의-역발상-비즈니스-어바웃뉴욕-길금희-특파원.txt
2026-02-18 23:34:45,570 - email_notifier - INFO - Successfully attached: 2026-02-17_0300_videos_설특집-중고-명품은-꺼림칙하다-리얼리얼의-역발상-비즈니스-어바웃뉴욕-길금희-특파원.txt
2026-02-18 23:34:45,570 - email_notifier - INFO - Attaching file: 2026-02-17_0124_videos_홍장원의-불앤베어-주택시장-활성화-목적-보우먼-부의장의-결정적-한방.txt from D:\OneDrive\Information\summaries\2026-02-17_0124_videos_홍장원의-불앤베어-주택시장-활성화-목적-보우먼-부의장의-결정적-한방.txt
2026-02-18 23:34:45,571 - email_notifier - INFO - Successfully attached: 2026-02-17_0124_videos_홍장원의-불앤베어-주택시장-활성화-목적-보우먼-부의장의-결정적-한방.txt
2026-02-18 23:34:45,571 - email_notifier - INFO - Attaching file: 2026-02-17_0100_videos_이순신-장군의-난중일기-탈탈-털어봤습니다-밥상부터-술상까지-취향-몰아보기-비디오머그.txt from D:\OneDrive\Information\summaries\2026-02-17_0100_videos_이순신-장군의-난중일기-탈탈-털어봤습니다-밥상부터-술상까지-취향-몰아보기-비디오머그.txt
2026-02-18 23:34:45,571 - email_notifier - INFO - Successfully attached: 2026-02-17_0100_videos_이순신-장군의-난중일기-탈탈-털어봤습니다-밥상부터-술상까지-취향-몰아보기-비디오머그.txt
2026-02-18 23:34:45,572 - email_notifier - INFO - Attaching file: 2026-02-16_1015_videos_부자들은-절대-현금을-쥐고-있지-않습니다-추격과-역전-풀버전.txt from D:\OneDrive\Information\summaries\2026-02-16_1015_videos_부자들은-절대-현금을-쥐고-있지-않습니다-추격과-역전-풀버전.txt
2026-02-18 23:34:45,572 - email_notifier - INFO - Successfully attached: 2026-02-16_1015_videos_부자들은-절대-현금을-쥐고-있지-않습니다-추격과-역전-풀버전.txt
2026-02-18 23:34:45,572 - email_notifier - INFO - Attaching file: 2026-02-16_0955_videos_빠르게-돈-빠져나가는-빅테크와-나스닥-새롭게-시장이-주목하는-주인공들.txt from D:\OneDrive\Information\summaries\2026-02-16_0955_videos_빠르게-돈-빠져나가는-빅테크와-나스닥-새롭게-시장이-주목하는-주인공들.txt
2026-02-18 23:34:45,573 - email_notifier - INFO - Successfully attached: 2026-02-16_0955_videos_빠르게-돈-빠져나가는-빅테크와-나스닥-새롭게-시장이-주목하는-주인공들.txt
2026-02-18 23:34:45,573 - email_notifier - INFO - Attaching file: 2026-02-16_0300_videos_뿌리-1부-결국-뉴욕을-샀다-서울대-의사가-세탁소에서-버틴-진짜-이유-홍성용-특파원.txt from D:\OneDrive\Information\summaries\2026-02-16_0300_videos_뿌리-1부-결국-뉴욕을-샀다-서울대-의사가-세탁소에서-버틴-진짜-이유-홍성용-특파원.txt
2026-02-18 23:34:45,574 - email_notifier - INFO - Successfully attached: 2026-02-16_0300_videos_뿌리-1부-결국-뉴욕을-샀다-서울대-의사가-세탁소에서-버틴-진짜-이유-홍성용-특파원.txt
2026-02-18 23:34:45,574 - email_notifier - INFO - Attaching file: 2026-02-16_0100_videos_분명히-있었는데-없어졌어요-대한민국-국보-미스터리-실종사건-몰아보기-비디오머그.txt from D:\OneDrive\Information\summaries\2026-02-16_0100_videos_분명히-있었는데-없어졌어요-대한민국-국보-미스터리-실종사건-몰아보기-비디오머그.txt
2026-02-18 23:34:45,574 - email_notifier - INFO - Successfully attached: 2026-02-16_0100_videos_분명히-있었는데-없어졌어요-대한민국-국보-미스터리-실종사건-몰아보기-비디오머그.txt
2026-02-18 23:34:45,574 - email_notifier - INFO - Attaching file: 2026-02-15_2007_videos_홍장원의-불앤베어-트럼프-대통령-장기물-금리-이렇게-낮출-겁니다-백악관이-숨겨놓은-거대한.txt from D:\OneDrive\Information\summaries\2026-02-15_2007_videos_홍장원의-불앤베어-트럼프-대통령-장기물-금리-이렇게-낮출-겁니다-백악관이-숨겨놓은-거대한.txt
2026-02-18 23:34:45,575 - email_notifier - INFO - Successfully attached: 2026-02-15_2007_videos_홍장원의-불앤베어-트럼프-대통령-장기물-금리-이렇게-낮출-겁니다-백악관이-숨겨놓은-거대한.txt
2026-02-18 23:34:45,575 - email_notifier - INFO - Attaching file: 2026-02-15_1248_videos_뉴욕증시-예외주의-기우뚱_-차트온260215.txt from D:\OneDrive\Information\summaries\2026-02-15_1248_videos_뉴욕증시-예외주의-기우뚱_-차트온260215.txt
2026-02-18 23:34:45,575 - email_notifier - INFO - Successfully attached: 2026-02-15_1248_videos_뉴욕증시-예외주의-기우뚱_-차트온260215.txt
2026-02-18 23:34:45,575 - email_notifier - INFO - Attaching file: 2026-02-15_1247_videos_모든-산업-삼킨다-최상위-포식자-된-ai한국-반도체-보호가-진짜-시급한-이유-f김정호-카이.txt from D:\OneDrive\Information\summaries\2026-02-15_1247_videos_모든-산업-삼킨다-최상위-포식자-된-ai한국-반도체-보호가-진짜-시급한-이유-f김정호-카이.txt
2026-02-18 23:34:45,576 - email_notifier - INFO - Successfully attached: 2026-02-15_1247_videos_모든-산업-삼킨다-최상위-포식자-된-ai한국-반도체-보호가-진짜-시급한-이유-f김정호-카이.txt
2026-02-18 23:34:45,576 - email_notifier - INFO - Attaching file: 2026-02-15_0842_videos_월가아재-지금-캐기-시작해도-2044년-채굴-구리-공급-절벽이-현실화-될까.txt from D:\OneDrive\Information\summaries\2026-02-15_0842_videos_월가아재-지금-캐기-시작해도-2044년-채굴-구리-공급-절벽이-현실화-될까.txt
2026-02-18 23:34:45,576 - email_notifier - INFO - Successfully attached: 2026-02-15_0842_videos_월가아재-지금-캐기-시작해도-2044년-채굴-구리-공급-절벽이-현실화-될까.txt
2026-02-18 23:34:45,576 - email_notifier - INFO - Attaching file: 2026-02-15_0801_videos_진열대-텅-비었다-슈퍼볼-전날-미국-코스트코-상황-홍키자의-美쿡-홍성용-특파원.txt from D:\OneDrive\Information\summaries\2026-02-15_0801_videos_진열대-텅-비었다-슈퍼볼-전날-미국-코스트코-상황-홍키자의-美쿡-홍성용-특파원.txt
2026-02-18 23:34:45,577 - email_notifier - INFO - Successfully attached: 2026-02-15_0801_videos_진열대-텅-비었다-슈퍼볼-전날-미국-코스트코-상황-홍키자의-美쿡-홍성용-특파원.txt
2026-02-18 23:34:45,577 - email_notifier - INFO - Attaching file: 2026-02-14_1125_videos_미국-의원들-투자-대가들의-계좌-공개-켄피셔-레이달리오-국민연금.txt from D:\OneDrive\Information\summaries\2026-02-14_1125_videos_미국-의원들-투자-대가들의-계좌-공개-켄피셔-레이달리오-국민연금.txt
2026-02-18 23:34:45,577 - email_notifier - INFO - Successfully attached: 2026-02-14_1125_videos_미국-의원들-투자-대가들의-계좌-공개-켄피셔-레이달리오-국민연금.txt
2026-02-18 23:34:45,578 - email_notifier - INFO - Attaching file: 2026-02-13_0900_videos_도착-시간-좀-잘-맞네-우연이-아님진화하는-지도-앱-b하인드-비디오머그.txt from D:\OneDrive\Information\summaries\2026-02-13_0900_videos_도착-시간-좀-잘-맞네-우연이-아님진화하는-지도-앱-b하인드-비디오머그.txt
2026-02-18 23:34:45,578 - email_notifier - INFO - Successfully attached: 2026-02-13_0900_videos_도착-시간-좀-잘-맞네-우연이-아님진화하는-지도-앱-b하인드-비디오머그.txt
2026-02-18 23:34:45,578 - email_notifier - INFO - Attaching file: 2026-02-12_1201_videos_대리-한-명의-딸깍에-60조-원-생성떨어지던-비트코인-나락행-비디오머그-이슈빡.txt from D:\OneDrive\Information\summaries\2026-02-12_1201_videos_대리-한-명의-딸깍에-60조-원-생성떨어지던-비트코인-나락행-비디오머그-이슈빡.txt
2026-02-18 23:34:45,578 - email_notifier - INFO - Successfully attached: 2026-02-12_1201_videos_대리-한-명의-딸깍에-60조-원-생성떨어지던-비트코인-나락행-비디오머그-이슈빡.txt
2026-02-18 23:34:45,579 - email_notifier - INFO - Attaching file: 2026-02-12_0901_videos_비트코인-마지막-방어선-무너지나추가-하락-시작되면-벌어질-일-똑소리e-비디오머그.txt from D:\OneDrive\Information\summaries\2026-02-12_0901_videos_비트코인-마지막-방어선-무너지나추가-하락-시작되면-벌어질-일-똑소리e-비디오머그.txt
2026-02-18 23:34:45,579 - email_notifier - INFO - Successfully attached: 2026-02-12_0901_videos_비트코인-마지막-방어선-무너지나추가-하락-시작되면-벌어질-일-똑소리e-비디오머그.txt
2026-02-18 23:34:45,579 - email_notifier - INFO - Connecting to smtp.gmail.com:587
2026-02-18 23:34:50,745 - email_notifier - INFO - Email sent successfully to trillionnt12@gmail.com, mynecrow@naver.com, tlsgur21@cksolution.co.kr
2026-02-21 10:22:02,669 - email_notifier - INFO - Connecting to smtp.gmail.com:587
2026-02-21 10:22:06,249 - email_notifier - INFO - Email sent successfully to trillionnt12@gmail.com, mynecrow@naver.com, tlsgur21@cksolution.co.kr
2026-02-21 10:42:46,444 - email_notifier - INFO - Attaching file: 2026-02-20_2350_videos_미국-증시-오늘의-요약-트럼프-관세-무효-10-보편관세-예고---20260220.txt from D:\OneDrive\Information\summaries\2026-02-20_2350_videos_미국-증시-오늘의-요약-트럼프-관세-무효-10-보편관세-예고---20260220.txt
2026-02-21 10:42:46,444 - email_notifier - INFO - Successfully attached: 2026-02-20_2350_videos_미국-증시-오늘의-요약-트럼프-관세-무효-10-보편관세-예고---20260220.txt
2026-02-21 10:42:46,444 - email_notifier - INFO - Attaching file: 2026-02-20_2350_videos_미국-증시-오늘의-요약-트럼프-관세-무효-10-보편관세-예고---20260220.txt from D:\OneDrive\Information\summaries\2026-02-20_2350_videos_미국-증시-오늘의-요약-트럼프-관세-무효-10-보편관세-예고---20260220.txt
2026-02-21 10:42:46,445 - email_notifier - INFO - Successfully attached: 2026-02-20_2350_videos_미국-증시-오늘의-요약-트럼프-관세-무효-10-보편관세-예고---20260220.txt
2026-02-21 10:42:46,445 - email_notifier - INFO - Attaching file: 2026-02-20_2300_videos_홍장원의-불앤베어-트럼프-관세-위법판결-증시가-선방한-이유.txt from D:\OneDrive\Information\summaries\2026-02-20_2300_videos_홍장원의-불앤베어-트럼프-관세-위법판결-증시가-선방한-이유.txt
2026-02-21 10:42:46,445 - email_notifier - INFO - Successfully attached: 2026-02-20_2300_videos_홍장원의-불앤베어-트럼프-관세-위법판결-증시가-선방한-이유.txt
2026-02-21 10:42:46,445 - email_notifier - INFO - Attaching file: 2026-02-20_2200_videos_맨해튼-빌딩-폭락에도-주식이-버티는-이유-불앤베어-포커스.txt from D:\OneDrive\Information\summaries\2026-02-20_2200_videos_맨해튼-빌딩-폭락에도-주식이-버티는-이유-불앤베어-포커스.txt
2026-02-21 10:42:46,446 - email_notifier - INFO - Successfully attached: 2026-02-20_2200_videos_맨해튼-빌딩-폭락에도-주식이-버티는-이유-불앤베어-포커스.txt
2026-02-21 10:42:46,446 - email_notifier - INFO - Attaching file: 2026-02-20_0900_videos_무슨-차가-이렇게-계속-변신해요-차주-감성대로-바꾸는-바퀴-달린-아지트-등장이요-b하인드.txt from D:\OneDrive\Information\summaries\2026-02-20_0900_videos_무슨-차가-이렇게-계속-변신해요-차주-감성대로-바꾸는-바퀴-달린-아지트-등장이요-b하인드.txt
2026-02-21 10:42:46,446 - email_notifier - INFO - Successfully attached: 2026-02-20_0900_videos_무슨-차가-이렇게-계속-변신해요-차주-감성대로-바꾸는-바퀴-달린-아지트-등장이요-b하인드.txt
2026-02-21 10:42:46,446 - email_notifier - INFO - Attaching file: 2026-02-20_0300_videos_어바웃-뉴욕-월가-뒤흔든-메기-출연-빅테크-판이-바뀌다-길금희-특파원.txt from D:\OneDrive\Information\summaries\2026-02-20_0300_videos_어바웃-뉴욕-월가-뒤흔든-메기-출연-빅테크-판이-바뀌다-길금희-특파원.txt
2026-02-21 10:42:46,446 - email_notifier - INFO - Successfully attached: 2026-02-20_0300_videos_어바웃-뉴욕-월가-뒤흔든-메기-출연-빅테크-판이-바뀌다-길금희-특파원.txt
2026-02-21 10:42:46,446 - email_notifier - INFO - Attaching file: 2026-02-20_0003_videos_홍장원의-불앤베어-대법원-관세판결-임박-월가가-보는-4대시나리오.txt from D:\OneDrive\Information\summaries\2026-02-20_0003_videos_홍장원의-불앤베어-대법원-관세판결-임박-월가가-보는-4대시나리오.txt
2026-02-21 10:42:46,447 - email_notifier - INFO - Successfully attached: 2026-02-20_0003_videos_홍장원의-불앤베어-대법원-관세판결-임박-월가가-보는-4대시나리오.txt
2026-02-21 10:42:46,447 - email_notifier - INFO - Attaching file: 2026-02-19_2332_videos_미국-증시-오늘의-요약-이란-긴장사모펀드-환매-중단증시-하락---20260219.txt from D:\OneDrive\Information\summaries\2026-02-19_2332_videos_미국-증시-오늘의-요약-이란-긴장사모펀드-환매-중단증시-하락---20260219.txt
2026-02-21 10:42:46,447 - email_notifier - INFO - Successfully attached: 2026-02-19_2332_videos_미국-증시-오늘의-요약-이란-긴장사모펀드-환매-중단증시-하락---20260219.txt
2026-02-21 10:42:46,447 - email_notifier - INFO - Attaching file: 2026-02-19_2332_videos_미국-증시-오늘의-요약-이란-긴장사모펀드-환매-중단증시-하락---20260219.txt from D:\OneDrive\Information\summaries\2026-02-19_2332_videos_미국-증시-오늘의-요약-이란-긴장사모펀드-환매-중단증시-하락---20260219.txt
2026-02-21 10:42:46,447 - email_notifier - INFO - Successfully attached: 2026-02-19_2332_videos_미국-증시-오늘의-요약-이란-긴장사모펀드-환매-중단증시-하락---20260219.txt
2026-02-21 10:42:46,447 - email_notifier - INFO - Attaching file: 2026-02-19_0915_videos_월가아재-당신이-주식-공부를-지속하지-못하는-진짜-이유.txt from D:\OneDrive\Information\summaries\2026-02-19_0915_videos_월가아재-당신이-주식-공부를-지속하지-못하는-진짜-이유.txt
2026-02-21 10:42:46,447 - email_notifier - INFO - Successfully attached: 2026-02-19_0915_videos_월가아재-당신이-주식-공부를-지속하지-못하는-진짜-이유.txt
2026-02-21 10:42:46,448 - email_notifier - INFO - Attaching file: 2026-02-19_0300_videos_반품-천국-미국은-옛말-공짜-반품-시대-끝-홍키자의-美쿡-홍성용-특파원.txt from D:\OneDrive\Information\summaries\2026-02-19_0300_videos_반품-천국-미국은-옛말-공짜-반품-시대-끝-홍키자의-美쿡-홍성용-특파원.txt
2026-02-21 10:42:46,448 - email_notifier - INFO - Successfully attached: 2026-02-19_0300_videos_반품-천국-미국은-옛말-공짜-반품-시대-끝-홍키자의-美쿡-홍성용-특파원.txt
2026-02-21 10:42:46,448 - email_notifier - INFO - Attaching file: 2026-02-18_2335_videos_홍장원의-불앤베어-미국과-이란의-전쟁이-머지않았다는-소문이-돌고-있다.txt from D:\OneDrive\Information\summaries\2026-02-18_2335_videos_홍장원의-불앤베어-미국과-이란의-전쟁이-머지않았다는-소문이-돌고-있다.txt
2026-02-21 10:42:46,448 - email_notifier - INFO - Successfully attached: 2026-02-18_2335_videos_홍장원의-불앤베어-미국과-이란의-전쟁이-머지않았다는-소문이-돌고-있다.txt
2026-02-21 10:42:46,448 - email_notifier - INFO - Connecting to smtp.gmail.com:587
2026-02-21 10:42:50,376 - email_notifier - INFO - Email sent successfully to trillionnt12@gmail.com, mynecrow@naver.com, tlsgur21@cksolution.co.kr
2026-02-24 20:52:38,543 - email_notifier - INFO - Attaching file: 2026-02-24_1130_videos_혼란의-증시를-준비하는-저평가-배당주-ft-최신-배당기업-리스트-무료나눔.txt from D:\OneDrive\Information\summaries\2026-02-24_1130_videos_혼란의-증시를-준비하는-저평가-배당주-ft-최신-배당기업-리스트-무료나눔.txt
2026-02-24 20:52:38,544 - email_notifier - INFO - Successfully attached: 2026-02-24_1130_videos_혼란의-증시를-준비하는-저평가-배당주-ft-최신-배당기업-리스트-무료나눔.txt
2026-02-24 20:52:38,544 - email_notifier - INFO - Attaching file: 2026-02-24_0931_videos_월가아재-베네수엘라와는-차원이-다르다-이란-타격-임박.txt from D:\OneDrive\Information\summaries\2026-02-24_0931_videos_월가아재-베네수엘라와는-차원이-다르다-이란-타격-임박.txt
2026-02-24 20:52:38,545 - email_notifier - INFO - Successfully attached: 2026-02-24_0931_videos_월가아재-베네수엘라와는-차원이-다르다-이란-타격-임박.txt
2026-02-24 20:52:38,545 - email_notifier - INFO - Attaching file: 2026-02-23_2337_videos_홍장원의-불앤베어-앤트로픽이-it-주가를-다-무너뜨리고-있다-이-레이스의-끝에는-뭐가-있을.txt from D:\OneDrive\Information\summaries\2026-02-23_2337_videos_홍장원의-불앤베어-앤트로픽이-it-주가를-다-무너뜨리고-있다-이-레이스의-끝에는-뭐가-있을.txt
2026-02-24 20:52:38,545 - email_notifier - INFO - Successfully attached: 2026-02-23_2337_videos_홍장원의-불앤베어-앤트로픽이-it-주가를-다-무너뜨리고-있다-이-레이스의-끝에는-뭐가-있을.txt
2026-02-24 20:52:38,546 - email_notifier - INFO - Attaching file: 2026-02-23_2318_videos_미국-증시-오늘의-요약-ai가-다-대체한다-10-실업률-경고에-증시-발칵---2026022.txt from D:\OneDrive\Information\summaries\2026-02-23_2318_videos_미국-증시-오늘의-요약-ai가-다-대체한다-10-실업률-경고에-증시-발칵---2026022.txt
2026-02-24 20:52:38,546 - email_notifier - INFO - Successfully attached: 2026-02-23_2318_videos_미국-증시-오늘의-요약-ai가-다-대체한다-10-실업률-경고에-증시-발칵---2026022.txt
2026-02-24 20:52:38,546 - email_notifier - INFO - Attaching file: 2026-02-23_2318_videos_미국-증시-오늘의-요약-ai가-다-대체한다-10-실업률-경고에-증시-발칵---2026022.txt from D:\OneDrive\Information\summaries\2026-02-23_2318_videos_미국-증시-오늘의-요약-ai가-다-대체한다-10-실업률-경고에-증시-발칵---2026022.txt
2026-02-24 20:52:38,547 - email_notifier - INFO - Successfully attached: 2026-02-23_2318_videos_미국-증시-오늘의-요약-ai가-다-대체한다-10-실업률-경고에-증시-발칵---2026022.txt
2026-02-24 20:52:38,547 - email_notifier - INFO - Attaching file: 2026-02-23_1447_videos_골드-관세-불확실성에-5170달러-터치ㅣ길리어드-아르셀엑스-주당-115달러에-인수ㅣmstr.txt from D:\OneDrive\Information\summaries\2026-02-23_1447_videos_골드-관세-불확실성에-5170달러-터치ㅣ길리어드-아르셀엑스-주당-115달러에-인수ㅣmstr.txt
2026-02-24 20:52:38,548 - email_notifier - INFO - Successfully attached: 2026-02-23_1447_videos_골드-관세-불확실성에-5170달러-터치ㅣ길리어드-아르셀엑스-주당-115달러에-인수ㅣmstr.txt
2026-02-24 20:52:38,548 - email_notifier - INFO - Attaching file: 2026-02-23_1445_videos_코스피-급등의-비밀-외국인의-작전-박종훈의-지식한방.txt from D:\OneDrive\Information\summaries\2026-02-23_1445_videos_코스피-급등의-비밀-외국인의-작전-박종훈의-지식한방.txt
2026-02-24 20:52:38,548 - email_notifier - INFO - Successfully attached: 2026-02-23_1445_videos_코스피-급등의-비밀-외국인의-작전-박종훈의-지식한방.txt
2026-02-24 20:52:38,548 - email_notifier - INFO - Attaching file: 2026-02-23_1138_videos_관세-혼란과-이란-충돌-위험까지-아슬아슬-미-증시-혼란의-시기-이어질까.txt from D:\OneDrive\Information\summaries\2026-02-23_1138_videos_관세-혼란과-이란-충돌-위험까지-아슬아슬-미-증시-혼란의-시기-이어질까.txt
2026-02-24 20:52:38,549 - email_notifier - INFO - Successfully attached: 2026-02-23_1138_videos_관세-혼란과-이란-충돌-위험까지-아슬아슬-미-증시-혼란의-시기-이어질까.txt
2026-02-24 20:52:38,549 - email_notifier - INFO - Attaching file: 2026-02-23_0900_videos_여수에-중등부-축구단이-단-하나뿐인-이유-비디오머그.txt from D:\OneDrive\Information\summaries\2026-02-23_0900_videos_여수에-중등부-축구단이-단-하나뿐인-이유-비디오머그.txt
2026-02-24 20:52:38,549 - email_notifier - INFO - Successfully attached: 2026-02-23_0900_videos_여수에-중등부-축구단이-단-하나뿐인-이유-비디오머그.txt
2026-02-24 20:52:38,549 - email_notifier - INFO - Attaching file: 2026-02-22_1301_videos_미국은-한국의-가치를-반도체로-봐결국-진짜-전쟁은-반도체였다-트럼프가-지금-한국만은-쉽게.txt from D:\OneDrive\Information\summaries\2026-02-22_1301_videos_미국은-한국의-가치를-반도체로-봐결국-진짜-전쟁은-반도체였다-트럼프가-지금-한국만은-쉽게.txt
2026-02-24 20:52:38,550 - email_notifier - INFO - Successfully attached: 2026-02-22_1301_videos_미국은-한국의-가치를-반도체로-봐결국-진짜-전쟁은-반도체였다-트럼프가-지금-한국만은-쉽게.txt
2026-02-24 20:52:38,550 - email_notifier - INFO - Attaching file: 2026-02-22_1245_videos_ai-투자-서프라이즈인데-美-gdp-하향-이유_-차트온260222.txt from D:\OneDrive\Information\summaries\2026-02-22_1245_videos_ai-투자-서프라이즈인데-美-gdp-하향-이유_-차트온260222.txt
2026-02-24 20:52:38,550 - email_notifier - INFO - Successfully attached: 2026-02-22_1245_videos_ai-투자-서프라이즈인데-美-gdp-하향-이유_-차트온260222.txt
2026-02-24 20:52:38,550 - email_notifier - INFO - Attaching file: 2026-02-22_0021_videos_홍장원의-불앤베어-트럼프-글로벌-관세율-15로-올렸다-애크먼과-드러켄밀러-올해는-누가-이길.txt from D:\OneDrive\Information\summaries\2026-02-22_0021_videos_홍장원의-불앤베어-트럼프-글로벌-관세율-15로-올렸다-애크먼과-드러켄밀러-올해는-누가-이길.txt
2026-02-24 20:52:38,551 - email_notifier - INFO - Successfully attached: 2026-02-22_0021_videos_홍장원의-불앤베어-트럼프-글로벌-관세율-15로-올렸다-애크먼과-드러켄밀러-올해는-누가-이길.txt
2026-02-24 20:52:38,551 - email_notifier - INFO - Connecting to smtp.gmail.com:587
2026-02-24 20:52:42,931 - email_notifier - INFO - Email sent successfully to trillionnt12@gmail.com, mynecrow@naver.com, tlsgur21@cksolution.co.kr
2026-03-01 19:06:34,764 - email_notifier - INFO - Attaching file: 2026-02-28_2305_videos_속보-하메네이-사망-발표-이후-비트코인-상승-i-홍장원의-불앤베어.txt from D:\OneDrive\Information\summaries\2026-02-28_2305_videos_속보-하메네이-사망-발표-이후-비트코인-상승-i-홍장원의-불앤베어.txt
2026-03-01 19:06:34,765 - email_notifier - INFO - Successfully attached: 2026-02-28_2305_videos_속보-하메네이-사망-발표-이후-비트코인-상승-i-홍장원의-불앤베어.txt
2026-03-01 19:06:34,765 - email_notifier - INFO - Attaching file: 2026-02-28_1730_videos_속보-이란-호르무즈-해협-봉쇄-오펙플러스가-보인-놀라운-움직임-i-홍장원의-불앤베어.txt from D:\OneDrive\Information\summaries\2026-02-28_1730_videos_속보-이란-호르무즈-해협-봉쇄-오펙플러스가-보인-놀라운-움직임-i-홍장원의-불앤베어.txt
2026-03-01 19:06:34,766 - email_notifier - INFO - Successfully attached: 2026-02-28_1730_videos_속보-이란-호르무즈-해협-봉쇄-오펙플러스가-보인-놀라운-움직임-i-홍장원의-불앤베어.txt
2026-03-01 19:06:34,766 - email_notifier - INFO - Attaching file: 2026-02-28_1301_videos_트럼프-테헤란-심장부-타격-호르무즈-봉쇄될까-박종훈의-지식한방.txt from D:\OneDrive\Information\summaries\2026-02-28_1301_videos_트럼프-테헤란-심장부-타격-호르무즈-봉쇄될까-박종훈의-지식한방.txt
2026-03-01 19:06:34,767 - email_notifier - INFO - Successfully attached: 2026-02-28_1301_videos_트럼프-테헤란-심장부-타격-호르무즈-봉쇄될까-박종훈의-지식한방.txt
2026-03-01 19:06:34,767 - email_notifier - INFO - Attaching file: 2026-02-28_1120_videos_이란-공습-시작-미국증시는-먼저-움직였다.txt from D:\OneDrive\Information\summaries\2026-02-28_1120_videos_이란-공습-시작-미국증시는-먼저-움직였다.txt
2026-03-01 19:06:34,767 - email_notifier - INFO - Successfully attached: 2026-02-28_1120_videos_이란-공습-시작-미국증시는-먼저-움직였다.txt
2026-03-01 19:06:34,767 - email_notifier - INFO - Attaching file: 2026-02-28_0800_videos_헬스장-사장이-튀어도-미국에서-경찰-안-부르는-이유-금융-인프라-홍키자의-美쿡-홍성용-특파.txt from D:\OneDrive\Information\summaries\2026-02-28_0800_videos_헬스장-사장이-튀어도-미국에서-경찰-안-부르는-이유-금융-인프라-홍키자의-美쿡-홍성용-특파.txt
2026-03-01 19:06:34,768 - email_notifier - INFO - Successfully attached: 2026-02-28_0800_videos_헬스장-사장이-튀어도-미국에서-경찰-안-부르는-이유-금융-인프라-홍키자의-美쿡-홍성용-특파.txt
2026-03-01 19:06:34,768 - email_notifier - INFO - Attaching file: 2026-02-28_0300_videos_어바웃-뉴욕-롱런이란-이런-것-5년-연속-두-자릿수-성장의-비밀은-길금희-특파원.txt from D:\OneDrive\Information\summaries\2026-02-28_0300_videos_어바웃-뉴욕-롱런이란-이런-것-5년-연속-두-자릿수-성장의-비밀은-길금희-특파원.txt
2026-03-01 19:06:34,768 - email_notifier - INFO - Successfully attached: 2026-02-28_0300_videos_어바웃-뉴욕-롱런이란-이런-것-5년-연속-두-자릿수-성장의-비밀은-길금희-특파원.txt
2026-03-01 19:06:34,768 - email_notifier - INFO - Attaching file: 2026-02-28_0134_videos_홍장원의-불앤베어-드러켄밀러-한국에-큰-포지션을-보유하고-있다.txt from D:\OneDrive\Information\summaries\2026-02-28_0134_videos_홍장원의-불앤베어-드러켄밀러-한국에-큰-포지션을-보유하고-있다.txt
2026-03-01 19:06:34,769 - email_notifier - INFO - Successfully attached: 2026-02-28_0134_videos_홍장원의-불앤베어-드러켄밀러-한국에-큰-포지션을-보유하고-있다.txt
2026-03-01 19:06:34,769 - email_notifier - INFO - Attaching file: 2026-02-27_2337_videos_미국-증시-오늘의-요약-사모신용-쇼크ai-경계엔비디아-또-하락---20260227.txt from D:\OneDrive\Information\summaries\2026-02-27_2337_videos_미국-증시-오늘의-요약-사모신용-쇼크ai-경계엔비디아-또-하락---20260227.txt
2026-03-01 19:06:34,769 - email_notifier - INFO - Successfully attached: 2026-02-27_2337_videos_미국-증시-오늘의-요약-사모신용-쇼크ai-경계엔비디아-또-하락---20260227.txt
2026-03-01 19:06:34,770 - email_notifier - INFO - Attaching file: 2026-02-27_2337_videos_미국-증시-오늘의-요약-사모신용-쇼크ai-경계엔비디아-또-하락---20260227.txt from D:\OneDrive\Information\summaries\2026-02-27_2337_videos_미국-증시-오늘의-요약-사모신용-쇼크ai-경계엔비디아-또-하락---20260227.txt
2026-03-01 19:06:34,770 - email_notifier - INFO - Successfully attached: 2026-02-27_2337_videos_미국-증시-오늘의-요약-사모신용-쇼크ai-경계엔비디아-또-하락---20260227.txt
2026-03-01 19:06:34,770 - email_notifier - INFO - Attaching file: 2026-02-27_2326_videos_홍장원의-불앤베어-하락하는-빅테크-주가-드러켄밀러만-웃고-있나.txt from D:\OneDrive\Information\summaries\2026-02-27_2326_videos_홍장원의-불앤베어-하락하는-빅테크-주가-드러켄밀러만-웃고-있나.txt
2026-03-01 19:06:34,771 - email_notifier - INFO - Successfully attached: 2026-02-27_2326_videos_홍장원의-불앤베어-하락하는-빅테크-주가-드러켄밀러만-웃고-있나.txt
2026-03-01 19:06:34,771 - email_notifier - INFO - Attaching file: 2026-02-27_0300_videos_대졸-구직률이-고졸에-뒤집혔다-화이트칼라-리세션-매일뉴욕-스페셜-홍성용-특파원.txt from D:\OneDrive\Information\summaries\2026-02-27_0300_videos_대졸-구직률이-고졸에-뒤집혔다-화이트칼라-리세션-매일뉴욕-스페셜-홍성용-특파원.txt
2026-03-01 19:06:34,771 - email_notifier - INFO - Successfully attached: 2026-02-27_0300_videos_대졸-구직률이-고졸에-뒤집혔다-화이트칼라-리세션-매일뉴욕-스페셜-홍성용-특파원.txt
2026-03-01 19:06:34,771 - email_notifier - INFO - Connecting to smtp.gmail.com:587
2026-03-01 19:06:38,955 - email_notifier - INFO - Email sent successfully to trillionnt12@gmail.com, mynecrow@naver.com, tlsgur21@cksolution.co.kr
2026-03-04 21:50:50,987 - email_notifier - INFO - Attaching file: 2026-03-04_1200_videos_씨댄스에-이어-딥시크까지-미국-규제-비웃는-대륙의-질주-오그랲-비디오머그.txt from D:\OneDrive\Information\summaries\2026-03-04_1200_videos_씨댄스에-이어-딥시크까지-미국-규제-비웃는-대륙의-질주-오그랲-비디오머그.txt
2026-03-04 21:50:50,988 - email_notifier - INFO - Successfully attached: 2026-03-04_1200_videos_씨댄스에-이어-딥시크까지-미국-규제-비웃는-대륙의-질주-오그랲-비디오머그.txt
2026-03-04 21:50:50,988 - email_notifier - INFO - Attaching file: 2026-03-04_1045_videos_전쟁의-룰이-깨졌다-약소국-승률은-63다-박종훈의-지식한방.txt from D:\OneDrive\Information\summaries\2026-03-04_1045_videos_전쟁의-룰이-깨졌다-약소국-승률은-63다-박종훈의-지식한방.txt
2026-03-04 21:50:50,988 - email_notifier - INFO - Successfully attached: 2026-03-04_1045_videos_전쟁의-룰이-깨졌다-약소국-승률은-63다-박종훈의-지식한방.txt
2026-03-04 21:50:50,989 - email_notifier - INFO - Attaching file: 2026-03-04_0301_videos_어바웃-뉴욕-미-이란-무력-충돌-현실화-방산주-더-오르나-길금희-특파원.txt from D:\OneDrive\Information\summaries\2026-03-04_0301_videos_어바웃-뉴욕-미-이란-무력-충돌-현실화-방산주-더-오르나-길금희-특파원.txt
2026-03-04 21:50:50,989 - email_notifier - INFO - Successfully attached: 2026-03-04_0301_videos_어바웃-뉴욕-미-이란-무력-충돌-현실화-방산주-더-오르나-길금희-특파원.txt
2026-03-04 21:50:50,989 - email_notifier - INFO - Attaching file: 2026-03-03_2325_videos_미국-증시-오늘의-요약-중동-리스크에-짓눌린-증시-트럼프-발언이-낙폭-줄였다---20260.txt from D:\OneDrive\Information\summaries\2026-03-03_2325_videos_미국-증시-오늘의-요약-중동-리스크에-짓눌린-증시-트럼프-발언이-낙폭-줄였다---20260.txt
2026-03-04 21:50:50,990 - email_notifier - INFO - Successfully attached: 2026-03-03_2325_videos_미국-증시-오늘의-요약-중동-리스크에-짓눌린-증시-트럼프-발언이-낙폭-줄였다---20260.txt
2026-03-04 21:50:50,990 - email_notifier - INFO - Attaching file: 2026-03-03_2325_videos_미국-증시-오늘의-요약-중동-리스크에-짓눌린-증시-트럼프-발언이-낙폭-줄였다---20260.txt from D:\OneDrive\Information\summaries\2026-03-03_2325_videos_미국-증시-오늘의-요약-중동-리스크에-짓눌린-증시-트럼프-발언이-낙폭-줄였다---20260.txt
2026-03-04 21:50:50,990 - email_notifier - INFO - Successfully attached: 2026-03-03_2325_videos_미국-증시-오늘의-요약-중동-리스크에-짓눌린-증시-트럼프-발언이-낙폭-줄였다---20260.txt
2026-03-04 21:50:50,991 - email_notifier - INFO - Attaching file: 2026-03-03_2315_videos_홍장원의-불앤베어-증시-하락에-이어-금까지-하락-이라크-세계-2위-유전-가동중지.txt from D:\OneDrive\Information\summaries\2026-03-03_2315_videos_홍장원의-불앤베어-증시-하락에-이어-금까지-하락-이라크-세계-2위-유전-가동중지.txt
2026-03-04 21:50:50,991 - email_notifier - INFO - Successfully attached: 2026-03-03_2315_videos_홍장원의-불앤베어-증시-하락에-이어-금까지-하락-이라크-세계-2위-유전-가동중지.txt
2026-03-04 21:50:50,992 - email_notifier - INFO - Attaching file: 2026-03-03_1100_videos_미국주식-공포속에서-강력한-기회-신호-포착.txt from D:\OneDrive\Information\summaries\2026-03-03_1100_videos_미국주식-공포속에서-강력한-기회-신호-포착.txt
2026-03-04 21:50:50,992 - email_notifier - INFO - Successfully attached: 2026-03-03_1100_videos_미국주식-공포속에서-강력한-기회-신호-포착.txt
2026-03-04 21:50:50,992 - email_notifier - INFO - Attaching file: 2026-03-02_2328_videos_미국-증시-오늘의-요약-이란-공습-충격-유가-급등에도-증시-버텼다---20260302.txt from D:\OneDrive\Information\summaries\2026-03-02_2328_videos_미국-증시-오늘의-요약-이란-공습-충격-유가-급등에도-증시-버텼다---20260302.txt
2026-03-04 21:50:50,993 - email_notifier - INFO - Successfully attached: 2026-03-02_2328_videos_미국-증시-오늘의-요약-이란-공습-충격-유가-급등에도-증시-버텼다---20260302.txt
2026-03-04 21:50:50,993 - email_notifier - INFO - Attaching file: 2026-03-02_2328_videos_미국-증시-오늘의-요약-이란-공습-충격-유가-급등에도-증시-버텼다---20260302.txt from D:\OneDrive\Information\summaries\2026-03-02_2328_videos_미국-증시-오늘의-요약-이란-공습-충격-유가-급등에도-증시-버텼다---20260302.txt
2026-03-04 21:50:50,993 - email_notifier - INFO - Successfully attached: 2026-03-02_2328_videos_미국-증시-오늘의-요약-이란-공습-충격-유가-급등에도-증시-버텼다---20260302.txt
2026-03-04 21:50:50,994 - email_notifier - INFO - Attaching file: 2026-03-02_2318_videos_홍장원의-불앤베어-전쟁-확산에도-국채금리-상승-시장은-이제-물가를-두려워한다.txt from D:\OneDrive\Information\summaries\2026-03-02_2318_videos_홍장원의-불앤베어-전쟁-확산에도-국채금리-상승-시장은-이제-물가를-두려워한다.txt
2026-03-04 21:50:50,994 - email_notifier - INFO - Successfully attached: 2026-03-02_2318_videos_홍장원의-불앤베어-전쟁-확산에도-국채금리-상승-시장은-이제-물가를-두려워한다.txt
2026-03-04 21:50:50,994 - email_notifier - INFO - Attaching file: 2026-03-02_1338_videos_이미-판은-다-짜였다베센트의-치밀한-달러-재설계-시나리오-ft오건영-신한-프리미어-패스파인.txt from D:\OneDrive\Information\summaries\2026-03-02_1338_videos_이미-판은-다-짜였다베센트의-치밀한-달러-재설계-시나리오-ft오건영-신한-프리미어-패스파인.txt
2026-03-04 21:50:50,995 - email_notifier - INFO - Successfully attached: 2026-03-02_1338_videos_이미-판은-다-짜였다베센트의-치밀한-달러-재설계-시나리오-ft오건영-신한-프리미어-패스파인.txt
2026-03-04 21:50:50,995 - email_notifier - INFO - Attaching file: 2026-03-01_1840_videos_홍장원의-불앤베어-하메네이-사망에도-불안한-유가-호르무즈-해협-동결가능성은.txt from D:\OneDrive\Information\summaries\2026-03-01_1840_videos_홍장원의-불앤베어-하메네이-사망에도-불안한-유가-호르무즈-해협-동결가능성은.txt
2026-03-04 21:50:50,996 - email_notifier - INFO - Successfully attached: 2026-03-01_1840_videos_홍장원의-불앤베어-하메네이-사망에도-불안한-유가-호르무즈-해협-동결가능성은.txt
2026-03-04 21:50:50,996 - email_notifier - INFO - Connecting to smtp.gmail.com:587
2026-03-04 21:50:55,770 - email_notifier - INFO - Email sent successfully to trillionnt12@gmail.com, mynecrow@naver.com, tlsgur21@cksolution.co.kr
2026-03-05 22:58:29,900 - email_notifier - INFO - Attaching file: 2026-03-05_1137_videos_월가의-돈-버는-기계-드러켄밀러의-새로운-베팅-이번에도-적중할까.txt from D:\OneDrive\Information\summaries\2026-03-05_1137_videos_월가의-돈-버는-기계-드러켄밀러의-새로운-베팅-이번에도-적중할까.txt
2026-03-05 22:58:29,900 - email_notifier - INFO - Successfully attached: 2026-03-05_1137_videos_월가의-돈-버는-기계-드러켄밀러의-새로운-베팅-이번에도-적중할까.txt
2026-03-05 22:58:29,901 - email_notifier - INFO - Attaching file: 2026-03-05_0901_videos_3천만원-이란-드론-잡는데-60억-미사일-미국-200배-손해-전쟁-언제까지-똑소리e-비디오.txt from D:\OneDrive\Information\summaries\2026-03-05_0901_videos_3천만원-이란-드론-잡는데-60억-미사일-미국-200배-손해-전쟁-언제까지-똑소리e-비디오.txt
2026-03-05 22:58:29,901 - email_notifier - INFO - Successfully attached: 2026-03-05_0901_videos_3천만원-이란-드론-잡는데-60억-미사일-미국-200배-손해-전쟁-언제까지-똑소리e-비디오.txt
2026-03-05 22:58:29,902 - email_notifier - INFO - Attaching file: 2026-03-04_2341_videos_미국-증시-오늘의-요약-이란-휴전설고용-호조에-안도-랠리-마이크론브로드컴-등-기술주-강세.txt from D:\OneDrive\Information\summaries\2026-03-04_2341_videos_미국-증시-오늘의-요약-이란-휴전설고용-호조에-안도-랠리-마이크론브로드컴-등-기술주-강세.txt
2026-03-05 22:58:29,902 - email_notifier - INFO - Successfully attached: 2026-03-04_2341_videos_미국-증시-오늘의-요약-이란-휴전설고용-호조에-안도-랠리-마이크론브로드컴-등-기술주-강세.txt
2026-03-05 22:58:29,902 - email_notifier - INFO - Attaching file: 2026-03-04_2341_videos_미국-증시-오늘의-요약-이란-휴전설고용-호조에-안도-랠리-마이크론브로드컴-등-기술주-강세.txt from D:\OneDrive\Information\summaries\2026-03-04_2341_videos_미국-증시-오늘의-요약-이란-휴전설고용-호조에-안도-랠리-마이크론브로드컴-등-기술주-강세.txt
2026-03-05 22:58:29,903 - email_notifier - INFO - Successfully attached: 2026-03-04_2341_videos_미국-증시-오늘의-요약-이란-휴전설고용-호조에-안도-랠리-마이크론브로드컴-등-기술주-강세.txt
2026-03-05 22:58:29,903 - email_notifier - INFO - Attaching file: 2026-03-04_2314_videos_홍장원의-불앤베어-트럼프-리딩에-비트코인-랠리.txt from D:\OneDrive\Information\summaries\2026-03-04_2314_videos_홍장원의-불앤베어-트럼프-리딩에-비트코인-랠리.txt
2026-03-05 22:58:29,903 - email_notifier - INFO - Successfully attached: 2026-03-04_2314_videos_홍장원의-불앤베어-트럼프-리딩에-비트코인-랠리.txt
2026-03-05 22:58:29,903 - email_notifier - INFO - Attaching file: 2026-03-03_1112_videos_충격적인-ai-디스토피아-보고서-등장-경제-대공황-우려-현실될까.txt from D:\OneDrive\Information\summaries\2026-03-03_1112_videos_충격적인-ai-디스토피아-보고서-등장-경제-대공황-우려-현실될까.txt
2026-03-05 22:58:29,904 - email_notifier - INFO - Successfully attached: 2026-03-03_1112_videos_충격적인-ai-디스토피아-보고서-등장-경제-대공황-우려-현실될까.txt
2026-03-05 22:58:29,904 - email_notifier - INFO - Attaching file: 2026-03-02_0953_videos_트럼프와-이란-끝까지-간다-보복전-시작-증시-혼란-계속될까.txt from D:\OneDrive\Information\summaries\2026-03-02_0953_videos_트럼프와-이란-끝까지-간다-보복전-시작-증시-혼란-계속될까.txt
2026-03-05 22:58:29,905 - email_notifier - INFO - Successfully attached: 2026-03-02_0953_videos_트럼프와-이란-끝까지-간다-보복전-시작-증시-혼란-계속될까.txt
2026-03-05 22:58:29,905 - email_notifier - INFO - Attaching file: 2026-03-01_1314_videos_ai-리스크-금융시스템으로_-차트온260301.txt from D:\OneDrive\Information\summaries\2026-03-01_1314_videos_ai-리스크-금융시스템으로_-차트온260301.txt
2026-03-05 22:58:29,905 - email_notifier - INFO - Successfully attached: 2026-03-01_1314_videos_ai-리스크-금융시스템으로_-차트온260301.txt
2026-03-05 22:58:29,905 - email_notifier - INFO - Attaching file: 2026-02-26_2345_videos_미국-증시-오늘의-요약-엔비디아-실적도-못-살렸다-ai-기대-이제-검증-구간-진입---20.txt from D:\OneDrive\Information\summaries\2026-02-26_2345_videos_미국-증시-오늘의-요약-엔비디아-실적도-못-살렸다-ai-기대-이제-검증-구간-진입---20.txt
2026-03-05 22:58:29,906 - email_notifier - INFO - Successfully attached: 2026-02-26_2345_videos_미국-증시-오늘의-요약-엔비디아-실적도-못-살렸다-ai-기대-이제-검증-구간-진입---20.txt
2026-03-05 22:58:29,906 - email_notifier - INFO - Attaching file: 2026-02-26_2345_videos_미국-증시-오늘의-요약-엔비디아-실적도-못-살렸다-ai-기대-이제-검증-구간-진입---20.txt from D:\OneDrive\Information\summaries\2026-02-26_2345_videos_미국-증시-오늘의-요약-엔비디아-실적도-못-살렸다-ai-기대-이제-검증-구간-진입---20.txt
2026-03-05 22:58:29,907 - email_notifier - INFO - Successfully attached: 2026-02-26_2345_videos_미국-증시-오늘의-요약-엔비디아-실적도-못-살렸다-ai-기대-이제-검증-구간-진입---20.txt
2026-03-05 22:58:29,907 - email_notifier - INFO - Attaching file: 2026-02-26_2331_videos_홍장원의-불앤베어-시타델-시트리니-대침체-보고서는-말이-안된다.txt from D:\OneDrive\Information\summaries\2026-02-26_2331_videos_홍장원의-불앤베어-시타델-시트리니-대침체-보고서는-말이-안된다.txt
2026-03-05 22:58:29,907 - email_notifier - INFO - Successfully attached: 2026-02-26_2331_videos_홍장원의-불앤베어-시타델-시트리니-대침체-보고서는-말이-안된다.txt
2026-03-05 22:58:29,907 - email_notifier - INFO - Connecting to smtp.gmail.com:587
2026-03-05 22:58:34,395 - email_notifier - INFO - Email sent successfully to trillionnt12@gmail.com, mynecrow@naver.com, tlsgur21@cksolution.co.kr
2026-03-09 21:41:58,697 - email_notifier - INFO - Attaching file: 2026-03-09_0938_videos_클로드-코드-schedule-업데이트-앙-맛이쪄.txt from D:\OneDrive\Information\summaries\2026-03-09_0938_videos_클로드-코드-schedule-업데이트-앙-맛이쪄.txt
2026-03-09 21:41:58,697 - email_notifier - WARNING - Attachment file not found: D:\OneDrive\Information\summaries\2026-03-09_0938_videos_클로드-코드-schedule-업데이트-앙-맛이쪄.txt
2026-03-09 21:41:58,697 - email_notifier - INFO - Attaching file: 2026-03-09_0920_videos_월가아재-이란-전쟁은-설계된-게임인가-유가와-증시-향방을-결정지을-핵심-변수.txt from D:\OneDrive\Information\summaries\2026-03-09_0920_videos_월가아재-이란-전쟁은-설계된-게임인가-유가와-증시-향방을-결정지을-핵심-변수.txt
2026-03-09 21:41:58,697 - email_notifier - INFO - Successfully attached: 2026-03-09_0920_videos_월가아재-이란-전쟁은-설계된-게임인가-유가와-증시-향방을-결정지을-핵심-변수.txt
2026-03-09 21:41:58,698 - email_notifier - INFO - Attaching file: 2026-03-08_2354_videos_속보-원유100달러-돌파-헤그세스-국방장관이-공개한-대大-북아메리카-안보지도-이란-최고지도.txt from D:\OneDrive\Information\summaries\2026-03-08_2354_videos_속보-원유100달러-돌파-헤그세스-국방장관이-공개한-대大-북아메리카-안보지도-이란-최고지도.txt
2026-03-09 21:41:58,698 - email_notifier - INFO - Successfully attached: 2026-03-08_2354_videos_속보-원유100달러-돌파-헤그세스-국방장관이-공개한-대大-북아메리카-안보지도-이란-최고지도.txt
2026-03-09 21:41:58,698 - email_notifier - INFO - Attaching file: 2026-03-08_1309_videos_진짜-목적은-따로-있다트럼프는-왜-이란-공습을-서두를까-전쟁-후-닥칠-금융-패권-시나리오.txt from D:\OneDrive\Information\summaries\2026-03-08_1309_videos_진짜-목적은-따로-있다트럼프는-왜-이란-공습을-서두를까-전쟁-후-닥칠-금융-패권-시나리오.txt
2026-03-09 21:41:58,698 - email_notifier - INFO - Successfully attached: 2026-03-08_1309_videos_진짜-목적은-따로-있다트럼프는-왜-이란-공습을-서두를까-전쟁-후-닥칠-금융-패권-시나리오.txt
2026-03-09 21:41:58,698 - email_notifier - INFO - Attaching file: 2026-03-08_1258_videos_트럼프-압박하는-스태그플레이션-그림자_-차트온260308.txt from D:\OneDrive\Information\summaries\2026-03-08_1258_videos_트럼프-압박하는-스태그플레이션-그림자_-차트온260308.txt
2026-03-09 21:41:58,699 - email_notifier - INFO - Successfully attached: 2026-03-08_1258_videos_트럼프-압박하는-스태그플레이션-그림자_-차트온260308.txt
2026-03-09 21:41:58,699 - email_notifier - INFO - Attaching file: 2026-03-08_0700_videos_미국은-늘-실패했다-중동-전쟁의-늪-트럼프의-위험한-도박이-시작됐다-ft-박현도-성일광-교.txt from D:\OneDrive\Information\summaries\2026-03-08_0700_videos_미국은-늘-실패했다-중동-전쟁의-늪-트럼프의-위험한-도박이-시작됐다-ft-박현도-성일광-교.txt
2026-03-09 21:41:58,699 - email_notifier - INFO - Successfully attached: 2026-03-08_0700_videos_미국은-늘-실패했다-중동-전쟁의-늪-트럼프의-위험한-도박이-시작됐다-ft-박현도-성일광-교.txt
2026-03-09 21:41:58,699 - email_notifier - INFO - Attaching file: 2026-03-07_2301_videos_스마트폰-ai-전략-실리콘밸리뷰-원호섭-특파원.txt from D:\OneDrive\Information\summaries\2026-03-07_2301_videos_스마트폰-ai-전략-실리콘밸리뷰-원호섭-특파원.txt
2026-03-09 21:41:58,699 - email_notifier - INFO - Successfully attached: 2026-03-07_2301_videos_스마트폰-ai-전략-실리콘밸리뷰-원호섭-특파원.txt
2026-03-09 21:41:58,700 - email_notifier - INFO - Attaching file: 2026-03-07_2220_videos_홍장원의-불앤베어-트럼프-유가-오르면-오르는-거지-이란이-훨씬-중요하다.txt from D:\OneDrive\Information\summaries\2026-03-07_2220_videos_홍장원의-불앤베어-트럼프-유가-오르면-오르는-거지-이란이-훨씬-중요하다.txt
2026-03-09 21:41:58,700 - email_notifier - INFO - Successfully attached: 2026-03-07_2220_videos_홍장원의-불앤베어-트럼프-유가-오르면-오르는-거지-이란이-훨씬-중요하다.txt
2026-03-09 21:41:58,700 - email_notifier - INFO - Attaching file: 2026-03-07_0800_videos_뉴욕-월세-폭등-30일만-버티면-내-집-뺏는-스쿼터-홍키자의-美쿡-홍성용-특파원.txt from D:\OneDrive\Information\summaries\2026-03-07_0800_videos_뉴욕-월세-폭등-30일만-버티면-내-집-뺏는-스쿼터-홍키자의-美쿡-홍성용-특파원.txt
2026-03-09 21:41:58,700 - email_notifier - INFO - Successfully attached: 2026-03-07_0800_videos_뉴욕-월세-폭등-30일만-버티면-내-집-뺏는-스쿼터-홍키자의-美쿡-홍성용-특파원.txt
2026-03-09 21:41:58,700 - email_notifier - INFO - Attaching file: 2026-03-07_0555_videos_중동-유전-영구적-파괴-딱-2주-남았다-박종훈의-지식한방.txt from D:\OneDrive\Information\summaries\2026-03-07_0555_videos_중동-유전-영구적-파괴-딱-2주-남았다-박종훈의-지식한방.txt
2026-03-09 21:41:58,701 - email_notifier - INFO - Successfully attached: 2026-03-07_0555_videos_중동-유전-영구적-파괴-딱-2주-남았다-박종훈의-지식한방.txt
2026-03-09 21:41:58,701 - email_notifier - INFO - Attaching file: 2026-03-07_0300_videos_어바웃-뉴욕-저마진-유통의-한계-월마트-테크-전략이-깨부쉈다-길금희-특파원.txt from D:\OneDrive\Information\summaries\2026-03-07_0300_videos_어바웃-뉴욕-저마진-유통의-한계-월마트-테크-전략이-깨부쉈다-길금희-특파원.txt
2026-03-09 21:41:58,701 - email_notifier - INFO - Successfully attached: 2026-03-07_0300_videos_어바웃-뉴욕-저마진-유통의-한계-월마트-테크-전략이-깨부쉈다-길금희-특파원.txt
2026-03-09 21:41:58,701 - email_notifier - INFO - Attaching file: 2026-03-07_0100_videos_중동-전문가들-한목소리-호르무즈-막히면-끝-한국-덮칠-기름값-공포-ft-박현도-성일광-교수.txt from D:\OneDrive\Information\summaries\2026-03-07_0100_videos_중동-전문가들-한목소리-호르무즈-막히면-끝-한국-덮칠-기름값-공포-ft-박현도-성일광-교수.txt
2026-03-09 21:41:58,701 - email_notifier - INFO - Successfully attached: 2026-03-07_0100_videos_중동-전문가들-한목소리-호르무즈-막히면-끝-한국-덮칠-기름값-공포-ft-박현도-성일광-교수.txt
2026-03-09 21:41:58,701 - email_notifier - INFO - Connecting to smtp.gmail.com:587
2026-03-09 21:42:03,338 - email_notifier - INFO - Email sent successfully to trillionnt12@gmail.com, mynecrow@naver.com, tlsgur21@cksolution.co.kr
