[2026-01-29T13:46:42.627+0000] {processor.py:161} INFO - Started process (PID=207) to work on /opt/airflow/dags/youtube_summary_dag.py
[2026-01-29T13:46:42.628+0000] {processor.py:830} INFO - Processing file /opt/airflow/dags/youtube_summary_dag.py for tasks to queue
[2026-01-29T13:46:42.629+0000] {logging_mixin.py:188} INFO - [2026-01-29T13:46:42.629+0000] {dagbag.py:538} INFO - Filling up the DagBag from /opt/airflow/dags/youtube_summary_dag.py
[2026-01-29T13:46:42.668+0000] {processor.py:840} INFO - DAG(s) 'youtube_summary_system' retrieved from /opt/airflow/dags/youtube_summary_dag.py
[2026-01-29T13:46:42.850+0000] {logging_mixin.py:188} INFO - [2026-01-29T13:46:42.849+0000] {override.py:1769} INFO - Created Permission View: can delete on DAG:youtube_summary_system
[2026-01-29T13:46:42.858+0000] {logging_mixin.py:188} INFO - [2026-01-29T13:46:42.858+0000] {override.py:1769} INFO - Created Permission View: can read on DAG:youtube_summary_system
[2026-01-29T13:46:42.867+0000] {logging_mixin.py:188} INFO - [2026-01-29T13:46:42.867+0000] {override.py:1769} INFO - Created Permission View: can edit on DAG:youtube_summary_system
[2026-01-29T13:46:42.868+0000] {logging_mixin.py:188} INFO - [2026-01-29T13:46:42.868+0000] {dag.py:3033} INFO - Sync 1 DAGs
[2026-01-29T13:46:42.876+0000] {logging_mixin.py:188} INFO - [2026-01-29T13:46:42.876+0000] {dag.py:3055} INFO - Creating ORM DAG for youtube_summary_system
[2026-01-29T13:46:42.885+0000] {logging_mixin.py:188} INFO - [2026-01-29T13:46:42.885+0000] {dag.py:3820} INFO - Setting next_dagrun for youtube_summary_system to 2026-01-01T23:00:00+00:00, run_after=2026-01-02T23:00:00+00:00
[2026-01-29T13:46:42.905+0000] {processor.py:183} INFO - Processing /opt/airflow/dags/youtube_summary_dag.py took 0.280 seconds
[2026-01-29T13:47:13.073+0000] {processor.py:161} INFO - Started process (PID=247) to work on /opt/airflow/dags/youtube_summary_dag.py
[2026-01-29T13:47:13.074+0000] {processor.py:830} INFO - Processing file /opt/airflow/dags/youtube_summary_dag.py for tasks to queue
[2026-01-29T13:47:13.075+0000] {logging_mixin.py:188} INFO - [2026-01-29T13:47:13.075+0000] {dagbag.py:538} INFO - Filling up the DagBag from /opt/airflow/dags/youtube_summary_dag.py
[2026-01-29T13:47:13.100+0000] {processor.py:840} INFO - DAG(s) 'youtube_summary_system' retrieved from /opt/airflow/dags/youtube_summary_dag.py
[2026-01-29T13:47:13.112+0000] {logging_mixin.py:188} INFO - [2026-01-29T13:47:13.112+0000] {dag.py:3033} INFO - Sync 1 DAGs
[2026-01-29T13:47:13.149+0000] {processor.py:183} INFO - Processing /opt/airflow/dags/youtube_summary_dag.py took 0.079 seconds
[2026-01-29T13:47:43.223+0000] {processor.py:161} INFO - Started process (PID=294) to work on /opt/airflow/dags/youtube_summary_dag.py
[2026-01-29T13:47:43.224+0000] {processor.py:830} INFO - Processing file /opt/airflow/dags/youtube_summary_dag.py for tasks to queue
[2026-01-29T13:47:43.224+0000] {logging_mixin.py:188} INFO - [2026-01-29T13:47:43.224+0000] {dagbag.py:538} INFO - Filling up the DagBag from /opt/airflow/dags/youtube_summary_dag.py
[2026-01-29T13:47:43.246+0000] {processor.py:840} INFO - DAG(s) 'youtube_summary_system' retrieved from /opt/airflow/dags/youtube_summary_dag.py
[2026-01-29T13:47:43.336+0000] {logging_mixin.py:188} INFO - [2026-01-29T13:47:43.336+0000] {dag.py:3033} INFO - Sync 1 DAGs
[2026-01-29T13:47:43.372+0000] {processor.py:183} INFO - Processing /opt/airflow/dags/youtube_summary_dag.py took 0.152 seconds
[2026-01-29T13:48:13.454+0000] {processor.py:161} INFO - Started process (PID=327) to work on /opt/airflow/dags/youtube_summary_dag.py
[2026-01-29T13:48:13.455+0000] {processor.py:830} INFO - Processing file /opt/airflow/dags/youtube_summary_dag.py for tasks to queue
[2026-01-29T13:48:13.455+0000] {logging_mixin.py:188} INFO - [2026-01-29T13:48:13.455+0000] {dagbag.py:538} INFO - Filling up the DagBag from /opt/airflow/dags/youtube_summary_dag.py
[2026-01-29T13:48:13.480+0000] {processor.py:840} INFO - DAG(s) 'youtube_summary_system' retrieved from /opt/airflow/dags/youtube_summary_dag.py
[2026-01-29T13:48:13.515+0000] {logging_mixin.py:188} INFO - [2026-01-29T13:48:13.515+0000] {dag.py:3033} INFO - Sync 1 DAGs
[2026-01-29T13:48:13.544+0000] {processor.py:183} INFO - Processing /opt/airflow/dags/youtube_summary_dag.py took 0.093 seconds
[2026-01-29T13:48:43.685+0000] {processor.py:161} INFO - Started process (PID=348) to work on /opt/airflow/dags/youtube_summary_dag.py
[2026-01-29T13:48:43.686+0000] {processor.py:830} INFO - Processing file /opt/airflow/dags/youtube_summary_dag.py for tasks to queue
[2026-01-29T13:48:43.687+0000] {logging_mixin.py:188} INFO - [2026-01-29T13:48:43.686+0000] {dagbag.py:538} INFO - Filling up the DagBag from /opt/airflow/dags/youtube_summary_dag.py
[2026-01-29T13:48:43.711+0000] {processor.py:840} INFO - DAG(s) 'youtube_summary_system' retrieved from /opt/airflow/dags/youtube_summary_dag.py
[2026-01-29T13:48:43.743+0000] {logging_mixin.py:188} INFO - [2026-01-29T13:48:43.742+0000] {dag.py:3033} INFO - Sync 1 DAGs
[2026-01-29T13:48:43.773+0000] {processor.py:183} INFO - Processing /opt/airflow/dags/youtube_summary_dag.py took 0.091 seconds
[2026-01-29T13:49:13.850+0000] {processor.py:161} INFO - Started process (PID=377) to work on /opt/airflow/dags/youtube_summary_dag.py
[2026-01-29T13:49:13.851+0000] {processor.py:830} INFO - Processing file /opt/airflow/dags/youtube_summary_dag.py for tasks to queue
[2026-01-29T13:49:13.852+0000] {logging_mixin.py:188} INFO - [2026-01-29T13:49:13.851+0000] {dagbag.py:538} INFO - Filling up the DagBag from /opt/airflow/dags/youtube_summary_dag.py
[2026-01-29T13:49:13.875+0000] {processor.py:840} INFO - DAG(s) 'youtube_summary_system' retrieved from /opt/airflow/dags/youtube_summary_dag.py
[2026-01-29T13:49:13.907+0000] {logging_mixin.py:188} INFO - [2026-01-29T13:49:13.906+0000] {dag.py:3033} INFO - Sync 1 DAGs
[2026-01-29T13:49:13.937+0000] {processor.py:183} INFO - Processing /opt/airflow/dags/youtube_summary_dag.py took 0.090 seconds
[2026-01-29T13:49:44.083+0000] {processor.py:161} INFO - Started process (PID=398) to work on /opt/airflow/dags/youtube_summary_dag.py
[2026-01-29T13:49:44.084+0000] {processor.py:830} INFO - Processing file /opt/airflow/dags/youtube_summary_dag.py for tasks to queue
[2026-01-29T13:49:44.085+0000] {logging_mixin.py:188} INFO - [2026-01-29T13:49:44.085+0000] {dagbag.py:538} INFO - Filling up the DagBag from /opt/airflow/dags/youtube_summary_dag.py
[2026-01-29T13:49:44.108+0000] {processor.py:840} INFO - DAG(s) 'youtube_summary_system' retrieved from /opt/airflow/dags/youtube_summary_dag.py
[2026-01-29T13:49:44.140+0000] {logging_mixin.py:188} INFO - [2026-01-29T13:49:44.140+0000] {dag.py:3033} INFO - Sync 1 DAGs
[2026-01-29T13:49:44.176+0000] {processor.py:183} INFO - Processing /opt/airflow/dags/youtube_summary_dag.py took 0.095 seconds
[2026-01-29T13:50:14.247+0000] {processor.py:161} INFO - Started process (PID=427) to work on /opt/airflow/dags/youtube_summary_dag.py
[2026-01-29T13:50:14.248+0000] {processor.py:830} INFO - Processing file /opt/airflow/dags/youtube_summary_dag.py for tasks to queue
[2026-01-29T13:50:14.248+0000] {logging_mixin.py:188} INFO - [2026-01-29T13:50:14.248+0000] {dagbag.py:538} INFO - Filling up the DagBag from /opt/airflow/dags/youtube_summary_dag.py
[2026-01-29T13:50:14.271+0000] {processor.py:840} INFO - DAG(s) 'youtube_summary_system' retrieved from /opt/airflow/dags/youtube_summary_dag.py
[2026-01-29T13:50:14.302+0000] {logging_mixin.py:188} INFO - [2026-01-29T13:50:14.301+0000] {dag.py:3033} INFO - Sync 1 DAGs
[2026-01-29T13:50:14.328+0000] {processor.py:183} INFO - Processing /opt/airflow/dags/youtube_summary_dag.py took 0.084 seconds
[2026-01-29T13:50:44.489+0000] {processor.py:161} INFO - Started process (PID=448) to work on /opt/airflow/dags/youtube_summary_dag.py
[2026-01-29T13:50:44.489+0000] {processor.py:830} INFO - Processing file /opt/airflow/dags/youtube_summary_dag.py for tasks to queue
[2026-01-29T13:50:44.490+0000] {logging_mixin.py:188} INFO - [2026-01-29T13:50:44.490+0000] {dagbag.py:538} INFO - Filling up the DagBag from /opt/airflow/dags/youtube_summary_dag.py
[2026-01-29T13:50:44.516+0000] {processor.py:840} INFO - DAG(s) 'youtube_summary_system' retrieved from /opt/airflow/dags/youtube_summary_dag.py
[2026-01-29T13:50:44.547+0000] {logging_mixin.py:188} INFO - [2026-01-29T13:50:44.547+0000] {dag.py:3033} INFO - Sync 1 DAGs
[2026-01-29T13:50:44.577+0000] {processor.py:183} INFO - Processing /opt/airflow/dags/youtube_summary_dag.py took 0.091 seconds
[2026-01-29T13:51:14.658+0000] {processor.py:161} INFO - Started process (PID=477) to work on /opt/airflow/dags/youtube_summary_dag.py
[2026-01-29T13:51:14.659+0000] {processor.py:830} INFO - Processing file /opt/airflow/dags/youtube_summary_dag.py for tasks to queue
[2026-01-29T13:51:14.659+0000] {logging_mixin.py:188} INFO - [2026-01-29T13:51:14.659+0000] {dagbag.py:538} INFO - Filling up the DagBag from /opt/airflow/dags/youtube_summary_dag.py
[2026-01-29T13:51:14.682+0000] {processor.py:840} INFO - DAG(s) 'youtube_summary_system' retrieved from /opt/airflow/dags/youtube_summary_dag.py
[2026-01-29T13:51:14.714+0000] {logging_mixin.py:188} INFO - [2026-01-29T13:51:14.714+0000] {dag.py:3033} INFO - Sync 1 DAGs
[2026-01-29T13:51:14.746+0000] {processor.py:183} INFO - Processing /opt/airflow/dags/youtube_summary_dag.py took 0.091 seconds
[2026-01-29T13:51:44.895+0000] {processor.py:161} INFO - Started process (PID=498) to work on /opt/airflow/dags/youtube_summary_dag.py
[2026-01-29T13:51:44.895+0000] {processor.py:830} INFO - Processing file /opt/airflow/dags/youtube_summary_dag.py for tasks to queue
[2026-01-29T13:51:44.896+0000] {logging_mixin.py:188} INFO - [2026-01-29T13:51:44.896+0000] {dagbag.py:538} INFO - Filling up the DagBag from /opt/airflow/dags/youtube_summary_dag.py
[2026-01-29T13:51:44.918+0000] {processor.py:840} INFO - DAG(s) 'youtube_summary_system' retrieved from /opt/airflow/dags/youtube_summary_dag.py
[2026-01-29T13:51:44.952+0000] {logging_mixin.py:188} INFO - [2026-01-29T13:51:44.952+0000] {dag.py:3033} INFO - Sync 1 DAGs
[2026-01-29T13:51:44.983+0000] {processor.py:183} INFO - Processing /opt/airflow/dags/youtube_summary_dag.py took 0.091 seconds
[2026-01-29T13:52:15.060+0000] {processor.py:161} INFO - Started process (PID=527) to work on /opt/airflow/dags/youtube_summary_dag.py
[2026-01-29T13:52:15.061+0000] {processor.py:830} INFO - Processing file /opt/airflow/dags/youtube_summary_dag.py for tasks to queue
[2026-01-29T13:52:15.062+0000] {logging_mixin.py:188} INFO - [2026-01-29T13:52:15.061+0000] {dagbag.py:538} INFO - Filling up the DagBag from /opt/airflow/dags/youtube_summary_dag.py
[2026-01-29T13:52:15.083+0000] {processor.py:840} INFO - DAG(s) 'youtube_summary_system' retrieved from /opt/airflow/dags/youtube_summary_dag.py
[2026-01-29T13:52:15.113+0000] {logging_mixin.py:188} INFO - [2026-01-29T13:52:15.113+0000] {dag.py:3033} INFO - Sync 1 DAGs
[2026-01-29T13:52:15.141+0000] {processor.py:183} INFO - Processing /opt/airflow/dags/youtube_summary_dag.py took 0.083 seconds
[2026-01-29T13:52:45.292+0000] {processor.py:161} INFO - Started process (PID=556) to work on /opt/airflow/dags/youtube_summary_dag.py
[2026-01-29T13:52:45.293+0000] {processor.py:830} INFO - Processing file /opt/airflow/dags/youtube_summary_dag.py for tasks to queue
[2026-01-29T13:52:45.294+0000] {logging_mixin.py:188} INFO - [2026-01-29T13:52:45.294+0000] {dagbag.py:538} INFO - Filling up the DagBag from /opt/airflow/dags/youtube_summary_dag.py
[2026-01-29T13:52:45.320+0000] {processor.py:840} INFO - DAG(s) 'youtube_summary_system' retrieved from /opt/airflow/dags/youtube_summary_dag.py
[2026-01-29T13:52:45.354+0000] {logging_mixin.py:188} INFO - [2026-01-29T13:52:45.354+0000] {dag.py:3033} INFO - Sync 1 DAGs
[2026-01-29T13:52:45.391+0000] {processor.py:183} INFO - Processing /opt/airflow/dags/youtube_summary_dag.py took 0.101 seconds
[2026-01-29T13:53:15.459+0000] {processor.py:161} INFO - Started process (PID=585) to work on /opt/airflow/dags/youtube_summary_dag.py
[2026-01-29T13:53:15.460+0000] {processor.py:830} INFO - Processing file /opt/airflow/dags/youtube_summary_dag.py for tasks to queue
[2026-01-29T13:53:15.461+0000] {logging_mixin.py:188} INFO - [2026-01-29T13:53:15.460+0000] {dagbag.py:538} INFO - Filling up the DagBag from /opt/airflow/dags/youtube_summary_dag.py
[2026-01-29T13:53:15.485+0000] {processor.py:840} INFO - DAG(s) 'youtube_summary_system' retrieved from /opt/airflow/dags/youtube_summary_dag.py
[2026-01-29T13:53:15.517+0000] {logging_mixin.py:188} INFO - [2026-01-29T13:53:15.517+0000] {dag.py:3033} INFO - Sync 1 DAGs
[2026-01-29T13:53:15.549+0000] {processor.py:183} INFO - Processing /opt/airflow/dags/youtube_summary_dag.py took 0.093 seconds
[2026-01-29T13:53:45.698+0000] {processor.py:161} INFO - Started process (PID=614) to work on /opt/airflow/dags/youtube_summary_dag.py
[2026-01-29T13:53:45.699+0000] {processor.py:830} INFO - Processing file /opt/airflow/dags/youtube_summary_dag.py for tasks to queue
[2026-01-29T13:53:45.700+0000] {logging_mixin.py:188} INFO - [2026-01-29T13:53:45.699+0000] {dagbag.py:538} INFO - Filling up the DagBag from /opt/airflow/dags/youtube_summary_dag.py
[2026-01-29T13:53:45.722+0000] {processor.py:840} INFO - DAG(s) 'youtube_summary_system' retrieved from /opt/airflow/dags/youtube_summary_dag.py
[2026-01-29T13:53:45.753+0000] {logging_mixin.py:188} INFO - [2026-01-29T13:53:45.753+0000] {dag.py:3033} INFO - Sync 1 DAGs
[2026-01-29T13:53:45.782+0000] {processor.py:183} INFO - Processing /opt/airflow/dags/youtube_summary_dag.py took 0.086 seconds
[2026-01-29T13:54:15.870+0000] {processor.py:161} INFO - Started process (PID=635) to work on /opt/airflow/dags/youtube_summary_dag.py
[2026-01-29T13:54:15.871+0000] {processor.py:830} INFO - Processing file /opt/airflow/dags/youtube_summary_dag.py for tasks to queue
[2026-01-29T13:54:15.872+0000] {logging_mixin.py:188} INFO - [2026-01-29T13:54:15.872+0000] {dagbag.py:538} INFO - Filling up the DagBag from /opt/airflow/dags/youtube_summary_dag.py
[2026-01-29T13:54:15.900+0000] {processor.py:840} INFO - DAG(s) 'youtube_summary_system' retrieved from /opt/airflow/dags/youtube_summary_dag.py
[2026-01-29T13:54:15.938+0000] {logging_mixin.py:188} INFO - [2026-01-29T13:54:15.938+0000] {dag.py:3033} INFO - Sync 1 DAGs
[2026-01-29T13:54:15.988+0000] {processor.py:183} INFO - Processing /opt/airflow/dags/youtube_summary_dag.py took 0.122 seconds
[2026-01-29T13:54:46.095+0000] {processor.py:161} INFO - Started process (PID=664) to work on /opt/airflow/dags/youtube_summary_dag.py
[2026-01-29T13:54:46.096+0000] {processor.py:830} INFO - Processing file /opt/airflow/dags/youtube_summary_dag.py for tasks to queue
[2026-01-29T13:54:46.096+0000] {logging_mixin.py:188} INFO - [2026-01-29T13:54:46.096+0000] {dagbag.py:538} INFO - Filling up the DagBag from /opt/airflow/dags/youtube_summary_dag.py
[2026-01-29T13:54:46.122+0000] {processor.py:840} INFO - DAG(s) 'youtube_summary_system' retrieved from /opt/airflow/dags/youtube_summary_dag.py
[2026-01-29T13:54:46.156+0000] {logging_mixin.py:188} INFO - [2026-01-29T13:54:46.156+0000] {dag.py:3033} INFO - Sync 1 DAGs
[2026-01-29T13:54:46.186+0000] {processor.py:183} INFO - Processing /opt/airflow/dags/youtube_summary_dag.py took 0.094 seconds
[2026-01-29T13:55:16.295+0000] {processor.py:161} INFO - Started process (PID=685) to work on /opt/airflow/dags/youtube_summary_dag.py
[2026-01-29T13:55:16.296+0000] {processor.py:830} INFO - Processing file /opt/airflow/dags/youtube_summary_dag.py for tasks to queue
[2026-01-29T13:55:16.296+0000] {logging_mixin.py:188} INFO - [2026-01-29T13:55:16.296+0000] {dagbag.py:538} INFO - Filling up the DagBag from /opt/airflow/dags/youtube_summary_dag.py
[2026-01-29T13:55:16.325+0000] {processor.py:840} INFO - DAG(s) 'youtube_summary_system' retrieved from /opt/airflow/dags/youtube_summary_dag.py
[2026-01-29T13:55:16.355+0000] {logging_mixin.py:188} INFO - [2026-01-29T13:55:16.355+0000] {dag.py:3033} INFO - Sync 1 DAGs
[2026-01-29T13:55:16.384+0000] {processor.py:183} INFO - Processing /opt/airflow/dags/youtube_summary_dag.py took 0.092 seconds
[2026-01-29T13:55:46.493+0000] {processor.py:161} INFO - Started process (PID=715) to work on /opt/airflow/dags/youtube_summary_dag.py
[2026-01-29T13:55:46.493+0000] {processor.py:830} INFO - Processing file /opt/airflow/dags/youtube_summary_dag.py for tasks to queue
[2026-01-29T13:55:46.494+0000] {logging_mixin.py:188} INFO - [2026-01-29T13:55:46.494+0000] {dagbag.py:538} INFO - Filling up the DagBag from /opt/airflow/dags/youtube_summary_dag.py
[2026-01-29T13:55:46.517+0000] {processor.py:840} INFO - DAG(s) 'youtube_summary_system' retrieved from /opt/airflow/dags/youtube_summary_dag.py
[2026-01-29T13:55:46.548+0000] {logging_mixin.py:188} INFO - [2026-01-29T13:55:46.547+0000] {dag.py:3033} INFO - Sync 1 DAGs
[2026-01-29T13:55:46.576+0000] {processor.py:183} INFO - Processing /opt/airflow/dags/youtube_summary_dag.py took 0.087 seconds
[2026-01-29T13:56:16.690+0000] {processor.py:161} INFO - Started process (PID=744) to work on /opt/airflow/dags/youtube_summary_dag.py
[2026-01-29T13:56:16.690+0000] {processor.py:830} INFO - Processing file /opt/airflow/dags/youtube_summary_dag.py for tasks to queue
[2026-01-29T13:56:16.692+0000] {logging_mixin.py:188} INFO - [2026-01-29T13:56:16.691+0000] {dagbag.py:538} INFO - Filling up the DagBag from /opt/airflow/dags/youtube_summary_dag.py
[2026-01-29T13:56:16.716+0000] {processor.py:840} INFO - DAG(s) 'youtube_summary_system' retrieved from /opt/airflow/dags/youtube_summary_dag.py
[2026-01-29T13:56:16.747+0000] {logging_mixin.py:188} INFO - [2026-01-29T13:56:16.746+0000] {dag.py:3033} INFO - Sync 1 DAGs
[2026-01-29T13:56:16.776+0000] {processor.py:183} INFO - Processing /opt/airflow/dags/youtube_summary_dag.py took 0.089 seconds
[2026-01-29T13:56:46.904+0000] {processor.py:161} INFO - Started process (PID=765) to work on /opt/airflow/dags/youtube_summary_dag.py
[2026-01-29T13:56:46.905+0000] {processor.py:830} INFO - Processing file /opt/airflow/dags/youtube_summary_dag.py for tasks to queue
[2026-01-29T13:56:46.906+0000] {logging_mixin.py:188} INFO - [2026-01-29T13:56:46.906+0000] {dagbag.py:538} INFO - Filling up the DagBag from /opt/airflow/dags/youtube_summary_dag.py
[2026-01-29T13:56:46.928+0000] {processor.py:840} INFO - DAG(s) 'youtube_summary_system' retrieved from /opt/airflow/dags/youtube_summary_dag.py
[2026-01-29T13:56:46.957+0000] {logging_mixin.py:188} INFO - [2026-01-29T13:56:46.957+0000] {dag.py:3033} INFO - Sync 1 DAGs
[2026-01-29T13:56:46.990+0000] {processor.py:183} INFO - Processing /opt/airflow/dags/youtube_summary_dag.py took 0.088 seconds
[2026-01-29T13:57:17.072+0000] {processor.py:161} INFO - Started process (PID=794) to work on /opt/airflow/dags/youtube_summary_dag.py
[2026-01-29T13:57:17.073+0000] {processor.py:830} INFO - Processing file /opt/airflow/dags/youtube_summary_dag.py for tasks to queue
[2026-01-29T13:57:17.074+0000] {logging_mixin.py:188} INFO - [2026-01-29T13:57:17.074+0000] {dagbag.py:538} INFO - Filling up the DagBag from /opt/airflow/dags/youtube_summary_dag.py
[2026-01-29T13:57:17.100+0000] {processor.py:840} INFO - DAG(s) 'youtube_summary_system' retrieved from /opt/airflow/dags/youtube_summary_dag.py
[2026-01-29T13:57:17.137+0000] {logging_mixin.py:188} INFO - [2026-01-29T13:57:17.137+0000] {dag.py:3033} INFO - Sync 1 DAGs
[2026-01-29T13:57:17.171+0000] {processor.py:183} INFO - Processing /opt/airflow/dags/youtube_summary_dag.py took 0.103 seconds
