[2026-01-29T13:46:42.548+0000] {manager.py:469} INFO - Processing files using up to 2 processes at a time 
[2026-01-29T13:46:42.549+0000] {manager.py:470} INFO - Process each file at most once every 30 seconds
[2026-01-29T13:46:42.550+0000] {manager.py:471} INFO - Checking for new files in /opt/airflow/dags every 300 seconds
[2026-01-29T13:46:42.551+0000] {manager.py:738} INFO - Searching for files in /opt/airflow/dags
[2026-01-29T13:46:42.559+0000] {manager.py:741} INFO - There are 1 files in /opt/airflow/dags
[2026-01-29T13:46:42.641+0000] {manager.py:879} INFO - 
================================================================================
DAG File Processing Stats

File Path                                   PID  Runtime      # DAGs    # Errors  Last Runtime    Last Run
----------------------------------------  -----  ---------  --------  ----------  --------------  ----------
/opt/airflow/dags/youtube_summary_dag.py    207  0.03s             0           0
================================================================================
[2026-01-29T13:47:12.779+0000] {manager.py:879} INFO - 
================================================================================
DAG File Processing Stats

File Path                                 PID    Runtime      # DAGs    # Errors  Last Runtime    Last Run
----------------------------------------  -----  ---------  --------  ----------  --------------  -------------------
/opt/airflow/dags/youtube_summary_dag.py                           1           0  0.31s           2026-01-29T13:46:42
================================================================================
[2026-01-29T13:47:43.211+0000] {manager.py:879} INFO - 
================================================================================
DAG File Processing Stats

File Path                                   PID  Runtime      # DAGs    # Errors  Last Runtime    Last Run
----------------------------------------  -----  ---------  --------  ----------  --------------  -------------------
/opt/airflow/dags/youtube_summary_dag.py    294  0.00s             1           0  0.11s           2026-01-29T13:47:13
================================================================================
[2026-01-29T13:48:13.440+0000] {manager.py:879} INFO - 
================================================================================
DAG File Processing Stats

File Path                                   PID  Runtime      # DAGs    # Errors  Last Runtime    Last Run
----------------------------------------  -----  ---------  --------  ----------  --------------  -------------------
/opt/airflow/dags/youtube_summary_dag.py    327  0.01s             1           0  0.18s           2026-01-29T13:47:43
================================================================================
[2026-01-29T13:48:43.672+0000] {manager.py:879} INFO - 
================================================================================
DAG File Processing Stats

File Path                                   PID  Runtime      # DAGs    # Errors  Last Runtime    Last Run
----------------------------------------  -----  ---------  --------  ----------  --------------  -------------------
/opt/airflow/dags/youtube_summary_dag.py    348  0.01s             1           0  0.12s           2026-01-29T13:48:13
================================================================================
[2026-01-29T13:49:13.837+0000] {manager.py:879} INFO - 
================================================================================
DAG File Processing Stats

File Path                                   PID  Runtime      # DAGs    # Errors  Last Runtime    Last Run
----------------------------------------  -----  ---------  --------  ----------  --------------  -------------------
/opt/airflow/dags/youtube_summary_dag.py    377  0.00s             1           0  0.12s           2026-01-29T13:48:43
================================================================================
[2026-01-29T13:49:44.070+0000] {manager.py:879} INFO - 
================================================================================
DAG File Processing Stats

File Path                                   PID  Runtime      # DAGs    # Errors  Last Runtime    Last Run
----------------------------------------  -----  ---------  --------  ----------  --------------  -------------------
/opt/airflow/dags/youtube_summary_dag.py    398  0.01s             1           0  0.12s           2026-01-29T13:49:13
================================================================================
[2026-01-29T13:50:14.235+0000] {manager.py:879} INFO - 
================================================================================
DAG File Processing Stats

File Path                                   PID  Runtime      # DAGs    # Errors  Last Runtime    Last Run
----------------------------------------  -----  ---------  --------  ----------  --------------  -------------------
/opt/airflow/dags/youtube_summary_dag.py    427  0.00s             1           0  0.12s           2026-01-29T13:49:44
================================================================================
[2026-01-29T13:50:44.475+0000] {manager.py:879} INFO - 
================================================================================
DAG File Processing Stats

File Path                                   PID  Runtime      # DAGs    # Errors  Last Runtime    Last Run
----------------------------------------  -----  ---------  --------  ----------  --------------  -------------------
/opt/airflow/dags/youtube_summary_dag.py    448  0.00s             1           0  0.11s           2026-01-29T13:50:14
================================================================================
[2026-01-29T13:51:14.645+0000] {manager.py:879} INFO - 
================================================================================
DAG File Processing Stats

File Path                                   PID  Runtime      # DAGs    # Errors  Last Runtime    Last Run
----------------------------------------  -----  ---------  --------  ----------  --------------  -------------------
/opt/airflow/dags/youtube_summary_dag.py    477  0.01s             1           0  0.12s           2026-01-29T13:50:44
================================================================================
[2026-01-29T13:51:42.832+0000] {manager.py:738} INFO - Searching for files in /opt/airflow/dags
[2026-01-29T13:51:42.848+0000] {manager.py:741} INFO - There are 1 files in /opt/airflow/dags
[2026-01-29T13:51:44.880+0000] {manager.py:879} INFO - 
================================================================================
DAG File Processing Stats

File Path                                   PID  Runtime      # DAGs    # Errors  Last Runtime    Last Run
----------------------------------------  -----  ---------  --------  ----------  --------------  -------------------
/opt/airflow/dags/youtube_summary_dag.py    498  0.00s             1           0  0.12s           2026-01-29T13:51:14
================================================================================
[2026-01-29T13:52:15.048+0000] {manager.py:879} INFO - 
================================================================================
DAG File Processing Stats

File Path                                   PID  Runtime      # DAGs    # Errors  Last Runtime    Last Run
----------------------------------------  -----  ---------  --------  ----------  --------------  -------------------
/opt/airflow/dags/youtube_summary_dag.py    527  0.00s             1           0  0.12s           2026-01-29T13:51:44
================================================================================
[2026-01-29T13:52:45.278+0000] {manager.py:879} INFO - 
================================================================================
DAG File Processing Stats

File Path                                   PID  Runtime      # DAGs    # Errors  Last Runtime    Last Run
----------------------------------------  -----  ---------  --------  ----------  --------------  -------------------
/opt/airflow/dags/youtube_summary_dag.py    556  0.01s             1           0  0.11s           2026-01-29T13:52:15
================================================================================
[2026-01-29T13:53:15.445+0000] {manager.py:879} INFO - 
================================================================================
DAG File Processing Stats

File Path                                   PID  Runtime      # DAGs    # Errors  Last Runtime    Last Run
----------------------------------------  -----  ---------  --------  ----------  --------------  -------------------
/opt/airflow/dags/youtube_summary_dag.py    585  0.00s             1           0  0.13s           2026-01-29T13:52:45
================================================================================
[2026-01-29T13:53:45.685+0000] {manager.py:879} INFO - 
================================================================================
DAG File Processing Stats

File Path                                   PID  Runtime      # DAGs    # Errors  Last Runtime    Last Run
----------------------------------------  -----  ---------  --------  ----------  --------------  -------------------
/opt/airflow/dags/youtube_summary_dag.py    614  0.00s             1           0  0.12s           2026-01-29T13:53:15
================================================================================
[2026-01-29T13:54:15.854+0000] {manager.py:879} INFO - 
================================================================================
DAG File Processing Stats

File Path                                   PID  Runtime      # DAGs    # Errors  Last Runtime    Last Run
----------------------------------------  -----  ---------  --------  ----------  --------------  -------------------
/opt/airflow/dags/youtube_summary_dag.py    635  0.01s             1           0  0.11s           2026-01-29T13:53:45
================================================================================
[2026-01-29T13:54:46.080+0000] {manager.py:879} INFO - 
================================================================================
DAG File Processing Stats

File Path                                   PID  Runtime      # DAGs    # Errors  Last Runtime    Last Run
----------------------------------------  -----  ---------  --------  ----------  --------------  -------------------
/opt/airflow/dags/youtube_summary_dag.py    664  0.01s             1           0  0.16s           2026-01-29T13:54:16
================================================================================
[2026-01-29T13:55:16.282+0000] {manager.py:879} INFO - 
================================================================================
DAG File Processing Stats

File Path                                   PID  Runtime      # DAGs    # Errors  Last Runtime    Last Run
----------------------------------------  -----  ---------  --------  ----------  --------------  -------------------
/opt/airflow/dags/youtube_summary_dag.py    685  0.01s             1           0  0.12s           2026-01-29T13:54:46
================================================================================
[2026-01-29T13:55:46.480+0000] {manager.py:879} INFO - 
================================================================================
DAG File Processing Stats

File Path                                   PID  Runtime      # DAGs    # Errors  Last Runtime    Last Run
----------------------------------------  -----  ---------  --------  ----------  --------------  -------------------
/opt/airflow/dags/youtube_summary_dag.py    715  0.00s             1           0  0.12s           2026-01-29T13:55:16
================================================================================
[2026-01-29T13:56:16.677+0000] {manager.py:879} INFO - 
================================================================================
DAG File Processing Stats

File Path                                   PID  Runtime      # DAGs    # Errors  Last Runtime    Last Run
----------------------------------------  -----  ---------  --------  ----------  --------------  -------------------
/opt/airflow/dags/youtube_summary_dag.py    744  0.00s             1           0  0.12s           2026-01-29T13:55:46
================================================================================
[2026-01-29T13:56:42.833+0000] {manager.py:738} INFO - Searching for files in /opt/airflow/dags
[2026-01-29T13:56:42.849+0000] {manager.py:741} INFO - There are 1 files in /opt/airflow/dags
[2026-01-29T13:56:46.892+0000] {manager.py:879} INFO - 
================================================================================
DAG File Processing Stats

File Path                                   PID  Runtime      # DAGs    # Errors  Last Runtime    Last Run
----------------------------------------  -----  ---------  --------  ----------  --------------  -------------------
/opt/airflow/dags/youtube_summary_dag.py    765  0.00s             1           0  0.12s           2026-01-29T13:56:16
================================================================================
[2026-01-29T13:57:17.059+0000] {manager.py:879} INFO - 
================================================================================
DAG File Processing Stats

File Path                                   PID  Runtime      # DAGs    # Errors  Last Runtime    Last Run
----------------------------------------  -----  ---------  --------  ----------  --------------  -------------------
/opt/airflow/dags/youtube_summary_dag.py    794  0.01s             1           0  0.12s           2026-01-29T13:56:47
================================================================================
[2026-01-29T13:57:33.608+0000] {manager.py:451} INFO - Exiting gracefully upon receiving signal 15
